Test Userspace Execution	Set up job	﻿2025-07-24T12:57:43.7760333Z Current runner version: '2.326.0'
Test Userspace Execution	Set up job	2025-07-24T12:57:43.7793669Z ##[group]Runner Image Provisioner
Test Userspace Execution	Set up job	2025-07-24T12:57:43.7794950Z Hosted Compute Agent
Test Userspace Execution	Set up job	2025-07-24T12:57:43.7795802Z Version: 20250711.363
Test Userspace Execution	Set up job	2025-07-24T12:57:43.7796711Z Commit: 6785254374ce925a23743850c1cb91912ce5c14c
Test Userspace Execution	Set up job	2025-07-24T12:57:43.7797839Z Build Date: 2025-07-11T20:04:25Z
Test Userspace Execution	Set up job	2025-07-24T12:57:43.7798803Z ##[endgroup]
Test Userspace Execution	Set up job	2025-07-24T12:57:43.7799668Z ##[group]Operating System
Test Userspace Execution	Set up job	2025-07-24T12:57:43.7800815Z Ubuntu
Test Userspace Execution	Set up job	2025-07-24T12:57:43.7801566Z 24.04.2
Test Userspace Execution	Set up job	2025-07-24T12:57:43.7802269Z LTS
Test Userspace Execution	Set up job	2025-07-24T12:57:43.7803119Z ##[endgroup]
Test Userspace Execution	Set up job	2025-07-24T12:57:43.7803842Z ##[group]Runner Image
Test Userspace Execution	Set up job	2025-07-24T12:57:43.7804723Z Image: ubuntu-24.04
Test Userspace Execution	Set up job	2025-07-24T12:57:43.7805595Z Version: 20250720.1.0
Test Userspace Execution	Set up job	2025-07-24T12:57:43.7807315Z Included Software: https://github.com/actions/runner-images/blob/ubuntu24/20250720.1/images/ubuntu/Ubuntu2404-Readme.md
Test Userspace Execution	Set up job	2025-07-24T12:57:43.7809662Z Image Release: https://github.com/actions/runner-images/releases/tag/ubuntu24%2F20250720.1
Test Userspace Execution	Set up job	2025-07-24T12:57:43.7811773Z ##[endgroup]
Test Userspace Execution	Set up job	2025-07-24T12:57:43.7816056Z ##[group]GITHUB_TOKEN Permissions
Test Userspace Execution	Set up job	2025-07-24T12:57:43.7818832Z Actions: write
Test Userspace Execution	Set up job	2025-07-24T12:57:43.7819602Z Attestations: write
Test Userspace Execution	Set up job	2025-07-24T12:57:43.7820712Z Checks: write
Test Userspace Execution	Set up job	2025-07-24T12:57:43.7821506Z Contents: write
Test Userspace Execution	Set up job	2025-07-24T12:57:43.7822355Z Deployments: write
Test Userspace Execution	Set up job	2025-07-24T12:57:43.7823422Z Discussions: write
Test Userspace Execution	Set up job	2025-07-24T12:57:43.7824172Z Issues: write
Test Userspace Execution	Set up job	2025-07-24T12:57:43.7824943Z Metadata: read
Test Userspace Execution	Set up job	2025-07-24T12:57:43.7825764Z Models: read
Test Userspace Execution	Set up job	2025-07-24T12:57:43.7826520Z Packages: write
Test Userspace Execution	Set up job	2025-07-24T12:57:43.7827364Z Pages: write
Test Userspace Execution	Set up job	2025-07-24T12:57:43.7828308Z PullRequests: write
Test Userspace Execution	Set up job	2025-07-24T12:57:43.7829104Z RepositoryProjects: write
Test Userspace Execution	Set up job	2025-07-24T12:57:43.7829961Z SecurityEvents: write
Test Userspace Execution	Set up job	2025-07-24T12:57:43.7831288Z Statuses: write
Test Userspace Execution	Set up job	2025-07-24T12:57:43.7832063Z ##[endgroup]
Test Userspace Execution	Set up job	2025-07-24T12:57:43.7835373Z Secret source: Actions
Test Userspace Execution	Set up job	2025-07-24T12:57:43.7836402Z Prepare workflow directory
Test Userspace Execution	Set up job	2025-07-24T12:57:43.8372969Z Prepare all required actions
Test Userspace Execution	Set up job	2025-07-24T12:57:43.8426795Z Getting action download info
Test Userspace Execution	Set up job	2025-07-24T12:57:44.1707982Z ##[group]Download immutable action package 'actions/checkout@v4'
Test Userspace Execution	Set up job	2025-07-24T12:57:44.1709017Z Version: 4.2.2
Test Userspace Execution	Set up job	2025-07-24T12:57:44.1709977Z Digest: sha256:ccb2698953eaebd21c7bf6268a94f9c26518a7e38e27e0b83c1fe1ad049819b1
Test Userspace Execution	Set up job	2025-07-24T12:57:44.1711858Z Source commit SHA: 11bd71901bbe5b1630ceea73d27597364c9af683
Test Userspace Execution	Set up job	2025-07-24T12:57:44.1712618Z ##[endgroup]
Test Userspace Execution	Set up job	2025-07-24T12:57:44.2566060Z Download action repository 'dtolnay/rust-toolchain@master' (SHA:b3b07ba8b418998c39fb20f53e8b695cdcc8de1b)
Test Userspace Execution	Set up job	2025-07-24T12:57:44.4251861Z ##[group]Download immutable action package 'actions/cache@v4'
Test Userspace Execution	Set up job	2025-07-24T12:57:44.4252609Z Version: 4.2.3
Test Userspace Execution	Set up job	2025-07-24T12:57:44.4253404Z Digest: sha256:c8a3bb963e1f1826d8fcc8d1354f0dd29d8ac1db1d4f6f20247055ae11b81ed9
Test Userspace Execution	Set up job	2025-07-24T12:57:44.4254407Z Source commit SHA: 5a3ec84eff668545956fd18022155c47e93e2684
Test Userspace Execution	Set up job	2025-07-24T12:57:44.4255050Z ##[endgroup]
Test Userspace Execution	Set up job	2025-07-24T12:57:44.5249963Z ##[group]Download immutable action package 'actions/upload-artifact@v4'
Test Userspace Execution	Set up job	2025-07-24T12:57:44.5251053Z Version: 4.6.2
Test Userspace Execution	Set up job	2025-07-24T12:57:44.5251813Z Digest: sha256:290722aa3281d5caf23d0acdc3dbeb3424786a1a01a9cc97e72f147225e37c38
Test Userspace Execution	Set up job	2025-07-24T12:57:44.5252762Z Source commit SHA: ea165f8d65b6e75b540449e92b4886f43607fa02
Test Userspace Execution	Set up job	2025-07-24T12:57:44.5253470Z ##[endgroup]
Test Userspace Execution	Set up job	2025-07-24T12:57:44.7488384Z Complete job name: Test Userspace Execution
Test Userspace Execution	Checkout code	﻿2025-07-24T12:57:44.8143671Z ##[group]Run actions/checkout@v4
Test Userspace Execution	Checkout code	2025-07-24T12:57:44.8144488Z with:
Test Userspace Execution	Checkout code	2025-07-24T12:57:44.8144875Z   repository: ryanbreen/breenix
Test Userspace Execution	Checkout code	2025-07-24T12:57:44.8145496Z   token: ***
Test Userspace Execution	Checkout code	2025-07-24T12:57:44.8145868Z   ssh-strict: true
Test Userspace Execution	Checkout code	2025-07-24T12:57:44.8146237Z   ssh-user: git
Test Userspace Execution	Checkout code	2025-07-24T12:57:44.8146628Z   persist-credentials: true
Test Userspace Execution	Checkout code	2025-07-24T12:57:44.8147049Z   clean: true
Test Userspace Execution	Checkout code	2025-07-24T12:57:44.8147435Z   sparse-checkout-cone-mode: true
Test Userspace Execution	Checkout code	2025-07-24T12:57:44.8147889Z   fetch-depth: 1
Test Userspace Execution	Checkout code	2025-07-24T12:57:44.8148255Z   fetch-tags: false
Test Userspace Execution	Checkout code	2025-07-24T12:57:44.8148631Z   show-progress: true
Test Userspace Execution	Checkout code	2025-07-24T12:57:44.8149012Z   lfs: false
Test Userspace Execution	Checkout code	2025-07-24T12:57:44.8149360Z   submodules: false
Test Userspace Execution	Checkout code	2025-07-24T12:57:44.8150003Z   set-safe-directory: true
Test Userspace Execution	Checkout code	2025-07-24T12:57:44.8150977Z env:
Test Userspace Execution	Checkout code	2025-07-24T12:57:44.8151388Z   RUST_BACKTRACE: 1
Test Userspace Execution	Checkout code	2025-07-24T12:57:44.8151773Z ##[endgroup]
Test Userspace Execution	Checkout code	2025-07-24T12:57:44.9206571Z Syncing repository: ryanbreen/breenix
Test Userspace Execution	Checkout code	2025-07-24T12:57:44.9208204Z ##[group]Getting Git version info
Test Userspace Execution	Checkout code	2025-07-24T12:57:44.9208893Z Working directory is '/home/runner/work/breenix/breenix'
Test Userspace Execution	Checkout code	2025-07-24T12:57:44.9209980Z [command]/usr/bin/git version
Test Userspace Execution	Checkout code	2025-07-24T12:57:44.9238914Z git version 2.50.1
Test Userspace Execution	Checkout code	2025-07-24T12:57:44.9264420Z ##[endgroup]
Test Userspace Execution	Checkout code	2025-07-24T12:57:44.9277500Z Temporarily overriding HOME='/home/runner/work/_temp/f35784c3-f7a0-428d-afb8-a24595df5fd9' before making global git config changes
Test Userspace Execution	Checkout code	2025-07-24T12:57:44.9278857Z Adding repository directory to the temporary git global config as a safe directory
Test Userspace Execution	Checkout code	2025-07-24T12:57:44.9289044Z [command]/usr/bin/git config --global --add safe.directory /home/runner/work/breenix/breenix
Test Userspace Execution	Checkout code	2025-07-24T12:57:44.9322514Z Deleting the contents of '/home/runner/work/breenix/breenix'
Test Userspace Execution	Checkout code	2025-07-24T12:57:44.9325949Z ##[group]Initializing the repository
Test Userspace Execution	Checkout code	2025-07-24T12:57:44.9329533Z [command]/usr/bin/git init /home/runner/work/breenix/breenix
Test Userspace Execution	Checkout code	2025-07-24T12:57:44.9385199Z hint: Using 'master' as the name for the initial branch. This default branch name
Test Userspace Execution	Checkout code	2025-07-24T12:57:44.9386790Z hint: is subject to change. To configure the initial branch name to use in all
Test Userspace Execution	Checkout code	2025-07-24T12:57:44.9388266Z hint: of your new repositories, which will suppress this warning, call:
Test Userspace Execution	Checkout code	2025-07-24T12:57:44.9389147Z hint:
Test Userspace Execution	Checkout code	2025-07-24T12:57:44.9389622Z hint: 	git config --global init.defaultBranch <name>
Test Userspace Execution	Checkout code	2025-07-24T12:57:44.9390158Z hint:
Test Userspace Execution	Checkout code	2025-07-24T12:57:44.9390948Z hint: Names commonly chosen instead of 'master' are 'main', 'trunk' and
Test Userspace Execution	Checkout code	2025-07-24T12:57:44.9391822Z hint: 'development'. The just-created branch can be renamed via this command:
Test Userspace Execution	Checkout code	2025-07-24T12:57:44.9392534Z hint:
Test Userspace Execution	Checkout code	2025-07-24T12:57:44.9393131Z hint: 	git branch -m <name>
Test Userspace Execution	Checkout code	2025-07-24T12:57:44.9393780Z hint:
Test Userspace Execution	Checkout code	2025-07-24T12:57:44.9394348Z hint: Disable this message with "git config set advice.defaultBranchName false"
Test Userspace Execution	Checkout code	2025-07-24T12:57:44.9395243Z Initialized empty Git repository in /home/runner/work/breenix/breenix/.git/
Test Userspace Execution	Checkout code	2025-07-24T12:57:44.9398100Z [command]/usr/bin/git remote add origin https://github.com/ryanbreen/breenix
Test Userspace Execution	Checkout code	2025-07-24T12:57:44.9428674Z ##[endgroup]
Test Userspace Execution	Checkout code	2025-07-24T12:57:44.9429383Z ##[group]Disabling automatic garbage collection
Test Userspace Execution	Checkout code	2025-07-24T12:57:44.9432695Z [command]/usr/bin/git config --local gc.auto 0
Test Userspace Execution	Checkout code	2025-07-24T12:57:44.9460099Z ##[endgroup]
Test Userspace Execution	Checkout code	2025-07-24T12:57:44.9460931Z ##[group]Setting up auth
Test Userspace Execution	Checkout code	2025-07-24T12:57:44.9466449Z [command]/usr/bin/git config --local --name-only --get-regexp core\.sshCommand
Test Userspace Execution	Checkout code	2025-07-24T12:57:44.9495038Z [command]/usr/bin/git submodule foreach --recursive sh -c "git config --local --name-only --get-regexp 'core\.sshCommand' && git config --local --unset-all 'core.sshCommand' || :"
Test Userspace Execution	Checkout code	2025-07-24T12:57:44.9749992Z [command]/usr/bin/git config --local --name-only --get-regexp http\.https\:\/\/github\.com\/\.extraheader
Test Userspace Execution	Checkout code	2025-07-24T12:57:44.9777797Z [command]/usr/bin/git submodule foreach --recursive sh -c "git config --local --name-only --get-regexp 'http\.https\:\/\/github\.com\/\.extraheader' && git config --local --unset-all 'http.https://github.com/.extraheader' || :"
Test Userspace Execution	Checkout code	2025-07-24T12:57:44.9995088Z [command]/usr/bin/git config --local http.https://github.com/.extraheader AUTHORIZATION: basic ***
Test Userspace Execution	Checkout code	2025-07-24T12:57:45.0037183Z ##[endgroup]
Test Userspace Execution	Checkout code	2025-07-24T12:57:45.0038022Z ##[group]Fetching the repository
Test Userspace Execution	Checkout code	2025-07-24T12:57:45.0045367Z [command]/usr/bin/git -c protocol.version=2 fetch --no-tags --prune --no-recurse-submodules --depth=1 origin +431fa98201752a707a394d3d350ae205c098a140:refs/remotes/origin/sanity-check-happy-ring-3
Test Userspace Execution	Checkout code	2025-07-24T12:57:45.2206611Z From https://github.com/ryanbreen/breenix
Test Userspace Execution	Checkout code	2025-07-24T12:57:45.2208622Z  * [new ref]         431fa98201752a707a394d3d350ae205c098a140 -> origin/sanity-check-happy-ring-3
Test Userspace Execution	Checkout code	2025-07-24T12:57:45.2232417Z ##[endgroup]
Test Userspace Execution	Checkout code	2025-07-24T12:57:45.2233692Z ##[group]Determining the checkout info
Test Userspace Execution	Checkout code	2025-07-24T12:57:45.2235583Z ##[endgroup]
Test Userspace Execution	Checkout code	2025-07-24T12:57:45.2241063Z [command]/usr/bin/git sparse-checkout disable
Test Userspace Execution	Checkout code	2025-07-24T12:57:45.2279329Z [command]/usr/bin/git config --local --unset-all extensions.worktreeConfig
Test Userspace Execution	Checkout code	2025-07-24T12:57:45.2308436Z ##[group]Checking out the ref
Test Userspace Execution	Checkout code	2025-07-24T12:57:45.2311477Z [command]/usr/bin/git checkout --progress --force -B sanity-check-happy-ring-3 refs/remotes/origin/sanity-check-happy-ring-3
Test Userspace Execution	Checkout code	2025-07-24T12:57:45.2464909Z Switched to a new branch 'sanity-check-happy-ring-3'
Test Userspace Execution	Checkout code	2025-07-24T12:57:45.2467577Z branch 'sanity-check-happy-ring-3' set up to track 'origin/sanity-check-happy-ring-3'.
Test Userspace Execution	Checkout code	2025-07-24T12:57:45.2473369Z ##[endgroup]
Test Userspace Execution	Checkout code	2025-07-24T12:57:45.2506720Z [command]/usr/bin/git log -1 --format=%H
Test Userspace Execution	Checkout code	2025-07-24T12:57:45.2528834Z 431fa98201752a707a394d3d350ae205c098a140
Test Userspace Execution	Install QEMU and build dependencies	﻿2025-07-24T12:57:45.2726246Z ##[group]Run sudo apt-get update
Test Userspace Execution	Install QEMU and build dependencies	2025-07-24T12:57:45.2727454Z [36;1msudo apt-get update[0m
Test Userspace Execution	Install QEMU and build dependencies	2025-07-24T12:57:45.2728632Z [36;1msudo apt-get install -y qemu-system-x86 nasm[0m
Test Userspace Execution	Install QEMU and build dependencies	2025-07-24T12:57:45.2761340Z shell: /usr/bin/bash -e {0}
Test Userspace Execution	Install QEMU and build dependencies	2025-07-24T12:57:45.2762341Z env:
Test Userspace Execution	Install QEMU and build dependencies	2025-07-24T12:57:45.2763083Z   RUST_BACKTRACE: 1
Test Userspace Execution	Install QEMU and build dependencies	2025-07-24T12:57:45.2763913Z ##[endgroup]
Test Userspace Execution	Install QEMU and build dependencies	2025-07-24T12:57:45.3612724Z Get:1 file:/etc/apt/apt-mirrors.txt Mirrorlist [144 B]
Test Userspace Execution	Install QEMU and build dependencies	2025-07-24T12:57:45.3999103Z Hit:2 http://azure.archive.ubuntu.com/ubuntu noble InRelease
Test Userspace Execution	Install QEMU and build dependencies	2025-07-24T12:57:45.4004208Z Hit:6 https://packages.microsoft.com/repos/azure-cli noble InRelease
Test Userspace Execution	Install QEMU and build dependencies	2025-07-24T12:57:45.4011580Z Get:7 https://packages.microsoft.com/ubuntu/24.04/prod noble InRelease [3600 B]
Test Userspace Execution	Install QEMU and build dependencies	2025-07-24T12:57:45.4023039Z Get:3 http://azure.archive.ubuntu.com/ubuntu noble-updates InRelease [126 kB]
Test Userspace Execution	Install QEMU and build dependencies	2025-07-24T12:57:45.4054663Z Get:4 http://azure.archive.ubuntu.com/ubuntu noble-backports InRelease [126 kB]
Test Userspace Execution	Install QEMU and build dependencies	2025-07-24T12:57:45.4094015Z Get:5 http://azure.archive.ubuntu.com/ubuntu noble-security InRelease [126 kB]
Test Userspace Execution	Install QEMU and build dependencies	2025-07-24T12:57:45.5709909Z Get:8 https://packages.microsoft.com/ubuntu/24.04/prod noble/main arm64 Packages [29.1 kB]
Test Userspace Execution	Install QEMU and build dependencies	2025-07-24T12:57:45.5799989Z Get:9 https://packages.microsoft.com/ubuntu/24.04/prod noble/main armhf Packages [9488 B]
Test Userspace Execution	Install QEMU and build dependencies	2025-07-24T12:57:45.5837980Z Get:10 https://packages.microsoft.com/ubuntu/24.04/prod noble/main amd64 Packages [43.5 kB]
Test Userspace Execution	Install QEMU and build dependencies	2025-07-24T12:57:45.5864523Z Get:11 https://packages.microsoft.com/ubuntu/24.04/prod noble/main all Packages [643 B]
Test Userspace Execution	Install QEMU and build dependencies	2025-07-24T12:57:45.6173780Z Get:12 http://azure.archive.ubuntu.com/ubuntu noble-updates/main amd64 Packages [1281 kB]
Test Userspace Execution	Install QEMU and build dependencies	2025-07-24T12:57:45.6245126Z Get:13 http://azure.archive.ubuntu.com/ubuntu noble-updates/main Translation-en [260 kB]
Test Userspace Execution	Install QEMU and build dependencies	2025-07-24T12:57:45.6268139Z Get:14 http://azure.archive.ubuntu.com/ubuntu noble-updates/main amd64 Components [163 kB]
Test Userspace Execution	Install QEMU and build dependencies	2025-07-24T12:57:45.6285685Z Get:15 http://azure.archive.ubuntu.com/ubuntu noble-updates/universe amd64 Packages [1112 kB]
Test Userspace Execution	Install QEMU and build dependencies	2025-07-24T12:57:45.6341833Z Get:16 http://azure.archive.ubuntu.com/ubuntu noble-updates/universe Translation-en [284 kB]
Test Userspace Execution	Install QEMU and build dependencies	2025-07-24T12:57:45.6367557Z Get:17 http://azure.archive.ubuntu.com/ubuntu noble-updates/universe amd64 Components [377 kB]
Test Userspace Execution	Install QEMU and build dependencies	2025-07-24T12:57:45.6397626Z Get:18 http://azure.archive.ubuntu.com/ubuntu noble-updates/restricted amd64 Packages [1572 kB]
Test Userspace Execution	Install QEMU and build dependencies	2025-07-24T12:57:45.6493044Z Get:19 http://azure.archive.ubuntu.com/ubuntu noble-updates/restricted Translation-en [341 kB]
Test Userspace Execution	Install QEMU and build dependencies	2025-07-24T12:57:45.6523330Z Get:20 http://azure.archive.ubuntu.com/ubuntu noble-updates/restricted amd64 Components [212 B]
Test Userspace Execution	Install QEMU and build dependencies	2025-07-24T12:57:45.6531215Z Get:21 http://azure.archive.ubuntu.com/ubuntu noble-updates/multiverse amd64 Components [940 B]
Test Userspace Execution	Install QEMU and build dependencies	2025-07-24T12:57:45.7161473Z Get:22 http://azure.archive.ubuntu.com/ubuntu noble-backports/main amd64 Components [7060 B]
Test Userspace Execution	Install QEMU and build dependencies	2025-07-24T12:57:45.7172382Z Get:23 http://azure.archive.ubuntu.com/ubuntu noble-backports/universe amd64 Components [28.3 kB]
Test Userspace Execution	Install QEMU and build dependencies	2025-07-24T12:57:45.7184576Z Get:24 http://azure.archive.ubuntu.com/ubuntu noble-backports/restricted amd64 Components [216 B]
Test Userspace Execution	Install QEMU and build dependencies	2025-07-24T12:57:45.7193510Z Get:25 http://azure.archive.ubuntu.com/ubuntu noble-backports/multiverse amd64 Components [212 B]
Test Userspace Execution	Install QEMU and build dependencies	2025-07-24T12:57:45.7261093Z Get:26 http://azure.archive.ubuntu.com/ubuntu noble-security/main amd64 Packages [1023 kB]
Test Userspace Execution	Install QEMU and build dependencies	2025-07-24T12:57:45.7332057Z Get:27 http://azure.archive.ubuntu.com/ubuntu noble-security/main Translation-en [179 kB]
Test Userspace Execution	Install QEMU and build dependencies	2025-07-24T12:57:45.7348459Z Get:28 http://azure.archive.ubuntu.com/ubuntu noble-security/main amd64 Components [21.6 kB]
Test Userspace Execution	Install QEMU and build dependencies	2025-07-24T12:57:45.7358509Z Get:29 http://azure.archive.ubuntu.com/ubuntu noble-security/universe amd64 Packages [876 kB]
Test Userspace Execution	Install QEMU and build dependencies	2025-07-24T12:57:45.7457464Z Get:30 http://azure.archive.ubuntu.com/ubuntu noble-security/universe Translation-en [193 kB]
Test Userspace Execution	Install QEMU and build dependencies	2025-07-24T12:57:45.7459174Z Get:31 http://azure.archive.ubuntu.com/ubuntu noble-security/universe amd64 Components [52.2 kB]
Test Userspace Execution	Install QEMU and build dependencies	2025-07-24T12:57:45.7461106Z Get:32 http://azure.archive.ubuntu.com/ubuntu noble-security/restricted amd64 Packages [1484 kB]
Test Userspace Execution	Install QEMU and build dependencies	2025-07-24T12:57:45.7537315Z Get:33 http://azure.archive.ubuntu.com/ubuntu noble-security/restricted Translation-en [323 kB]
Test Userspace Execution	Install QEMU and build dependencies	2025-07-24T12:57:45.7564982Z Get:34 http://azure.archive.ubuntu.com/ubuntu noble-security/restricted amd64 Components [212 B]
Test Userspace Execution	Install QEMU and build dependencies	2025-07-24T12:57:45.7571442Z Get:35 http://azure.archive.ubuntu.com/ubuntu noble-security/multiverse amd64 Components [212 B]
Test Userspace Execution	Install QEMU and build dependencies	2025-07-24T12:57:49.4519218Z Fetched 10.0 MB in 1s (7903 kB/s)
Test Userspace Execution	Install QEMU and build dependencies	2025-07-24T12:57:50.1081594Z Reading package lists...
Test Userspace Execution	Install QEMU and build dependencies	2025-07-24T12:57:50.1392299Z Reading package lists...
Test Userspace Execution	Install QEMU and build dependencies	2025-07-24T12:57:50.2871131Z Building dependency tree...
Test Userspace Execution	Install QEMU and build dependencies	2025-07-24T12:57:50.2878180Z Reading state information...
Test Userspace Execution	Install QEMU and build dependencies	2025-07-24T12:57:50.4266262Z The following additional packages will be installed:
Test Userspace Execution	Install QEMU and build dependencies	2025-07-24T12:57:50.4267565Z   cpu-checker glib-networking glib-networking-common glib-networking-services
Test Userspace Execution	Install QEMU and build dependencies	2025-07-24T12:57:50.4268485Z   gsettings-desktop-schemas gstreamer1.0-plugins-base
Test Userspace Execution	Install QEMU and build dependencies	2025-07-24T12:57:50.4269214Z   gstreamer1.0-plugins-good gstreamer1.0-x ipxe-qemu
Test Userspace Execution	Install QEMU and build dependencies	2025-07-24T12:57:50.4270059Z   ipxe-qemu-256k-compat-efi-roms libaa1 libasyncns0 libavc1394-0
Test Userspace Execution	Install QEMU and build dependencies	2025-07-24T12:57:50.4271101Z   libboost-iostreams1.83.0 libboost-thread1.83.0 libbrlapi0.8 libcaca0
Test Userspace Execution	Install QEMU and build dependencies	2025-07-24T12:57:50.4271905Z   libcacard0 libcdparanoia0 libdaxctl1 libdecor-0-0 libdecor-0-plugin-1-gtk
Test Userspace Execution	Install QEMU and build dependencies	2025-07-24T12:57:50.4272675Z   libdv4t64 libfdt1 libflac12t64 libgstreamer-plugins-base1.0-0
Test Userspace Execution	Install QEMU and build dependencies	2025-07-24T12:57:50.4273432Z   libgstreamer-plugins-good1.0-0 libiec61883-0 libiscsi7 libjack-jackd2-0
Test Userspace Execution	Install QEMU and build dependencies	2025-07-24T12:57:50.4274245Z   libmp3lame0 libmpg123-0t64 libndctl6 libnfs14 libopus0 liborc-0.4-0t64
Test Userspace Execution	Install QEMU and build dependencies	2025-07-24T12:57:50.4275035Z   libpcsclite1 libpipewire-0.3-0t64 libpipewire-0.3-common libpmem1
Test Userspace Execution	Install QEMU and build dependencies	2025-07-24T12:57:50.4275746Z   libpmemobj1 libproxy1v5 libpulse0 librados2 libraw1394-11 librbd1
Test Userspace Execution	Install QEMU and build dependencies	2025-07-24T12:57:50.4276286Z   librdmacm1t64 libsamplerate0 libsdl2-2.0-0 libshout3 libsndfile1
Test Userspace Execution	Install QEMU and build dependencies	2025-07-24T12:57:50.4276689Z   libsoup-3.0-0 libsoup-3.0-common libspa-0.2-modules libspeex1
Test Userspace Execution	Install QEMU and build dependencies	2025-07-24T12:57:50.4277143Z   libspice-server1 libtag1v5 libtag1v5-vanilla libtheora0 libtwolame0
Test Userspace Execution	Install QEMU and build dependencies	2025-07-24T12:57:50.4277558Z   liburing2 libusbredirparser1t64 libv4l-0t64 libv4lconvert0t64
Test Userspace Execution	Install QEMU and build dependencies	2025-07-24T12:57:50.4277989Z   libvirglrenderer1 libvisual-0.4-0 libvorbisenc2 libvpx9 libvte-2.91-0
Test Userspace Execution	Install QEMU and build dependencies	2025-07-24T12:57:50.4278649Z   libvte-2.91-common libwavpack1 libwebrtc-audio-processing1 libxv1 msr-tools
Test Userspace Execution	Install QEMU and build dependencies	2025-07-24T12:57:50.4279408Z   ovmf qemu-block-extra qemu-system-common qemu-system-data qemu-system-gui
Test Userspace Execution	Install QEMU and build dependencies	2025-07-24T12:57:50.4280172Z   qemu-system-modules-opengl qemu-system-modules-spice qemu-utils seabios
Test Userspace Execution	Install QEMU and build dependencies	2025-07-24T12:57:50.4280758Z   session-migration
Test Userspace Execution	Install QEMU and build dependencies	2025-07-24T12:57:50.4281216Z Suggested packages:
Test Userspace Execution	Install QEMU and build dependencies	2025-07-24T12:57:50.4281743Z   gvfs libdv-bin oss-compat libvisual-0.4-plugins jackd2 opus-tools pcscd
Test Userspace Execution	Install QEMU and build dependencies	2025-07-24T12:57:50.4282456Z   pipewire pulseaudio libraw1394-doc speex gstreamer1.0-libav
Test Userspace Execution	Install QEMU and build dependencies	2025-07-24T12:57:50.4283124Z   gstreamer1.0-plugins-ugly samba vde2
Test Userspace Execution	Install QEMU and build dependencies	2025-07-24T12:57:50.4936365Z The following NEW packages will be installed:
Test Userspace Execution	Install QEMU and build dependencies	2025-07-24T12:57:50.4937252Z   cpu-checker glib-networking glib-networking-common glib-networking-services
Test Userspace Execution	Install QEMU and build dependencies	2025-07-24T12:57:50.4938059Z   gsettings-desktop-schemas gstreamer1.0-plugins-base
Test Userspace Execution	Install QEMU and build dependencies	2025-07-24T12:57:50.4939181Z   gstreamer1.0-plugins-good gstreamer1.0-x ipxe-qemu
Test Userspace Execution	Install QEMU and build dependencies	2025-07-24T12:57:50.4939981Z   ipxe-qemu-256k-compat-efi-roms libaa1 libasyncns0 libavc1394-0
Test Userspace Execution	Install QEMU and build dependencies	2025-07-24T12:57:50.4941128Z   libboost-iostreams1.83.0 libboost-thread1.83.0 libbrlapi0.8 libcaca0
Test Userspace Execution	Install QEMU and build dependencies	2025-07-24T12:57:50.4942020Z   libcacard0 libcdparanoia0 libdaxctl1 libdecor-0-0 libdecor-0-plugin-1-gtk
Test Userspace Execution	Install QEMU and build dependencies	2025-07-24T12:57:50.4942864Z   libdv4t64 libfdt1 libflac12t64 libgstreamer-plugins-base1.0-0
Test Userspace Execution	Install QEMU and build dependencies	2025-07-24T12:57:50.4943683Z   libgstreamer-plugins-good1.0-0 libiec61883-0 libiscsi7 libjack-jackd2-0
Test Userspace Execution	Install QEMU and build dependencies	2025-07-24T12:57:50.4944559Z   libmp3lame0 libmpg123-0t64 libndctl6 libnfs14 libopus0 liborc-0.4-0t64
Test Userspace Execution	Install QEMU and build dependencies	2025-07-24T12:57:50.4945378Z   libpcsclite1 libpipewire-0.3-0t64 libpipewire-0.3-common libpmem1
Test Userspace Execution	Install QEMU and build dependencies	2025-07-24T12:57:50.4946150Z   libpmemobj1 libproxy1v5 libpulse0 librados2 libraw1394-11 librbd1
Test Userspace Execution	Install QEMU and build dependencies	2025-07-24T12:57:50.4947294Z   librdmacm1t64 libsamplerate0 libsdl2-2.0-0 libshout3 libsndfile1
Test Userspace Execution	Install QEMU and build dependencies	2025-07-24T12:57:50.4948009Z   libsoup-3.0-0 libsoup-3.0-common libspa-0.2-modules libspeex1
Test Userspace Execution	Install QEMU and build dependencies	2025-07-24T12:57:50.4948762Z   libspice-server1 libtag1v5 libtag1v5-vanilla libtheora0 libtwolame0
Test Userspace Execution	Install QEMU and build dependencies	2025-07-24T12:57:50.4949531Z   liburing2 libusbredirparser1t64 libv4l-0t64 libv4lconvert0t64
Test Userspace Execution	Install QEMU and build dependencies	2025-07-24T12:57:50.4950306Z   libvirglrenderer1 libvisual-0.4-0 libvorbisenc2 libvpx9 libvte-2.91-0
Test Userspace Execution	Install QEMU and build dependencies	2025-07-24T12:57:50.4951392Z   libvte-2.91-common libwavpack1 libwebrtc-audio-processing1 libxv1 msr-tools
Test Userspace Execution	Install QEMU and build dependencies	2025-07-24T12:57:50.4952160Z   nasm ovmf qemu-block-extra qemu-system-common qemu-system-data
Test Userspace Execution	Install QEMU and build dependencies	2025-07-24T12:57:50.4952915Z   qemu-system-gui qemu-system-modules-opengl qemu-system-modules-spice
Test Userspace Execution	Install QEMU and build dependencies	2025-07-24T12:57:50.4953609Z   qemu-system-x86 qemu-utils seabios session-migration
Test Userspace Execution	Install QEMU and build dependencies	2025-07-24T12:57:50.5140941Z 0 upgraded, 86 newly installed, 0 to remove and 18 not upgraded.
Test Userspace Execution	Install QEMU and build dependencies	2025-07-24T12:57:50.5141549Z Need to get 46.2 MB of archives.
Test Userspace Execution	Install QEMU and build dependencies	2025-07-24T12:57:50.5141970Z After this operation, 192 MB of additional disk space will be used.
Test Userspace Execution	Install QEMU and build dependencies	2025-07-24T12:57:50.5142368Z Get:1 file:/etc/apt/apt-mirrors.txt Mirrorlist [144 B]
Test Userspace Execution	Install QEMU and build dependencies	2025-07-24T12:57:50.5467879Z Get:2 http://azure.archive.ubuntu.com/ubuntu noble/main amd64 msr-tools amd64 1.3-5build1 [9610 B]
Test Userspace Execution	Install QEMU and build dependencies	2025-07-24T12:57:50.5647456Z Get:3 http://azure.archive.ubuntu.com/ubuntu noble/main amd64 cpu-checker amd64 0.7-1.3build2 [6148 B]
Test Userspace Execution	Install QEMU and build dependencies	2025-07-24T12:57:50.5837318Z Get:4 http://azure.archive.ubuntu.com/ubuntu noble/main amd64 libproxy1v5 amd64 0.5.4-4build1 [26.5 kB]
Test Userspace Execution	Install QEMU and build dependencies	2025-07-24T12:57:50.6036382Z Get:5 http://azure.archive.ubuntu.com/ubuntu noble/main amd64 glib-networking-common all 2.80.0-1build1 [6702 B]
Test Userspace Execution	Install QEMU and build dependencies	2025-07-24T12:57:50.6283240Z Get:6 http://azure.archive.ubuntu.com/ubuntu noble/main amd64 glib-networking-services amd64 2.80.0-1build1 [12.8 kB]
Test Userspace Execution	Install QEMU and build dependencies	2025-07-24T12:57:50.6469728Z Get:7 http://azure.archive.ubuntu.com/ubuntu noble/main amd64 session-migration amd64 0.3.9build1 [9034 B]
Test Userspace Execution	Install QEMU and build dependencies	2025-07-24T12:57:50.6806406Z Get:8 http://azure.archive.ubuntu.com/ubuntu noble-updates/main amd64 gsettings-desktop-schemas all 46.1-0ubuntu1 [35.6 kB]
Test Userspace Execution	Install QEMU and build dependencies	2025-07-24T12:57:50.7015412Z Get:9 http://azure.archive.ubuntu.com/ubuntu noble/main amd64 glib-networking amd64 2.80.0-1build1 [64.1 kB]
Test Userspace Execution	Install QEMU and build dependencies	2025-07-24T12:57:50.7204325Z Get:10 http://azure.archive.ubuntu.com/ubuntu noble/main amd64 libcdparanoia0 amd64 3.10.2+debian-14build3 [48.5 kB]
Test Userspace Execution	Install QEMU and build dependencies	2025-07-24T12:57:50.7391639Z Get:11 http://azure.archive.ubuntu.com/ubuntu noble-updates/main amd64 liborc-0.4-0t64 amd64 1:0.4.38-1ubuntu0.1 [207 kB]
Test Userspace Execution	Install QEMU and build dependencies	2025-07-24T12:57:50.7582671Z Get:12 http://azure.archive.ubuntu.com/ubuntu noble-updates/main amd64 libgstreamer-plugins-base1.0-0 amd64 1.24.2-1ubuntu0.2 [862 kB]
Test Userspace Execution	Install QEMU and build dependencies	2025-07-24T12:57:50.7982228Z Get:13 http://azure.archive.ubuntu.com/ubuntu noble/main amd64 libopus0 amd64 1.4-1build1 [208 kB]
Test Userspace Execution	Install QEMU and build dependencies	2025-07-24T12:57:50.8237396Z Get:14 http://azure.archive.ubuntu.com/ubuntu noble/main amd64 libtheora0 amd64 1.1.1+dfsg.1-16.1build3 [211 kB]
Test Userspace Execution	Install QEMU and build dependencies	2025-07-24T12:57:50.8435743Z Get:15 http://azure.archive.ubuntu.com/ubuntu noble/main amd64 libvisual-0.4-0 amd64 0.4.2-2build1 [115 kB]
Test Userspace Execution	Install QEMU and build dependencies	2025-07-24T12:57:50.8623406Z Get:16 http://azure.archive.ubuntu.com/ubuntu noble/main amd64 libvorbisenc2 amd64 1.3.7-1build3 [80.8 kB]
Test Userspace Execution	Install QEMU and build dependencies	2025-07-24T12:57:50.8816083Z Get:17 http://azure.archive.ubuntu.com/ubuntu noble-updates/main amd64 gstreamer1.0-plugins-base amd64 1.24.2-1ubuntu0.2 [721 kB]
Test Userspace Execution	Install QEMU and build dependencies	2025-07-24T12:57:50.9188411Z Get:18 http://azure.archive.ubuntu.com/ubuntu noble/main amd64 libaa1 amd64 1.4p5-51.1 [49.9 kB]
Test Userspace Execution	Install QEMU and build dependencies	2025-07-24T12:57:50.9375211Z Get:19 http://azure.archive.ubuntu.com/ubuntu noble/main amd64 libraw1394-11 amd64 2.1.2-2build3 [26.2 kB]
Test Userspace Execution	Install QEMU and build dependencies	2025-07-24T12:57:50.9984543Z Get:20 http://azure.archive.ubuntu.com/ubuntu noble/main amd64 libavc1394-0 amd64 0.5.4-5build3 [15.4 kB]
Test Userspace Execution	Install QEMU and build dependencies	2025-07-24T12:57:51.0163315Z Get:21 http://azure.archive.ubuntu.com/ubuntu noble/main amd64 libcaca0 amd64 0.99.beta20-4build2 [208 kB]
Test Userspace Execution	Install QEMU and build dependencies	2025-07-24T12:57:51.0409371Z Get:22 http://azure.archive.ubuntu.com/ubuntu noble/main amd64 libdv4t64 amd64 1.0.0-17.1build1 [63.2 kB]
Test Userspace Execution	Install QEMU and build dependencies	2025-07-24T12:57:51.0595002Z Get:23 http://azure.archive.ubuntu.com/ubuntu noble/main amd64 libflac12t64 amd64 1.4.3+ds-2.1ubuntu2 [197 kB]
Test Userspace Execution	Install QEMU and build dependencies	2025-07-24T12:57:51.0813164Z Get:24 http://azure.archive.ubuntu.com/ubuntu noble-updates/main amd64 libgstreamer-plugins-good1.0-0 amd64 1.24.2-1ubuntu1.1 [32.9 kB]
Test Userspace Execution	Install QEMU and build dependencies	2025-07-24T12:57:51.1022682Z Get:25 http://azure.archive.ubuntu.com/ubuntu noble/main amd64 libiec61883-0 amd64 1.2.0-6build1 [24.5 kB]
Test Userspace Execution	Install QEMU and build dependencies	2025-07-24T12:57:51.1246114Z Get:26 http://azure.archive.ubuntu.com/ubuntu noble/main amd64 libmp3lame0 amd64 3.100-6build1 [142 kB]
Test Userspace Execution	Install QEMU and build dependencies	2025-07-24T12:57:51.1444747Z Get:27 http://azure.archive.ubuntu.com/ubuntu noble-updates/main amd64 libmpg123-0t64 amd64 1.32.5-1ubuntu1.1 [169 kB]
Test Userspace Execution	Install QEMU and build dependencies	2025-07-24T12:57:51.1641552Z Get:28 http://azure.archive.ubuntu.com/ubuntu noble/main amd64 libasyncns0 amd64 0.8-6build4 [11.3 kB]
Test Userspace Execution	Install QEMU and build dependencies	2025-07-24T12:57:51.1822101Z Get:29 http://azure.archive.ubuntu.com/ubuntu noble-updates/main amd64 libsndfile1 amd64 1.2.2-1ubuntu5.24.04.1 [209 kB]
Test Userspace Execution	Install QEMU and build dependencies	2025-07-24T12:57:51.2045176Z Get:30 http://azure.archive.ubuntu.com/ubuntu noble-updates/main amd64 libpulse0 amd64 1:16.1+dfsg1-2ubuntu10.1 [292 kB]
Test Userspace Execution	Install QEMU and build dependencies	2025-07-24T12:57:51.2271792Z Get:31 http://azure.archive.ubuntu.com/ubuntu noble-updates/main amd64 libspeex1 amd64 1.2.1-2ubuntu2.24.04.1 [59.6 kB]
Test Userspace Execution	Install QEMU and build dependencies	2025-07-24T12:57:51.2460905Z Get:32 http://azure.archive.ubuntu.com/ubuntu noble/main amd64 libshout3 amd64 2.4.6-1build2 [50.3 kB]
Test Userspace Execution	Install QEMU and build dependencies	2025-07-24T12:57:51.2655568Z Get:33 http://azure.archive.ubuntu.com/ubuntu noble/main amd64 libtag1v5-vanilla amd64 1.13.1-1build1 [326 kB]
Test Userspace Execution	Install QEMU and build dependencies	2025-07-24T12:57:51.2887476Z Get:34 http://azure.archive.ubuntu.com/ubuntu noble/main amd64 libtag1v5 amd64 1.13.1-1build1 [11.7 kB]
Test Userspace Execution	Install QEMU and build dependencies	2025-07-24T12:57:51.3072401Z Get:35 http://azure.archive.ubuntu.com/ubuntu noble/main amd64 libtwolame0 amd64 0.4.0-2build3 [52.3 kB]
Test Userspace Execution	Install QEMU and build dependencies	2025-07-24T12:57:51.3284689Z Get:36 http://azure.archive.ubuntu.com/ubuntu noble/main amd64 libv4lconvert0t64 amd64 1.26.1-4build3 [87.6 kB]
Test Userspace Execution	Install QEMU and build dependencies	2025-07-24T12:57:51.3479447Z Get:37 http://azure.archive.ubuntu.com/ubuntu noble/main amd64 libv4l-0t64 amd64 1.26.1-4build3 [46.9 kB]
Test Userspace Execution	Install QEMU and build dependencies	2025-07-24T12:57:51.3666305Z Get:38 http://azure.archive.ubuntu.com/ubuntu noble-updates/main amd64 libvpx9 amd64 1.14.0-1ubuntu2.2 [1143 kB]
Test Userspace Execution	Install QEMU and build dependencies	2025-07-24T12:57:51.4588507Z Get:39 http://azure.archive.ubuntu.com/ubuntu noble/main amd64 libwavpack1 amd64 5.6.0-1build1 [84.6 kB]
Test Userspace Execution	Install QEMU and build dependencies	2025-07-24T12:57:51.4774152Z Get:40 http://azure.archive.ubuntu.com/ubuntu noble-updates/main amd64 libsoup-3.0-common all 3.4.4-5ubuntu0.5 [11.3 kB]
Test Userspace Execution	Install QEMU and build dependencies	2025-07-24T12:57:51.4955049Z Get:41 http://azure.archive.ubuntu.com/ubuntu noble-updates/main amd64 libsoup-3.0-0 amd64 3.4.4-5ubuntu0.5 [291 kB]
Test Userspace Execution	Install QEMU and build dependencies	2025-07-24T12:57:51.5157500Z Get:42 http://azure.archive.ubuntu.com/ubuntu noble-updates/main amd64 gstreamer1.0-plugins-good amd64 1.24.2-1ubuntu1.1 [2238 kB]
Test Userspace Execution	Install QEMU and build dependencies	2025-07-24T12:57:51.5754598Z Get:43 http://azure.archive.ubuntu.com/ubuntu noble/main amd64 libxv1 amd64 2:1.0.11-1.1build1 [10.7 kB]
Test Userspace Execution	Install QEMU and build dependencies	2025-07-24T12:57:51.5936597Z Get:44 http://azure.archive.ubuntu.com/ubuntu noble-updates/main amd64 gstreamer1.0-x amd64 1.24.2-1ubuntu0.2 [85.0 kB]
Test Userspace Execution	Install QEMU and build dependencies	2025-07-24T12:57:51.6132096Z Get:45 http://azure.archive.ubuntu.com/ubuntu noble/main amd64 ipxe-qemu all 1.21.1+git-20220113.fbbdc3926-0ubuntu2 [1565 kB]
Test Userspace Execution	Install QEMU and build dependencies	2025-07-24T12:57:51.6656828Z Get:46 http://azure.archive.ubuntu.com/ubuntu noble/main amd64 ipxe-qemu-256k-compat-efi-roms all 1.0.0+git-20150424.a25a16d-0ubuntu5 [548 kB]
Test Userspace Execution	Install QEMU and build dependencies	2025-07-24T12:57:51.7001495Z Get:47 http://azure.archive.ubuntu.com/ubuntu noble-updates/main amd64 libboost-iostreams1.83.0 amd64 1.83.0-2.1ubuntu3.1 [259 kB]
Test Userspace Execution	Install QEMU and build dependencies	2025-07-24T12:57:51.7211136Z Get:48 http://azure.archive.ubuntu.com/ubuntu noble-updates/main amd64 libboost-thread1.83.0 amd64 1.83.0-2.1ubuntu3.1 [276 kB]
Test Userspace Execution	Install QEMU and build dependencies	2025-07-24T12:57:51.7433323Z Get:49 http://azure.archive.ubuntu.com/ubuntu noble/main amd64 libbrlapi0.8 amd64 6.6-4ubuntu5 [31.4 kB]
Test Userspace Execution	Install QEMU and build dependencies	2025-07-24T12:57:51.7614827Z Get:50 http://azure.archive.ubuntu.com/ubuntu noble/main amd64 libpcsclite1 amd64 2.0.3-1build1 [21.4 kB]
Test Userspace Execution	Install QEMU and build dependencies	2025-07-24T12:57:51.7857617Z Get:51 http://azure.archive.ubuntu.com/ubuntu noble/main amd64 libcacard0 amd64 1:2.8.0-3build4 [36.5 kB]
Test Userspace Execution	Install QEMU and build dependencies	2025-07-24T12:57:51.8040376Z Get:52 http://azure.archive.ubuntu.com/ubuntu noble/main amd64 libdaxctl1 amd64 77-2ubuntu2 [21.4 kB]
Test Userspace Execution	Install QEMU and build dependencies	2025-07-24T12:57:51.8226798Z Get:53 http://azure.archive.ubuntu.com/ubuntu noble/main amd64 libdecor-0-0 amd64 0.2.2-1build2 [16.5 kB]
Test Userspace Execution	Install QEMU and build dependencies	2025-07-24T12:57:51.8407927Z Get:54 http://azure.archive.ubuntu.com/ubuntu noble/main amd64 libdecor-0-plugin-1-gtk amd64 0.2.2-1build2 [22.2 kB]
Test Userspace Execution	Install QEMU and build dependencies	2025-07-24T12:57:51.8596570Z Get:55 http://azure.archive.ubuntu.com/ubuntu noble-updates/main amd64 librdmacm1t64 amd64 50.0-2ubuntu0.2 [70.7 kB]
Test Userspace Execution	Install QEMU and build dependencies	2025-07-24T12:57:51.8851519Z Get:56 http://azure.archive.ubuntu.com/ubuntu noble/main amd64 libiscsi7 amd64 1.19.0-3build4 [68.7 kB]
Test Userspace Execution	Install QEMU and build dependencies	2025-07-24T12:57:51.9480442Z Get:57 http://azure.archive.ubuntu.com/ubuntu noble/main amd64 libsamplerate0 amd64 0.2.2-4build1 [1344 kB]
Test Userspace Execution	Install QEMU and build dependencies	2025-07-24T12:57:52.0001152Z Get:58 http://azure.archive.ubuntu.com/ubuntu noble/main amd64 libjack-jackd2-0 amd64 1.9.21~dfsg-3ubuntu3 [289 kB]
Test Userspace Execution	Install QEMU and build dependencies	2025-07-24T12:57:52.0200410Z Get:59 http://azure.archive.ubuntu.com/ubuntu noble/main amd64 libndctl6 amd64 77-2ubuntu2 [62.8 kB]
Test Userspace Execution	Install QEMU and build dependencies	2025-07-24T12:57:52.0386845Z Get:60 http://azure.archive.ubuntu.com/ubuntu noble/main amd64 libnfs14 amd64 5.0.2-1build1 [109 kB]
Test Userspace Execution	Install QEMU and build dependencies	2025-07-24T12:57:52.0576777Z Get:61 http://azure.archive.ubuntu.com/ubuntu noble/main amd64 libwebrtc-audio-processing1 amd64 0.3.1-0ubuntu6 [290 kB]
Test Userspace Execution	Install QEMU and build dependencies	2025-07-24T12:57:52.0793331Z Get:62 http://azure.archive.ubuntu.com/ubuntu noble-updates/main amd64 libspa-0.2-modules amd64 1.0.5-1ubuntu3.1 [626 kB]
Test Userspace Execution	Install QEMU and build dependencies	2025-07-24T12:57:52.1153341Z Get:63 http://azure.archive.ubuntu.com/ubuntu noble-updates/main amd64 libpipewire-0.3-0t64 amd64 1.0.5-1ubuntu3.1 [252 kB]
Test Userspace Execution	Install QEMU and build dependencies	2025-07-24T12:57:52.1357473Z Get:64 http://azure.archive.ubuntu.com/ubuntu noble-updates/main amd64 libpipewire-0.3-common all 1.0.5-1ubuntu3.1 [18.9 kB]
Test Userspace Execution	Install QEMU and build dependencies	2025-07-24T12:57:52.1544010Z Get:65 http://azure.archive.ubuntu.com/ubuntu noble/main amd64 libpmem1 amd64 1.13.1-1.1ubuntu2 [84.8 kB]
Test Userspace Execution	Install QEMU and build dependencies	2025-07-24T12:57:52.1732506Z Get:66 http://azure.archive.ubuntu.com/ubuntu noble/main amd64 libpmemobj1 amd64 1.13.1-1.1ubuntu2 [116 kB]
Test Userspace Execution	Install QEMU and build dependencies	2025-07-24T12:57:52.1925713Z Get:67 http://azure.archive.ubuntu.com/ubuntu noble-updates/main amd64 librados2 amd64 19.2.1-0ubuntu0.24.04.2 [4042 kB]
Test Userspace Execution	Install QEMU and build dependencies	2025-07-24T12:57:52.2645233Z Get:68 http://azure.archive.ubuntu.com/ubuntu noble-updates/main amd64 librbd1 amd64 19.2.1-0ubuntu0.24.04.2 [3511 kB]
Test Userspace Execution	Install QEMU and build dependencies	2025-07-24T12:57:52.3403393Z Get:69 http://azure.archive.ubuntu.com/ubuntu noble-updates/main amd64 libsdl2-2.0-0 amd64 2.30.0+dfsg-1ubuntu3.1 [686 kB]
Test Userspace Execution	Install QEMU and build dependencies	2025-07-24T12:57:52.3776291Z Get:70 http://azure.archive.ubuntu.com/ubuntu noble/main amd64 libspice-server1 amd64 0.15.1-1build2 [349 kB]
Test Userspace Execution	Install QEMU and build dependencies	2025-07-24T12:57:52.3978143Z Get:71 http://azure.archive.ubuntu.com/ubuntu noble/main amd64 liburing2 amd64 2.5-1build1 [21.1 kB]
Test Userspace Execution	Install QEMU and build dependencies	2025-07-24T12:57:52.4202525Z Get:72 http://azure.archive.ubuntu.com/ubuntu noble/main amd64 libusbredirparser1t64 amd64 0.13.0-2.1build1 [16.5 kB]
Test Userspace Execution	Install QEMU and build dependencies	2025-07-24T12:57:52.4396580Z Get:73 http://azure.archive.ubuntu.com/ubuntu noble/main amd64 libvirglrenderer1 amd64 1.0.0-1ubuntu2 [226 kB]
Test Userspace Execution	Install QEMU and build dependencies	2025-07-24T12:57:52.4600263Z Get:74 http://azure.archive.ubuntu.com/ubuntu noble-updates/main amd64 libvte-2.91-common amd64 0.76.0-1ubuntu0.1 [13.5 kB]
Test Userspace Execution	Install QEMU and build dependencies	2025-07-24T12:57:52.5242358Z Get:75 http://azure.archive.ubuntu.com/ubuntu noble-updates/main amd64 libvte-2.91-0 amd64 0.76.0-1ubuntu0.1 [230 kB]
Test Userspace Execution	Install QEMU and build dependencies	2025-07-24T12:57:52.5442047Z Get:76 http://azure.archive.ubuntu.com/ubuntu noble/universe amd64 nasm amd64 2.16.01-1build1 [459 kB]
Test Userspace Execution	Install QEMU and build dependencies	2025-07-24T12:57:52.5798734Z Get:77 http://azure.archive.ubuntu.com/ubuntu noble/main amd64 libfdt1 amd64 1.7.0-2build1 [20.1 kB]
Test Userspace Execution	Install QEMU and build dependencies	2025-07-24T12:57:52.5992993Z Get:78 http://azure.archive.ubuntu.com/ubuntu noble-updates/main amd64 qemu-system-common amd64 1:8.2.2+ds-0ubuntu1.7 [1253 kB]
Test Userspace Execution	Install QEMU and build dependencies	2025-07-24T12:57:52.6507065Z Get:79 http://azure.archive.ubuntu.com/ubuntu noble-updates/main amd64 qemu-system-data all 1:8.2.2+ds-0ubuntu1.7 [1793 kB]
Test Userspace Execution	Install QEMU and build dependencies	2025-07-24T12:57:52.7063942Z Get:80 http://azure.archive.ubuntu.com/ubuntu noble/main amd64 seabios all 1.16.3-2 [175 kB]
Test Userspace Execution	Install QEMU and build dependencies	2025-07-24T12:57:52.7261226Z Get:81 http://azure.archive.ubuntu.com/ubuntu noble-updates/main amd64 qemu-system-x86 amd64 1:8.2.2+ds-0ubuntu1.7 [11.2 MB]
Test Userspace Execution	Install QEMU and build dependencies	2025-07-24T12:57:52.9519374Z Get:82 http://azure.archive.ubuntu.com/ubuntu noble-updates/main amd64 qemu-utils amd64 1:8.2.2+ds-0ubuntu1.7 [2220 kB]
Test Userspace Execution	Install QEMU and build dependencies	2025-07-24T12:57:53.0183903Z Get:83 http://azure.archive.ubuntu.com/ubuntu noble-updates/main amd64 qemu-block-extra amd64 1:8.2.2+ds-0ubuntu1.7 [111 kB]
Test Userspace Execution	Install QEMU and build dependencies	2025-07-24T12:57:53.0384099Z Get:84 http://azure.archive.ubuntu.com/ubuntu noble-updates/main amd64 qemu-system-modules-opengl amd64 1:8.2.2+ds-0ubuntu1.7 [184 kB]
Test Userspace Execution	Install QEMU and build dependencies	2025-07-24T12:57:53.0588332Z Get:85 http://azure.archive.ubuntu.com/ubuntu noble-updates/main amd64 qemu-system-gui amd64 1:8.2.2+ds-0ubuntu1.7 [314 kB]
Test Userspace Execution	Install QEMU and build dependencies	2025-07-24T12:57:53.0803708Z Get:86 http://azure.archive.ubuntu.com/ubuntu noble-updates/main amd64 qemu-system-modules-spice amd64 1:8.2.2+ds-0ubuntu1.7 [70.2 kB]
Test Userspace Execution	Install QEMU and build dependencies	2025-07-24T12:57:53.1006051Z Get:87 http://azure.archive.ubuntu.com/ubuntu noble-updates/main amd64 ovmf all 2024.02-2ubuntu0.4 [4571 kB]
Test Userspace Execution	Install QEMU and build dependencies	2025-07-24T12:57:53.4963136Z Fetched 46.2 MB in 3s (17.2 MB/s)
Test Userspace Execution	Install QEMU and build dependencies	2025-07-24T12:57:53.5195274Z Selecting previously unselected package msr-tools.
Test Userspace Execution	Install QEMU and build dependencies	2025-07-24T12:57:53.5435772Z (Reading database ... 
Test Userspace Execution	Install QEMU and build dependencies	2025-07-24T12:57:53.5436450Z (Reading database ... 5%
Test Userspace Execution	Install QEMU and build dependencies	2025-07-24T12:57:53.5436808Z (Reading database ... 10%
Test Userspace Execution	Install QEMU and build dependencies	2025-07-24T12:57:53.5437148Z (Reading database ... 15%
Test Userspace Execution	Install QEMU and build dependencies	2025-07-24T12:57:53.5437977Z (Reading database ... 20%
Test Userspace Execution	Install QEMU and build dependencies	2025-07-24T12:57:53.5438224Z (Reading database ... 25%
Test Userspace Execution	Install QEMU and build dependencies	2025-07-24T12:57:53.5438420Z (Reading database ... 30%
Test Userspace Execution	Install QEMU and build dependencies	2025-07-24T12:57:53.5438611Z (Reading database ... 35%
Test Userspace Execution	Install QEMU and build dependencies	2025-07-24T12:57:53.5438850Z (Reading database ... 40%
Test Userspace Execution	Install QEMU and build dependencies	2025-07-24T12:57:53.5439076Z (Reading database ... 45%
Test Userspace Execution	Install QEMU and build dependencies	2025-07-24T12:57:53.5439307Z (Reading database ... 50%
Test Userspace Execution	Install QEMU and build dependencies	2025-07-24T12:57:53.5540424Z (Reading database ... 55%
Test Userspace Execution	Install QEMU and build dependencies	2025-07-24T12:57:53.5831861Z (Reading database ... 60%
Test Userspace Execution	Install QEMU and build dependencies	2025-07-24T12:57:53.6031110Z (Reading database ... 65%
Test Userspace Execution	Install QEMU and build dependencies	2025-07-24T12:57:53.6333413Z (Reading database ... 70%
Test Userspace Execution	Install QEMU and build dependencies	2025-07-24T12:57:53.6533406Z (Reading database ... 75%
Test Userspace Execution	Install QEMU and build dependencies	2025-07-24T12:57:53.6900405Z (Reading database ... 80%
Test Userspace Execution	Install QEMU and build dependencies	2025-07-24T12:57:53.7120796Z (Reading database ... 85%
Test Userspace Execution	Install QEMU and build dependencies	2025-07-24T12:57:53.7561192Z (Reading database ... 90%
Test Userspace Execution	Install QEMU and build dependencies	2025-07-24T12:57:53.7811772Z (Reading database ... 95%
Test Userspace Execution	Install QEMU and build dependencies	2025-07-24T12:57:53.7812256Z (Reading database ... 100%
Test Userspace Execution	Install QEMU and build dependencies	2025-07-24T12:57:53.7812873Z (Reading database ... 219605 files and directories currently installed.)
Test Userspace Execution	Install QEMU and build dependencies	2025-07-24T12:57:53.7853599Z Preparing to unpack .../00-msr-tools_1.3-5build1_amd64.deb ...
Test Userspace Execution	Install QEMU and build dependencies	2025-07-24T12:57:53.7882616Z Unpacking msr-tools (1.3-5build1) ...
Test Userspace Execution	Install QEMU and build dependencies	2025-07-24T12:57:53.8143088Z Selecting previously unselected package cpu-checker.
Test Userspace Execution	Install QEMU and build dependencies	2025-07-24T12:57:53.8276182Z Preparing to unpack .../01-cpu-checker_0.7-1.3build2_amd64.deb ...
Test Userspace Execution	Install QEMU and build dependencies	2025-07-24T12:57:53.8302457Z Unpacking cpu-checker (0.7-1.3build2) ...
Test Userspace Execution	Install QEMU and build dependencies	2025-07-24T12:57:53.8597960Z Selecting previously unselected package libproxy1v5:amd64.
Test Userspace Execution	Install QEMU and build dependencies	2025-07-24T12:57:53.8729302Z Preparing to unpack .../02-libproxy1v5_0.5.4-4build1_amd64.deb ...
Test Userspace Execution	Install QEMU and build dependencies	2025-07-24T12:57:53.8794003Z Unpacking libproxy1v5:amd64 (0.5.4-4build1) ...
Test Userspace Execution	Install QEMU and build dependencies	2025-07-24T12:57:53.9018893Z Selecting previously unselected package glib-networking-common.
Test Userspace Execution	Install QEMU and build dependencies	2025-07-24T12:57:53.9149705Z Preparing to unpack .../03-glib-networking-common_2.80.0-1build1_all.deb ...
Test Userspace Execution	Install QEMU and build dependencies	2025-07-24T12:57:53.9159285Z Unpacking glib-networking-common (2.80.0-1build1) ...
Test Userspace Execution	Install QEMU and build dependencies	2025-07-24T12:57:53.9354089Z Selecting previously unselected package glib-networking-services.
Test Userspace Execution	Install QEMU and build dependencies	2025-07-24T12:57:53.9482938Z Preparing to unpack .../04-glib-networking-services_2.80.0-1build1_amd64.deb ...
Test Userspace Execution	Install QEMU and build dependencies	2025-07-24T12:57:53.9493837Z Unpacking glib-networking-services (2.80.0-1build1) ...
Test Userspace Execution	Install QEMU and build dependencies	2025-07-24T12:57:53.9729043Z Selecting previously unselected package session-migration.
Test Userspace Execution	Install QEMU and build dependencies	2025-07-24T12:57:53.9858648Z Preparing to unpack .../05-session-migration_0.3.9build1_amd64.deb ...
Test Userspace Execution	Install QEMU and build dependencies	2025-07-24T12:57:53.9872998Z Unpacking session-migration (0.3.9build1) ...
Test Userspace Execution	Install QEMU and build dependencies	2025-07-24T12:57:54.0106806Z Selecting previously unselected package gsettings-desktop-schemas.
Test Userspace Execution	Install QEMU and build dependencies	2025-07-24T12:57:54.0237662Z Preparing to unpack .../06-gsettings-desktop-schemas_46.1-0ubuntu1_all.deb ...
Test Userspace Execution	Install QEMU and build dependencies	2025-07-24T12:57:54.0252211Z Unpacking gsettings-desktop-schemas (46.1-0ubuntu1) ...
Test Userspace Execution	Install QEMU and build dependencies	2025-07-24T12:57:54.0536524Z Selecting previously unselected package glib-networking:amd64.
Test Userspace Execution	Install QEMU and build dependencies	2025-07-24T12:57:54.0666851Z Preparing to unpack .../07-glib-networking_2.80.0-1build1_amd64.deb ...
Test Userspace Execution	Install QEMU and build dependencies	2025-07-24T12:57:54.0682834Z Unpacking glib-networking:amd64 (2.80.0-1build1) ...
Test Userspace Execution	Install QEMU and build dependencies	2025-07-24T12:57:54.0924721Z Selecting previously unselected package libcdparanoia0:amd64.
Test Userspace Execution	Install QEMU and build dependencies	2025-07-24T12:57:54.1054985Z Preparing to unpack .../08-libcdparanoia0_3.10.2+debian-14build3_amd64.deb ...
Test Userspace Execution	Install QEMU and build dependencies	2025-07-24T12:57:54.1066485Z Unpacking libcdparanoia0:amd64 (3.10.2+debian-14build3) ...
Test Userspace Execution	Install QEMU and build dependencies	2025-07-24T12:57:54.1302390Z Selecting previously unselected package liborc-0.4-0t64:amd64.
Test Userspace Execution	Install QEMU and build dependencies	2025-07-24T12:57:54.1430872Z Preparing to unpack .../09-liborc-0.4-0t64_1%3a0.4.38-1ubuntu0.1_amd64.deb ...
Test Userspace Execution	Install QEMU and build dependencies	2025-07-24T12:57:54.1442516Z Unpacking liborc-0.4-0t64:amd64 (1:0.4.38-1ubuntu0.1) ...
Test Userspace Execution	Install QEMU and build dependencies	2025-07-24T12:57:54.1718017Z Selecting previously unselected package libgstreamer-plugins-base1.0-0:amd64.
Test Userspace Execution	Install QEMU and build dependencies	2025-07-24T12:57:54.1850240Z Preparing to unpack .../10-libgstreamer-plugins-base1.0-0_1.24.2-1ubuntu0.2_amd64.deb ...
Test Userspace Execution	Install QEMU and build dependencies	2025-07-24T12:57:54.1861125Z Unpacking libgstreamer-plugins-base1.0-0:amd64 (1.24.2-1ubuntu0.2) ...
Test Userspace Execution	Install QEMU and build dependencies	2025-07-24T12:57:54.2235362Z Selecting previously unselected package libopus0:amd64.
Test Userspace Execution	Install QEMU and build dependencies	2025-07-24T12:57:54.2366849Z Preparing to unpack .../11-libopus0_1.4-1build1_amd64.deb ...
Test Userspace Execution	Install QEMU and build dependencies	2025-07-24T12:57:54.2380946Z Unpacking libopus0:amd64 (1.4-1build1) ...
Test Userspace Execution	Install QEMU and build dependencies	2025-07-24T12:57:54.2644853Z Selecting previously unselected package libtheora0:amd64.
Test Userspace Execution	Install QEMU and build dependencies	2025-07-24T12:57:54.2775616Z Preparing to unpack .../12-libtheora0_1.1.1+dfsg.1-16.1build3_amd64.deb ...
Test Userspace Execution	Install QEMU and build dependencies	2025-07-24T12:57:54.2785943Z Unpacking libtheora0:amd64 (1.1.1+dfsg.1-16.1build3) ...
Test Userspace Execution	Install QEMU and build dependencies	2025-07-24T12:57:54.3045302Z Selecting previously unselected package libvisual-0.4-0:amd64.
Test Userspace Execution	Install QEMU and build dependencies	2025-07-24T12:57:54.3175263Z Preparing to unpack .../13-libvisual-0.4-0_0.4.2-2build1_amd64.deb ...
Test Userspace Execution	Install QEMU and build dependencies	2025-07-24T12:57:54.3187050Z Unpacking libvisual-0.4-0:amd64 (0.4.2-2build1) ...
Test Userspace Execution	Install QEMU and build dependencies	2025-07-24T12:57:54.3455845Z Selecting previously unselected package libvorbisenc2:amd64.
Test Userspace Execution	Install QEMU and build dependencies	2025-07-24T12:57:54.3587243Z Preparing to unpack .../14-libvorbisenc2_1.3.7-1build3_amd64.deb ...
Test Userspace Execution	Install QEMU and build dependencies	2025-07-24T12:57:54.3598976Z Unpacking libvorbisenc2:amd64 (1.3.7-1build3) ...
Test Userspace Execution	Install QEMU and build dependencies	2025-07-24T12:57:54.3843747Z Selecting previously unselected package gstreamer1.0-plugins-base:amd64.
Test Userspace Execution	Install QEMU and build dependencies	2025-07-24T12:57:54.3973992Z Preparing to unpack .../15-gstreamer1.0-plugins-base_1.24.2-1ubuntu0.2_amd64.deb ...
Test Userspace Execution	Install QEMU and build dependencies	2025-07-24T12:57:54.3988412Z Unpacking gstreamer1.0-plugins-base:amd64 (1.24.2-1ubuntu0.2) ...
Test Userspace Execution	Install QEMU and build dependencies	2025-07-24T12:57:54.4365566Z Selecting previously unselected package libaa1:amd64.
Test Userspace Execution	Install QEMU and build dependencies	2025-07-24T12:57:54.4496679Z Preparing to unpack .../16-libaa1_1.4p5-51.1_amd64.deb ...
Test Userspace Execution	Install QEMU and build dependencies	2025-07-24T12:57:54.4511155Z Unpacking libaa1:amd64 (1.4p5-51.1) ...
Test Userspace Execution	Install QEMU and build dependencies	2025-07-24T12:57:54.4760427Z Selecting previously unselected package libraw1394-11:amd64.
Test Userspace Execution	Install QEMU and build dependencies	2025-07-24T12:57:54.4890915Z Preparing to unpack .../17-libraw1394-11_2.1.2-2build3_amd64.deb ...
Test Userspace Execution	Install QEMU and build dependencies	2025-07-24T12:57:54.4900455Z Unpacking libraw1394-11:amd64 (2.1.2-2build3) ...
Test Userspace Execution	Install QEMU and build dependencies	2025-07-24T12:57:54.5144782Z Selecting previously unselected package libavc1394-0:amd64.
Test Userspace Execution	Install QEMU and build dependencies	2025-07-24T12:57:54.5280292Z Preparing to unpack .../18-libavc1394-0_0.5.4-5build3_amd64.deb ...
Test Userspace Execution	Install QEMU and build dependencies	2025-07-24T12:57:54.5292606Z Unpacking libavc1394-0:amd64 (0.5.4-5build3) ...
Test Userspace Execution	Install QEMU and build dependencies	2025-07-24T12:57:54.5521515Z Selecting previously unselected package libcaca0:amd64.
Test Userspace Execution	Install QEMU and build dependencies	2025-07-24T12:57:54.5649667Z Preparing to unpack .../19-libcaca0_0.99.beta20-4build2_amd64.deb ...
Test Userspace Execution	Install QEMU and build dependencies	2025-07-24T12:57:54.5664361Z Unpacking libcaca0:amd64 (0.99.beta20-4build2) ...
Test Userspace Execution	Install QEMU and build dependencies	2025-07-24T12:57:54.5976086Z Selecting previously unselected package libdv4t64:amd64.
Test Userspace Execution	Install QEMU and build dependencies	2025-07-24T12:57:54.6106933Z Preparing to unpack .../20-libdv4t64_1.0.0-17.1build1_amd64.deb ...
Test Userspace Execution	Install QEMU and build dependencies	2025-07-24T12:57:54.6120136Z Unpacking libdv4t64:amd64 (1.0.0-17.1build1) ...
Test Userspace Execution	Install QEMU and build dependencies	2025-07-24T12:57:54.6361508Z Selecting previously unselected package libflac12t64:amd64.
Test Userspace Execution	Install QEMU and build dependencies	2025-07-24T12:57:54.6491454Z Preparing to unpack .../21-libflac12t64_1.4.3+ds-2.1ubuntu2_amd64.deb ...
Test Userspace Execution	Install QEMU and build dependencies	2025-07-24T12:57:54.6502692Z Unpacking libflac12t64:amd64 (1.4.3+ds-2.1ubuntu2) ...
Test Userspace Execution	Install QEMU and build dependencies	2025-07-24T12:57:54.6737463Z Selecting previously unselected package libgstreamer-plugins-good1.0-0:amd64.
Test Userspace Execution	Install QEMU and build dependencies	2025-07-24T12:57:54.6867063Z Preparing to unpack .../22-libgstreamer-plugins-good1.0-0_1.24.2-1ubuntu1.1_amd64.deb ...
Test Userspace Execution	Install QEMU and build dependencies	2025-07-24T12:57:54.6878229Z Unpacking libgstreamer-plugins-good1.0-0:amd64 (1.24.2-1ubuntu1.1) ...
Test Userspace Execution	Install QEMU and build dependencies	2025-07-24T12:57:54.7135941Z Selecting previously unselected package libiec61883-0:amd64.
Test Userspace Execution	Install QEMU and build dependencies	2025-07-24T12:57:54.7264367Z Preparing to unpack .../23-libiec61883-0_1.2.0-6build1_amd64.deb ...
Test Userspace Execution	Install QEMU and build dependencies	2025-07-24T12:57:54.7276405Z Unpacking libiec61883-0:amd64 (1.2.0-6build1) ...
Test Userspace Execution	Install QEMU and build dependencies	2025-07-24T12:57:54.7503848Z Selecting previously unselected package libmp3lame0:amd64.
Test Userspace Execution	Install QEMU and build dependencies	2025-07-24T12:57:54.7635707Z Preparing to unpack .../24-libmp3lame0_3.100-6build1_amd64.deb ...
Test Userspace Execution	Install QEMU and build dependencies	2025-07-24T12:57:54.7649880Z Unpacking libmp3lame0:amd64 (3.100-6build1) ...
Test Userspace Execution	Install QEMU and build dependencies	2025-07-24T12:57:54.7902840Z Selecting previously unselected package libmpg123-0t64:amd64.
Test Userspace Execution	Install QEMU and build dependencies	2025-07-24T12:57:54.8034111Z Preparing to unpack .../25-libmpg123-0t64_1.32.5-1ubuntu1.1_amd64.deb ...
Test Userspace Execution	Install QEMU and build dependencies	2025-07-24T12:57:54.8060733Z Unpacking libmpg123-0t64:amd64 (1.32.5-1ubuntu1.1) ...
Test Userspace Execution	Install QEMU and build dependencies	2025-07-24T12:57:54.8315199Z Selecting previously unselected package libasyncns0:amd64.
Test Userspace Execution	Install QEMU and build dependencies	2025-07-24T12:57:54.8444612Z Preparing to unpack .../26-libasyncns0_0.8-6build4_amd64.deb ...
Test Userspace Execution	Install QEMU and build dependencies	2025-07-24T12:57:54.8455533Z Unpacking libasyncns0:amd64 (0.8-6build4) ...
Test Userspace Execution	Install QEMU and build dependencies	2025-07-24T12:57:54.8682136Z Selecting previously unselected package libsndfile1:amd64.
Test Userspace Execution	Install QEMU and build dependencies	2025-07-24T12:57:54.8812444Z Preparing to unpack .../27-libsndfile1_1.2.2-1ubuntu5.24.04.1_amd64.deb ...
Test Userspace Execution	Install QEMU and build dependencies	2025-07-24T12:57:54.8826628Z Unpacking libsndfile1:amd64 (1.2.2-1ubuntu5.24.04.1) ...
Test Userspace Execution	Install QEMU and build dependencies	2025-07-24T12:57:54.9112235Z Selecting previously unselected package libpulse0:amd64.
Test Userspace Execution	Install QEMU and build dependencies	2025-07-24T12:57:54.9240899Z Preparing to unpack .../28-libpulse0_1%3a16.1+dfsg1-2ubuntu10.1_amd64.deb ...
Test Userspace Execution	Install QEMU and build dependencies	2025-07-24T12:57:54.9305005Z Unpacking libpulse0:amd64 (1:16.1+dfsg1-2ubuntu10.1) ...
Test Userspace Execution	Install QEMU and build dependencies	2025-07-24T12:57:54.9579701Z Selecting previously unselected package libspeex1:amd64.
Test Userspace Execution	Install QEMU and build dependencies	2025-07-24T12:57:54.9711521Z Preparing to unpack .../29-libspeex1_1.2.1-2ubuntu2.24.04.1_amd64.deb ...
Test Userspace Execution	Install QEMU and build dependencies	2025-07-24T12:57:54.9725333Z Unpacking libspeex1:amd64 (1.2.1-2ubuntu2.24.04.1) ...
Test Userspace Execution	Install QEMU and build dependencies	2025-07-24T12:57:54.9958331Z Selecting previously unselected package libshout3:amd64.
Test Userspace Execution	Install QEMU and build dependencies	2025-07-24T12:57:55.0089395Z Preparing to unpack .../30-libshout3_2.4.6-1build2_amd64.deb ...
Test Userspace Execution	Install QEMU and build dependencies	2025-07-24T12:57:55.0101377Z Unpacking libshout3:amd64 (2.4.6-1build2) ...
Test Userspace Execution	Install QEMU and build dependencies	2025-07-24T12:57:55.0343935Z Selecting previously unselected package libtag1v5-vanilla:amd64.
Test Userspace Execution	Install QEMU and build dependencies	2025-07-24T12:57:55.0475911Z Preparing to unpack .../31-libtag1v5-vanilla_1.13.1-1build1_amd64.deb ...
Test Userspace Execution	Install QEMU and build dependencies	2025-07-24T12:57:55.0489155Z Unpacking libtag1v5-vanilla:amd64 (1.13.1-1build1) ...
Test Userspace Execution	Install QEMU and build dependencies	2025-07-24T12:57:55.0747687Z Selecting previously unselected package libtag1v5:amd64.
Test Userspace Execution	Install QEMU and build dependencies	2025-07-24T12:57:55.0878074Z Preparing to unpack .../32-libtag1v5_1.13.1-1build1_amd64.deb ...
Test Userspace Execution	Install QEMU and build dependencies	2025-07-24T12:57:55.0893904Z Unpacking libtag1v5:amd64 (1.13.1-1build1) ...
Test Userspace Execution	Install QEMU and build dependencies	2025-07-24T12:57:55.1126386Z Selecting previously unselected package libtwolame0:amd64.
Test Userspace Execution	Install QEMU and build dependencies	2025-07-24T12:57:55.1256888Z Preparing to unpack .../33-libtwolame0_0.4.0-2build3_amd64.deb ...
Test Userspace Execution	Install QEMU and build dependencies	2025-07-24T12:57:55.1269229Z Unpacking libtwolame0:amd64 (0.4.0-2build3) ...
Test Userspace Execution	Install QEMU and build dependencies	2025-07-24T12:57:55.1511615Z Selecting previously unselected package libv4lconvert0t64:amd64.
Test Userspace Execution	Install QEMU and build dependencies	2025-07-24T12:57:55.1643459Z Preparing to unpack .../34-libv4lconvert0t64_1.26.1-4build3_amd64.deb ...
Test Userspace Execution	Install QEMU and build dependencies	2025-07-24T12:57:55.1654091Z Unpacking libv4lconvert0t64:amd64 (1.26.1-4build3) ...
Test Userspace Execution	Install QEMU and build dependencies	2025-07-24T12:57:55.1901754Z Selecting previously unselected package libv4l-0t64:amd64.
Test Userspace Execution	Install QEMU and build dependencies	2025-07-24T12:57:55.2029627Z Preparing to unpack .../35-libv4l-0t64_1.26.1-4build3_amd64.deb ...
Test Userspace Execution	Install QEMU and build dependencies	2025-07-24T12:57:55.2039807Z Unpacking libv4l-0t64:amd64 (1.26.1-4build3) ...
Test Userspace Execution	Install QEMU and build dependencies	2025-07-24T12:57:55.2292709Z Selecting previously unselected package libvpx9:amd64.
Test Userspace Execution	Install QEMU and build dependencies	2025-07-24T12:57:55.2420813Z Preparing to unpack .../36-libvpx9_1.14.0-1ubuntu2.2_amd64.deb ...
Test Userspace Execution	Install QEMU and build dependencies	2025-07-24T12:57:55.2431934Z Unpacking libvpx9:amd64 (1.14.0-1ubuntu2.2) ...
Test Userspace Execution	Install QEMU and build dependencies	2025-07-24T12:57:55.2806788Z Selecting previously unselected package libwavpack1:amd64.
Test Userspace Execution	Install QEMU and build dependencies	2025-07-24T12:57:55.2938241Z Preparing to unpack .../37-libwavpack1_5.6.0-1build1_amd64.deb ...
Test Userspace Execution	Install QEMU and build dependencies	2025-07-24T12:57:55.2949988Z Unpacking libwavpack1:amd64 (5.6.0-1build1) ...
Test Userspace Execution	Install QEMU and build dependencies	2025-07-24T12:57:55.3165058Z Selecting previously unselected package libsoup-3.0-common.
Test Userspace Execution	Install QEMU and build dependencies	2025-07-24T12:57:55.3295406Z Preparing to unpack .../38-libsoup-3.0-common_3.4.4-5ubuntu0.5_all.deb ...
Test Userspace Execution	Install QEMU and build dependencies	2025-07-24T12:57:55.3305693Z Unpacking libsoup-3.0-common (3.4.4-5ubuntu0.5) ...
Test Userspace Execution	Install QEMU and build dependencies	2025-07-24T12:57:55.3530850Z Selecting previously unselected package libsoup-3.0-0:amd64.
Test Userspace Execution	Install QEMU and build dependencies	2025-07-24T12:57:55.3679840Z Preparing to unpack .../39-libsoup-3.0-0_3.4.4-5ubuntu0.5_amd64.deb ...
Test Userspace Execution	Install QEMU and build dependencies	2025-07-24T12:57:55.3698036Z Unpacking libsoup-3.0-0:amd64 (3.4.4-5ubuntu0.5) ...
Test Userspace Execution	Install QEMU and build dependencies	2025-07-24T12:57:55.3970024Z Selecting previously unselected package gstreamer1.0-plugins-good:amd64.
Test Userspace Execution	Install QEMU and build dependencies	2025-07-24T12:57:55.4104342Z Preparing to unpack .../40-gstreamer1.0-plugins-good_1.24.2-1ubuntu1.1_amd64.deb ...
Test Userspace Execution	Install QEMU and build dependencies	2025-07-24T12:57:55.4116549Z Unpacking gstreamer1.0-plugins-good:amd64 (1.24.2-1ubuntu1.1) ...
Test Userspace Execution	Install QEMU and build dependencies	2025-07-24T12:57:55.4696155Z Selecting previously unselected package libxv1:amd64.
Test Userspace Execution	Install QEMU and build dependencies	2025-07-24T12:57:55.4830937Z Preparing to unpack .../41-libxv1_2%3a1.0.11-1.1build1_amd64.deb ...
Test Userspace Execution	Install QEMU and build dependencies	2025-07-24T12:57:55.4840880Z Unpacking libxv1:amd64 (2:1.0.11-1.1build1) ...
Test Userspace Execution	Install QEMU and build dependencies	2025-07-24T12:57:55.5046050Z Selecting previously unselected package gstreamer1.0-x:amd64.
Test Userspace Execution	Install QEMU and build dependencies	2025-07-24T12:57:55.5182846Z Preparing to unpack .../42-gstreamer1.0-x_1.24.2-1ubuntu0.2_amd64.deb ...
Test Userspace Execution	Install QEMU and build dependencies	2025-07-24T12:57:55.5192356Z Unpacking gstreamer1.0-x:amd64 (1.24.2-1ubuntu0.2) ...
Test Userspace Execution	Install QEMU and build dependencies	2025-07-24T12:57:55.5420904Z Selecting previously unselected package ipxe-qemu.
Test Userspace Execution	Install QEMU and build dependencies	2025-07-24T12:57:55.5556002Z Preparing to unpack .../43-ipxe-qemu_1.21.1+git-20220113.fbbdc3926-0ubuntu2_all.deb ...
Test Userspace Execution	Install QEMU and build dependencies	2025-07-24T12:57:55.5567783Z Unpacking ipxe-qemu (1.21.1+git-20220113.fbbdc3926-0ubuntu2) ...
Test Userspace Execution	Install QEMU and build dependencies	2025-07-24T12:57:55.5948060Z Selecting previously unselected package ipxe-qemu-256k-compat-efi-roms.
Test Userspace Execution	Install QEMU and build dependencies	2025-07-24T12:57:55.6081992Z Preparing to unpack .../44-ipxe-qemu-256k-compat-efi-roms_1.0.0+git-20150424.a25a16d-0ubuntu5_all.deb ...
Test Userspace Execution	Install QEMU and build dependencies	2025-07-24T12:57:55.6092680Z Unpacking ipxe-qemu-256k-compat-efi-roms (1.0.0+git-20150424.a25a16d-0ubuntu5) ...
Test Userspace Execution	Install QEMU and build dependencies	2025-07-24T12:57:55.6350393Z Selecting previously unselected package libboost-iostreams1.83.0:amd64.
Test Userspace Execution	Install QEMU and build dependencies	2025-07-24T12:57:55.6483085Z Preparing to unpack .../45-libboost-iostreams1.83.0_1.83.0-2.1ubuntu3.1_amd64.deb ...
Test Userspace Execution	Install QEMU and build dependencies	2025-07-24T12:57:55.6493681Z Unpacking libboost-iostreams1.83.0:amd64 (1.83.0-2.1ubuntu3.1) ...
Test Userspace Execution	Install QEMU and build dependencies	2025-07-24T12:57:55.6784034Z Selecting previously unselected package libboost-thread1.83.0:amd64.
Test Userspace Execution	Install QEMU and build dependencies	2025-07-24T12:57:55.6917119Z Preparing to unpack .../46-libboost-thread1.83.0_1.83.0-2.1ubuntu3.1_amd64.deb ...
Test Userspace Execution	Install QEMU and build dependencies	2025-07-24T12:57:55.6928185Z Unpacking libboost-thread1.83.0:amd64 (1.83.0-2.1ubuntu3.1) ...
Test Userspace Execution	Install QEMU and build dependencies	2025-07-24T12:57:55.7228391Z Selecting previously unselected package libbrlapi0.8:amd64.
Test Userspace Execution	Install QEMU and build dependencies	2025-07-24T12:57:55.7360355Z Preparing to unpack .../47-libbrlapi0.8_6.6-4ubuntu5_amd64.deb ...
Test Userspace Execution	Install QEMU and build dependencies	2025-07-24T12:57:55.7370910Z Unpacking libbrlapi0.8:amd64 (6.6-4ubuntu5) ...
Test Userspace Execution	Install QEMU and build dependencies	2025-07-24T12:57:55.7590221Z Selecting previously unselected package libpcsclite1:amd64.
Test Userspace Execution	Install QEMU and build dependencies	2025-07-24T12:57:55.7722727Z Preparing to unpack .../48-libpcsclite1_2.0.3-1build1_amd64.deb ...
Test Userspace Execution	Install QEMU and build dependencies	2025-07-24T12:57:55.7733898Z Unpacking libpcsclite1:amd64 (2.0.3-1build1) ...
Test Userspace Execution	Install QEMU and build dependencies	2025-07-24T12:57:55.7957632Z Selecting previously unselected package libcacard0:amd64.
Test Userspace Execution	Install QEMU and build dependencies	2025-07-24T12:57:55.8088511Z Preparing to unpack .../49-libcacard0_1%3a2.8.0-3build4_amd64.deb ...
Test Userspace Execution	Install QEMU and build dependencies	2025-07-24T12:57:55.8098521Z Unpacking libcacard0:amd64 (1:2.8.0-3build4) ...
Test Userspace Execution	Install QEMU and build dependencies	2025-07-24T12:57:55.8331495Z Selecting previously unselected package libdaxctl1:amd64.
Test Userspace Execution	Install QEMU and build dependencies	2025-07-24T12:57:55.8464249Z Preparing to unpack .../50-libdaxctl1_77-2ubuntu2_amd64.deb ...
Test Userspace Execution	Install QEMU and build dependencies	2025-07-24T12:57:55.8475972Z Unpacking libdaxctl1:amd64 (77-2ubuntu2) ...
Test Userspace Execution	Install QEMU and build dependencies	2025-07-24T12:57:55.8703454Z Selecting previously unselected package libdecor-0-0:amd64.
Test Userspace Execution	Install QEMU and build dependencies	2025-07-24T12:57:55.8836046Z Preparing to unpack .../51-libdecor-0-0_0.2.2-1build2_amd64.deb ...
Test Userspace Execution	Install QEMU and build dependencies	2025-07-24T12:57:55.8846554Z Unpacking libdecor-0-0:amd64 (0.2.2-1build2) ...
Test Userspace Execution	Install QEMU and build dependencies	2025-07-24T12:57:55.9052242Z Selecting previously unselected package libdecor-0-plugin-1-gtk:amd64.
Test Userspace Execution	Install QEMU and build dependencies	2025-07-24T12:57:55.9179592Z Preparing to unpack .../52-libdecor-0-plugin-1-gtk_0.2.2-1build2_amd64.deb ...
Test Userspace Execution	Install QEMU and build dependencies	2025-07-24T12:57:55.9190833Z Unpacking libdecor-0-plugin-1-gtk:amd64 (0.2.2-1build2) ...
Test Userspace Execution	Install QEMU and build dependencies	2025-07-24T12:57:55.9452095Z Selecting previously unselected package librdmacm1t64:amd64.
Test Userspace Execution	Install QEMU and build dependencies	2025-07-24T12:57:55.9579098Z Preparing to unpack .../53-librdmacm1t64_50.0-2ubuntu0.2_amd64.deb ...
Test Userspace Execution	Install QEMU and build dependencies	2025-07-24T12:57:55.9590945Z Unpacking librdmacm1t64:amd64 (50.0-2ubuntu0.2) ...
Test Userspace Execution	Install QEMU and build dependencies	2025-07-24T12:57:55.9828073Z Selecting previously unselected package libiscsi7:amd64.
Test Userspace Execution	Install QEMU and build dependencies	2025-07-24T12:57:55.9956078Z Preparing to unpack .../54-libiscsi7_1.19.0-3build4_amd64.deb ...
Test Userspace Execution	Install QEMU and build dependencies	2025-07-24T12:57:55.9967174Z Unpacking libiscsi7:amd64 (1.19.0-3build4) ...
Test Userspace Execution	Install QEMU and build dependencies	2025-07-24T12:57:56.0199113Z Selecting previously unselected package libsamplerate0:amd64.
Test Userspace Execution	Install QEMU and build dependencies	2025-07-24T12:57:56.0350036Z Preparing to unpack .../55-libsamplerate0_0.2.2-4build1_amd64.deb ...
Test Userspace Execution	Install QEMU and build dependencies	2025-07-24T12:57:56.0359631Z Unpacking libsamplerate0:amd64 (0.2.2-4build1) ...
Test Userspace Execution	Install QEMU and build dependencies	2025-07-24T12:57:56.0643739Z Selecting previously unselected package libjack-jackd2-0:amd64.
Test Userspace Execution	Install QEMU and build dependencies	2025-07-24T12:57:56.0774299Z Preparing to unpack .../56-libjack-jackd2-0_1.9.21~dfsg-3ubuntu3_amd64.deb ...
Test Userspace Execution	Install QEMU and build dependencies	2025-07-24T12:57:56.0785974Z Unpacking libjack-jackd2-0:amd64 (1.9.21~dfsg-3ubuntu3) ...
Test Userspace Execution	Install QEMU and build dependencies	2025-07-24T12:57:56.1050499Z Selecting previously unselected package libndctl6:amd64.
Test Userspace Execution	Install QEMU and build dependencies	2025-07-24T12:57:56.1182918Z Preparing to unpack .../57-libndctl6_77-2ubuntu2_amd64.deb ...
Test Userspace Execution	Install QEMU and build dependencies	2025-07-24T12:57:56.1196467Z Unpacking libndctl6:amd64 (77-2ubuntu2) ...
Test Userspace Execution	Install QEMU and build dependencies	2025-07-24T12:57:56.1422860Z Selecting previously unselected package libnfs14:amd64.
Test Userspace Execution	Install QEMU and build dependencies	2025-07-24T12:57:56.1553522Z Preparing to unpack .../58-libnfs14_5.0.2-1build1_amd64.deb ...
Test Userspace Execution	Install QEMU and build dependencies	2025-07-24T12:57:56.1567374Z Unpacking libnfs14:amd64 (5.0.2-1build1) ...
Test Userspace Execution	Install QEMU and build dependencies	2025-07-24T12:57:56.1797915Z Selecting previously unselected package libwebrtc-audio-processing1:amd64.
Test Userspace Execution	Install QEMU and build dependencies	2025-07-24T12:57:56.1929320Z Preparing to unpack .../59-libwebrtc-audio-processing1_0.3.1-0ubuntu6_amd64.deb ...
Test Userspace Execution	Install QEMU and build dependencies	2025-07-24T12:57:56.1939798Z Unpacking libwebrtc-audio-processing1:amd64 (0.3.1-0ubuntu6) ...
Test Userspace Execution	Install QEMU and build dependencies	2025-07-24T12:57:56.2185243Z Selecting previously unselected package libspa-0.2-modules:amd64.
Test Userspace Execution	Install QEMU and build dependencies	2025-07-24T12:57:56.2317264Z Preparing to unpack .../60-libspa-0.2-modules_1.0.5-1ubuntu3.1_amd64.deb ...
Test Userspace Execution	Install QEMU and build dependencies	2025-07-24T12:57:56.2329869Z Unpacking libspa-0.2-modules:amd64 (1.0.5-1ubuntu3.1) ...
Test Userspace Execution	Install QEMU and build dependencies	2025-07-24T12:57:56.2672680Z Selecting previously unselected package libpipewire-0.3-0t64:amd64.
Test Userspace Execution	Install QEMU and build dependencies	2025-07-24T12:57:56.2805810Z Preparing to unpack .../61-libpipewire-0.3-0t64_1.0.5-1ubuntu3.1_amd64.deb ...
Test Userspace Execution	Install QEMU and build dependencies	2025-07-24T12:57:56.2816751Z Unpacking libpipewire-0.3-0t64:amd64 (1.0.5-1ubuntu3.1) ...
Test Userspace Execution	Install QEMU and build dependencies	2025-07-24T12:57:56.3064810Z Selecting previously unselected package libpipewire-0.3-common.
Test Userspace Execution	Install QEMU and build dependencies	2025-07-24T12:57:56.3198740Z Preparing to unpack .../62-libpipewire-0.3-common_1.0.5-1ubuntu3.1_all.deb ...
Test Userspace Execution	Install QEMU and build dependencies	2025-07-24T12:57:56.3209176Z Unpacking libpipewire-0.3-common (1.0.5-1ubuntu3.1) ...
Test Userspace Execution	Install QEMU and build dependencies	2025-07-24T12:57:56.3432323Z Selecting previously unselected package libpmem1:amd64.
Test Userspace Execution	Install QEMU and build dependencies	2025-07-24T12:57:56.3564893Z Preparing to unpack .../63-libpmem1_1.13.1-1.1ubuntu2_amd64.deb ...
Test Userspace Execution	Install QEMU and build dependencies	2025-07-24T12:57:56.3579926Z Unpacking libpmem1:amd64 (1.13.1-1.1ubuntu2) ...
Test Userspace Execution	Install QEMU and build dependencies	2025-07-24T12:57:56.3926955Z Selecting previously unselected package libpmemobj1:amd64.
Test Userspace Execution	Install QEMU and build dependencies	2025-07-24T12:57:56.4056431Z Preparing to unpack .../64-libpmemobj1_1.13.1-1.1ubuntu2_amd64.deb ...
Test Userspace Execution	Install QEMU and build dependencies	2025-07-24T12:57:56.4068430Z Unpacking libpmemobj1:amd64 (1.13.1-1.1ubuntu2) ...
Test Userspace Execution	Install QEMU and build dependencies	2025-07-24T12:57:56.4347495Z Selecting previously unselected package librados2.
Test Userspace Execution	Install QEMU and build dependencies	2025-07-24T12:57:56.4476871Z Preparing to unpack .../65-librados2_19.2.1-0ubuntu0.24.04.2_amd64.deb ...
Test Userspace Execution	Install QEMU and build dependencies	2025-07-24T12:57:56.4489876Z Unpacking librados2 (19.2.1-0ubuntu0.24.04.2) ...
Test Userspace Execution	Install QEMU and build dependencies	2025-07-24T12:57:56.5241516Z Selecting previously unselected package librbd1.
Test Userspace Execution	Install QEMU and build dependencies	2025-07-24T12:57:56.5377274Z Preparing to unpack .../66-librbd1_19.2.1-0ubuntu0.24.04.2_amd64.deb ...
Test Userspace Execution	Install QEMU and build dependencies	2025-07-24T12:57:56.5391438Z Unpacking librbd1 (19.2.1-0ubuntu0.24.04.2) ...
Test Userspace Execution	Install QEMU and build dependencies	2025-07-24T12:57:56.6126880Z Selecting previously unselected package libsdl2-2.0-0:amd64.
Test Userspace Execution	Install QEMU and build dependencies	2025-07-24T12:57:56.6261422Z Preparing to unpack .../67-libsdl2-2.0-0_2.30.0+dfsg-1ubuntu3.1_amd64.deb ...
Test Userspace Execution	Install QEMU and build dependencies	2025-07-24T12:57:56.6272850Z Unpacking libsdl2-2.0-0:amd64 (2.30.0+dfsg-1ubuntu3.1) ...
Test Userspace Execution	Install QEMU and build dependencies	2025-07-24T12:57:56.6589985Z Selecting previously unselected package libspice-server1:amd64.
Test Userspace Execution	Install QEMU and build dependencies	2025-07-24T12:57:56.6724383Z Preparing to unpack .../68-libspice-server1_0.15.1-1build2_amd64.deb ...
Test Userspace Execution	Install QEMU and build dependencies	2025-07-24T12:57:56.6738957Z Unpacking libspice-server1:amd64 (0.15.1-1build2) ...
Test Userspace Execution	Install QEMU and build dependencies	2025-07-24T12:57:56.7024011Z Selecting previously unselected package liburing2:amd64.
Test Userspace Execution	Install QEMU and build dependencies	2025-07-24T12:57:56.7157326Z Preparing to unpack .../69-liburing2_2.5-1build1_amd64.deb ...
Test Userspace Execution	Install QEMU and build dependencies	2025-07-24T12:57:56.7171338Z Unpacking liburing2:amd64 (2.5-1build1) ...
Test Userspace Execution	Install QEMU and build dependencies	2025-07-24T12:57:56.7412231Z Selecting previously unselected package libusbredirparser1t64:amd64.
Test Userspace Execution	Install QEMU and build dependencies	2025-07-24T12:57:56.7543663Z Preparing to unpack .../70-libusbredirparser1t64_0.13.0-2.1build1_amd64.deb ...
Test Userspace Execution	Install QEMU and build dependencies	2025-07-24T12:57:56.7556634Z Unpacking libusbredirparser1t64:amd64 (0.13.0-2.1build1) ...
Test Userspace Execution	Install QEMU and build dependencies	2025-07-24T12:57:56.7801680Z Selecting previously unselected package libvirglrenderer1:amd64.
Test Userspace Execution	Install QEMU and build dependencies	2025-07-24T12:57:56.7928780Z Preparing to unpack .../71-libvirglrenderer1_1.0.0-1ubuntu2_amd64.deb ...
Test Userspace Execution	Install QEMU and build dependencies	2025-07-24T12:57:56.7945346Z Unpacking libvirglrenderer1:amd64 (1.0.0-1ubuntu2) ...
Test Userspace Execution	Install QEMU and build dependencies	2025-07-24T12:57:56.8212102Z Selecting previously unselected package libvte-2.91-common.
Test Userspace Execution	Install QEMU and build dependencies	2025-07-24T12:57:56.8340428Z Preparing to unpack .../72-libvte-2.91-common_0.76.0-1ubuntu0.1_amd64.deb ...
Test Userspace Execution	Install QEMU and build dependencies	2025-07-24T12:57:56.8351215Z Unpacking libvte-2.91-common (0.76.0-1ubuntu0.1) ...
Test Userspace Execution	Install QEMU and build dependencies	2025-07-24T12:57:56.8591820Z Selecting previously unselected package libvte-2.91-0:amd64.
Test Userspace Execution	Install QEMU and build dependencies	2025-07-24T12:57:56.8719850Z Preparing to unpack .../73-libvte-2.91-0_0.76.0-1ubuntu0.1_amd64.deb ...
Test Userspace Execution	Install QEMU and build dependencies	2025-07-24T12:57:56.8735127Z Unpacking libvte-2.91-0:amd64 (0.76.0-1ubuntu0.1) ...
Test Userspace Execution	Install QEMU and build dependencies	2025-07-24T12:57:56.8972980Z Selecting previously unselected package nasm.
Test Userspace Execution	Install QEMU and build dependencies	2025-07-24T12:57:56.9101710Z Preparing to unpack .../74-nasm_2.16.01-1build1_amd64.deb ...
Test Userspace Execution	Install QEMU and build dependencies	2025-07-24T12:57:56.9114544Z Unpacking nasm (2.16.01-1build1) ...
Test Userspace Execution	Install QEMU and build dependencies	2025-07-24T12:57:56.9471193Z Selecting previously unselected package libfdt1:amd64.
Test Userspace Execution	Install QEMU and build dependencies	2025-07-24T12:57:56.9602721Z Preparing to unpack .../75-libfdt1_1.7.0-2build1_amd64.deb ...
Test Userspace Execution	Install QEMU and build dependencies	2025-07-24T12:57:56.9616896Z Unpacking libfdt1:amd64 (1.7.0-2build1) ...
Test Userspace Execution	Install QEMU and build dependencies	2025-07-24T12:57:56.9902000Z Selecting previously unselected package qemu-system-common.
Test Userspace Execution	Install QEMU and build dependencies	2025-07-24T12:57:57.0035746Z Preparing to unpack .../76-qemu-system-common_1%3a8.2.2+ds-0ubuntu1.7_amd64.deb ...
Test Userspace Execution	Install QEMU and build dependencies	2025-07-24T12:57:57.0055553Z Unpacking qemu-system-common (1:8.2.2+ds-0ubuntu1.7) ...
Test Userspace Execution	Install QEMU and build dependencies	2025-07-24T12:57:57.0930155Z Selecting previously unselected package qemu-system-data.
Test Userspace Execution	Install QEMU and build dependencies	2025-07-24T12:57:57.1066924Z Preparing to unpack .../77-qemu-system-data_1%3a8.2.2+ds-0ubuntu1.7_all.deb ...
Test Userspace Execution	Install QEMU and build dependencies	2025-07-24T12:57:57.1076102Z Unpacking qemu-system-data (1:8.2.2+ds-0ubuntu1.7) ...
Test Userspace Execution	Install QEMU and build dependencies	2025-07-24T12:57:57.1837650Z Selecting previously unselected package seabios.
Test Userspace Execution	Install QEMU and build dependencies	2025-07-24T12:57:57.1973365Z Preparing to unpack .../78-seabios_1.16.3-2_all.deb ...
Test Userspace Execution	Install QEMU and build dependencies	2025-07-24T12:57:57.1983481Z Unpacking seabios (1.16.3-2) ...
Test Userspace Execution	Install QEMU and build dependencies	2025-07-24T12:57:57.2277153Z Selecting previously unselected package qemu-system-x86.
Test Userspace Execution	Install QEMU and build dependencies	2025-07-24T12:57:57.2413315Z Preparing to unpack .../79-qemu-system-x86_1%3a8.2.2+ds-0ubuntu1.7_amd64.deb ...
Test Userspace Execution	Install QEMU and build dependencies	2025-07-24T12:57:57.2478239Z Unpacking qemu-system-x86 (1:8.2.2+ds-0ubuntu1.7) ...
Test Userspace Execution	Install QEMU and build dependencies	2025-07-24T12:57:57.4723262Z Selecting previously unselected package qemu-utils.
Test Userspace Execution	Install QEMU and build dependencies	2025-07-24T12:57:57.4857743Z Preparing to unpack .../80-qemu-utils_1%3a8.2.2+ds-0ubuntu1.7_amd64.deb ...
Test Userspace Execution	Install QEMU and build dependencies	2025-07-24T12:57:57.4883269Z Unpacking qemu-utils (1:8.2.2+ds-0ubuntu1.7) ...
Test Userspace Execution	Install QEMU and build dependencies	2025-07-24T12:57:57.5592730Z Selecting previously unselected package qemu-block-extra.
Test Userspace Execution	Install QEMU and build dependencies	2025-07-24T12:57:57.5729573Z Preparing to unpack .../81-qemu-block-extra_1%3a8.2.2+ds-0ubuntu1.7_amd64.deb ...
Test Userspace Execution	Install QEMU and build dependencies	2025-07-24T12:57:57.5738025Z Unpacking qemu-block-extra (1:8.2.2+ds-0ubuntu1.7) ...
Test Userspace Execution	Install QEMU and build dependencies	2025-07-24T12:57:57.6101280Z Selecting previously unselected package qemu-system-modules-opengl.
Test Userspace Execution	Install QEMU and build dependencies	2025-07-24T12:57:57.6236753Z Preparing to unpack .../82-qemu-system-modules-opengl_1%3a8.2.2+ds-0ubuntu1.7_amd64.deb ...
Test Userspace Execution	Install QEMU and build dependencies	2025-07-24T12:57:57.6246372Z Unpacking qemu-system-modules-opengl (1:8.2.2+ds-0ubuntu1.7) ...
Test Userspace Execution	Install QEMU and build dependencies	2025-07-24T12:57:57.6518857Z Selecting previously unselected package qemu-system-gui.
Test Userspace Execution	Install QEMU and build dependencies	2025-07-24T12:57:57.6652901Z Preparing to unpack .../83-qemu-system-gui_1%3a8.2.2+ds-0ubuntu1.7_amd64.deb ...
Test Userspace Execution	Install QEMU and build dependencies	2025-07-24T12:57:57.6663477Z Unpacking qemu-system-gui (1:8.2.2+ds-0ubuntu1.7) ...
Test Userspace Execution	Install QEMU and build dependencies	2025-07-24T12:57:57.6919513Z Selecting previously unselected package qemu-system-modules-spice.
Test Userspace Execution	Install QEMU and build dependencies	2025-07-24T12:57:57.7055137Z Preparing to unpack .../84-qemu-system-modules-spice_1%3a8.2.2+ds-0ubuntu1.7_amd64.deb ...
Test Userspace Execution	Install QEMU and build dependencies	2025-07-24T12:57:57.7071681Z Unpacking qemu-system-modules-spice (1:8.2.2+ds-0ubuntu1.7) ...
Test Userspace Execution	Install QEMU and build dependencies	2025-07-24T12:57:57.7326120Z Selecting previously unselected package ovmf.
Test Userspace Execution	Install QEMU and build dependencies	2025-07-24T12:57:57.7458616Z Preparing to unpack .../85-ovmf_2024.02-2ubuntu0.4_all.deb ...
Test Userspace Execution	Install QEMU and build dependencies	2025-07-24T12:57:57.7472015Z Unpacking ovmf (2024.02-2ubuntu0.4) ...
Test Userspace Execution	Install QEMU and build dependencies	2025-07-24T12:57:57.8294243Z Setting up libpipewire-0.3-common (1.0.5-1ubuntu3.1) ...
Test Userspace Execution	Install QEMU and build dependencies	2025-07-24T12:57:57.8331523Z Setting up libcdparanoia0:amd64 (3.10.2+debian-14build3) ...
Test Userspace Execution	Install QEMU and build dependencies	2025-07-24T12:57:57.8375277Z Setting up session-migration (0.3.9build1) ...
Test Userspace Execution	Install QEMU and build dependencies	2025-07-24T12:57:57.9455737Z Created symlink /etc/systemd/user/graphical-session-pre.target.wants/session-migration.service → /usr/lib/systemd/user/session-migration.service.
Test Userspace Execution	Install QEMU and build dependencies	2025-07-24T12:57:57.9456334Z 
Test Userspace Execution	Install QEMU and build dependencies	2025-07-24T12:57:57.9488385Z Setting up libraw1394-11:amd64 (2.1.2-2build3) ...
Test Userspace Execution	Install QEMU and build dependencies	2025-07-24T12:57:57.9515251Z Setting up libproxy1v5:amd64 (0.5.4-4build1) ...
Test Userspace Execution	Install QEMU and build dependencies	2025-07-24T12:57:57.9547588Z Setting up libtag1v5-vanilla:amd64 (1.13.1-1build1) ...
Test Userspace Execution	Install QEMU and build dependencies	2025-07-24T12:57:57.9581931Z Setting up libspeex1:amd64 (1.2.1-2ubuntu2.24.04.1) ...
Test Userspace Execution	Install QEMU and build dependencies	2025-07-24T12:57:57.9627611Z Setting up libcaca0:amd64 (0.99.beta20-4build2) ...
Test Userspace Execution	Install QEMU and build dependencies	2025-07-24T12:57:57.9658890Z Setting up libv4lconvert0t64:amd64 (1.26.1-4build3) ...
Test Userspace Execution	Install QEMU and build dependencies	2025-07-24T12:57:57.9702397Z Setting up libtwolame0:amd64 (0.4.0-2build3) ...
Test Userspace Execution	Install QEMU and build dependencies	2025-07-24T12:57:57.9737171Z Setting up libvte-2.91-common (0.76.0-1ubuntu0.1) ...
Test Userspace Execution	Install QEMU and build dependencies	2025-07-24T12:57:57.9784707Z Setting up libvisual-0.4-0:amd64 (0.4.2-2build1) ...
Test Userspace Execution	Install QEMU and build dependencies	2025-07-24T12:57:57.9815947Z Setting up msr-tools (1.3-5build1) ...
Test Userspace Execution	Install QEMU and build dependencies	2025-07-24T12:57:57.9841328Z Setting up libwebrtc-audio-processing1:amd64 (0.3.1-0ubuntu6) ...
Test Userspace Execution	Install QEMU and build dependencies	2025-07-24T12:57:57.9869561Z Setting up libboost-thread1.83.0:amd64 (1.83.0-2.1ubuntu3.1) ...
Test Userspace Execution	Install QEMU and build dependencies	2025-07-24T12:57:57.9898877Z Setting up libsoup-3.0-common (3.4.4-5ubuntu0.5) ...
Test Userspace Execution	Install QEMU and build dependencies	2025-07-24T12:57:57.9935304Z Setting up libmpg123-0t64:amd64 (1.32.5-1ubuntu1.1) ...
Test Userspace Execution	Install QEMU and build dependencies	2025-07-24T12:57:57.9961048Z Setting up libfdt1:amd64 (1.7.0-2build1) ...
Test Userspace Execution	Install QEMU and build dependencies	2025-07-24T12:57:58.0000989Z Setting up libvte-2.91-0:amd64 (0.76.0-1ubuntu0.1) ...
Test Userspace Execution	Install QEMU and build dependencies	2025-07-24T12:57:58.0031124Z Setting up libnfs14:amd64 (5.0.2-1build1) ...
Test Userspace Execution	Install QEMU and build dependencies	2025-07-24T12:57:58.0057702Z Setting up liborc-0.4-0t64:amd64 (1:0.4.38-1ubuntu0.1) ...
Test Userspace Execution	Install QEMU and build dependencies	2025-07-24T12:57:58.0085537Z Setting up ovmf (2024.02-2ubuntu0.4) ...
Test Userspace Execution	Install QEMU and build dependencies	2025-07-24T12:57:58.0109053Z Setting up libvirglrenderer1:amd64 (1.0.0-1ubuntu2) ...
Test Userspace Execution	Install QEMU and build dependencies	2025-07-24T12:57:58.0141005Z Setting up libspa-0.2-modules:amd64 (1.0.5-1ubuntu3.1) ...
Test Userspace Execution	Install QEMU and build dependencies	2025-07-24T12:57:58.0169626Z Setting up libboost-iostreams1.83.0:amd64 (1.83.0-2.1ubuntu3.1) ...
Test Userspace Execution	Install QEMU and build dependencies	2025-07-24T12:57:58.0196838Z Setting up libopus0:amd64 (1.4-1build1) ...
Test Userspace Execution	Install QEMU and build dependencies	2025-07-24T12:57:58.0224724Z Setting up libxv1:amd64 (2:1.0.11-1.1build1) ...
Test Userspace Execution	Install QEMU and build dependencies	2025-07-24T12:57:58.0296925Z Setting up libdv4t64:amd64 (1.0.0-17.1build1) ...
Test Userspace Execution	Install QEMU and build dependencies	2025-07-24T12:57:58.0325934Z Setting up libpcsclite1:amd64 (2.0.3-1build1) ...
Test Userspace Execution	Install QEMU and build dependencies	2025-07-24T12:57:58.0352602Z Setting up libdaxctl1:amd64 (77-2ubuntu2) ...
Test Userspace Execution	Install QEMU and build dependencies	2025-07-24T12:57:58.0375960Z Setting up nasm (2.16.01-1build1) ...
Test Userspace Execution	Install QEMU and build dependencies	2025-07-24T12:57:58.0403038Z Setting up qemu-system-data (1:8.2.2+ds-0ubuntu1.7) ...
Test Userspace Execution	Install QEMU and build dependencies	2025-07-24T12:57:58.0432186Z Setting up seabios (1.16.3-2) ...
Test Userspace Execution	Install QEMU and build dependencies	2025-07-24T12:57:58.0461239Z Setting up libv4l-0t64:amd64 (1.26.1-4build3) ...
Test Userspace Execution	Install QEMU and build dependencies	2025-07-24T12:57:58.0490705Z Setting up libvpx9:amd64 (1.14.0-1ubuntu2.2) ...
Test Userspace Execution	Install QEMU and build dependencies	2025-07-24T12:57:58.0517956Z Setting up libtag1v5:amd64 (1.13.1-1build1) ...
Test Userspace Execution	Install QEMU and build dependencies	2025-07-24T12:57:58.0541913Z Setting up cpu-checker (0.7-1.3build2) ...
Test Userspace Execution	Install QEMU and build dependencies	2025-07-24T12:57:58.0582933Z Setting up libasyncns0:amd64 (0.8-6build4) ...
Test Userspace Execution	Install QEMU and build dependencies	2025-07-24T12:57:58.0629549Z Setting up libwavpack1:amd64 (5.6.0-1build1) ...
Test Userspace Execution	Install QEMU and build dependencies	2025-07-24T12:57:58.0663589Z Setting up libusbredirparser1t64:amd64 (0.13.0-2.1build1) ...
Test Userspace Execution	Install QEMU and build dependencies	2025-07-24T12:57:58.0687925Z Setting up ipxe-qemu (1.21.1+git-20220113.fbbdc3926-0ubuntu2) ...
Test Userspace Execution	Install QEMU and build dependencies	2025-07-24T12:57:58.0721443Z Setting up libtheora0:amd64 (1.1.1+dfsg.1-16.1build3) ...
Test Userspace Execution	Install QEMU and build dependencies	2025-07-24T12:57:58.0750234Z Setting up libdecor-0-0:amd64 (0.2.2-1build2) ...
Test Userspace Execution	Install QEMU and build dependencies	2025-07-24T12:57:58.0777837Z Setting up libndctl6:amd64 (77-2ubuntu2) ...
Test Userspace Execution	Install QEMU and build dependencies	2025-07-24T12:57:58.0807465Z Setting up librdmacm1t64:amd64 (50.0-2ubuntu0.2) ...
Test Userspace Execution	Install QEMU and build dependencies	2025-07-24T12:57:58.0833042Z Setting up ipxe-qemu-256k-compat-efi-roms (1.0.0+git-20150424.a25a16d-0ubuntu5) ...
Test Userspace Execution	Install QEMU and build dependencies	2025-07-24T12:57:58.0862672Z Setting up libflac12t64:amd64 (1.4.3+ds-2.1ubuntu2) ...
Test Userspace Execution	Install QEMU and build dependencies	2025-07-24T12:57:58.0888963Z Setting up libbrlapi0.8:amd64 (6.6-4ubuntu5) ...
Test Userspace Execution	Install QEMU and build dependencies	2025-07-24T12:57:58.0915527Z Setting up glib-networking-common (2.80.0-1build1) ...
Test Userspace Execution	Install QEMU and build dependencies	2025-07-24T12:57:58.0948482Z Setting up liburing2:amd64 (2.5-1build1) ...
Test Userspace Execution	Install QEMU and build dependencies	2025-07-24T12:57:58.0985546Z Setting up libiscsi7:amd64 (1.19.0-3build4) ...
Test Userspace Execution	Install QEMU and build dependencies	2025-07-24T12:57:58.1018932Z Setting up libsamplerate0:amd64 (0.2.2-4build1) ...
Test Userspace Execution	Install QEMU and build dependencies	2025-07-24T12:57:58.1049973Z Setting up libpmem1:amd64 (1.13.1-1.1ubuntu2) ...
Test Userspace Execution	Install QEMU and build dependencies	2025-07-24T12:57:58.1091040Z Setting up libpipewire-0.3-0t64:amd64 (1.0.5-1ubuntu3.1) ...
Test Userspace Execution	Install QEMU and build dependencies	2025-07-24T12:57:58.1136898Z Setting up libdecor-0-plugin-1-gtk:amd64 (0.2.2-1build2) ...
Test Userspace Execution	Install QEMU and build dependencies	2025-07-24T12:57:58.1162862Z Setting up libmp3lame0:amd64 (3.100-6build1) ...
Test Userspace Execution	Install QEMU and build dependencies	2025-07-24T12:57:58.1191906Z Setting up libvorbisenc2:amd64 (1.3.7-1build3) ...
Test Userspace Execution	Install QEMU and build dependencies	2025-07-24T12:57:58.1222098Z Setting up libaa1:amd64 (1.4p5-51.1) ...
Test Userspace Execution	Install QEMU and build dependencies	2025-07-24T12:57:58.1253482Z Setting up libiec61883-0:amd64 (1.2.0-6build1) ...
Test Userspace Execution	Install QEMU and build dependencies	2025-07-24T12:57:58.1289100Z Setting up libavc1394-0:amd64 (0.5.4-5build3) ...
Test Userspace Execution	Install QEMU and build dependencies	2025-07-24T12:57:58.1320129Z Setting up gsettings-desktop-schemas (46.1-0ubuntu1) ...
Test Userspace Execution	Install QEMU and build dependencies	2025-07-24T12:57:58.1379082Z Setting up glib-networking-services (2.80.0-1build1) ...
Test Userspace Execution	Install QEMU and build dependencies	2025-07-24T12:57:58.1423948Z Setting up librados2 (19.2.1-0ubuntu0.24.04.2) ...
Test Userspace Execution	Install QEMU and build dependencies	2025-07-24T12:57:58.1475823Z Setting up libgstreamer-plugins-base1.0-0:amd64 (1.24.2-1ubuntu0.2) ...
Test Userspace Execution	Install QEMU and build dependencies	2025-07-24T12:57:58.1501769Z Setting up libcacard0:amd64 (1:2.8.0-3build4) ...
Test Userspace Execution	Install QEMU and build dependencies	2025-07-24T12:57:58.1534892Z Setting up libgstreamer-plugins-good1.0-0:amd64 (1.24.2-1ubuntu1.1) ...
Test Userspace Execution	Install QEMU and build dependencies	2025-07-24T12:57:58.1563178Z Setting up gstreamer1.0-plugins-base:amd64 (1.24.2-1ubuntu0.2) ...
Test Userspace Execution	Install QEMU and build dependencies	2025-07-24T12:57:58.1588170Z Setting up libshout3:amd64 (2.4.6-1build2) ...
Test Userspace Execution	Install QEMU and build dependencies	2025-07-24T12:57:58.1620411Z Setting up libpmemobj1:amd64 (1.13.1-1.1ubuntu2) ...
Test Userspace Execution	Install QEMU and build dependencies	2025-07-24T12:57:58.1660359Z Setting up librbd1 (19.2.1-0ubuntu0.24.04.2) ...
Test Userspace Execution	Install QEMU and build dependencies	2025-07-24T12:57:58.1694418Z Setting up libjack-jackd2-0:amd64 (1.9.21~dfsg-3ubuntu3) ...
Test Userspace Execution	Install QEMU and build dependencies	2025-07-24T12:57:58.1727668Z Setting up libsndfile1:amd64 (1.2.2-1ubuntu5.24.04.1) ...
Test Userspace Execution	Install QEMU and build dependencies	2025-07-24T12:57:58.1763278Z Setting up qemu-utils (1:8.2.2+ds-0ubuntu1.7) ...
Test Userspace Execution	Install QEMU and build dependencies	2025-07-24T12:57:58.1792347Z Setting up qemu-block-extra (1:8.2.2+ds-0ubuntu1.7) ...
Test Userspace Execution	Install QEMU and build dependencies	2025-07-24T12:57:58.2899774Z Created symlink /etc/systemd/system/multi-user.target.wants/run-qemu.mount → /usr/lib/systemd/system/run-qemu.mount.
Test Userspace Execution	Install QEMU and build dependencies	2025-07-24T12:57:58.2900281Z 
Test Userspace Execution	Install QEMU and build dependencies	2025-07-24T12:57:59.1348830Z Setting up gstreamer1.0-x:amd64 (1.24.2-1ubuntu0.2) ...
Test Userspace Execution	Install QEMU and build dependencies	2025-07-24T12:57:59.1377734Z Setting up qemu-system-common (1:8.2.2+ds-0ubuntu1.7) ...
Test Userspace Execution	Install QEMU and build dependencies	2025-07-24T12:57:59.2443857Z Created symlink /etc/systemd/system/multi-user.target.wants/qemu-kvm.service → /usr/lib/systemd/system/qemu-kvm.service.
Test Userspace Execution	Install QEMU and build dependencies	2025-07-24T12:57:59.2444801Z 
Test Userspace Execution	Install QEMU and build dependencies	2025-07-24T12:57:59.5434995Z Setting up libpulse0:amd64 (1:16.1+dfsg1-2ubuntu10.1) ...
Test Userspace Execution	Install QEMU and build dependencies	2025-07-24T12:57:59.5522177Z Setting up libspice-server1:amd64 (0.15.1-1build2) ...
Test Userspace Execution	Install QEMU and build dependencies	2025-07-24T12:57:59.5567445Z Setting up qemu-system-x86 (1:8.2.2+ds-0ubuntu1.7) ...
Test Userspace Execution	Install QEMU and build dependencies	2025-07-24T12:57:59.5646472Z Setting up libsdl2-2.0-0:amd64 (2.30.0+dfsg-1ubuntu3.1) ...
Test Userspace Execution	Install QEMU and build dependencies	2025-07-24T12:57:59.5673388Z Setting up qemu-system-modules-opengl (1:8.2.2+ds-0ubuntu1.7) ...
Test Userspace Execution	Install QEMU and build dependencies	2025-07-24T12:57:59.5708047Z Setting up qemu-system-gui (1:8.2.2+ds-0ubuntu1.7) ...
Test Userspace Execution	Install QEMU and build dependencies	2025-07-24T12:57:59.5867456Z Setting up qemu-system-modules-spice (1:8.2.2+ds-0ubuntu1.7) ...
Test Userspace Execution	Install QEMU and build dependencies	2025-07-24T12:57:59.5937124Z Processing triggers for hicolor-icon-theme (0.17-2) ...
Test Userspace Execution	Install QEMU and build dependencies	2025-07-24T12:58:00.8209085Z Processing triggers for libc-bin (2.39-0ubuntu8.5) ...
Test Userspace Execution	Install QEMU and build dependencies	2025-07-24T12:58:00.8931095Z Processing triggers for man-db (2.12.0-4build2) ...
Test Userspace Execution	Install QEMU and build dependencies	2025-07-24T12:58:10.8700401Z Processing triggers for libglib2.0-0t64:amd64 (2.80.0-6ubuntu3.4) ...
Test Userspace Execution	Install QEMU and build dependencies	2025-07-24T12:58:10.9107820Z Setting up glib-networking:amd64 (2.80.0-1build1) ...
Test Userspace Execution	Install QEMU and build dependencies	2025-07-24T12:58:10.9148163Z Setting up libsoup-3.0-0:amd64 (3.4.4-5ubuntu0.5) ...
Test Userspace Execution	Install QEMU and build dependencies	2025-07-24T12:58:10.9186325Z Setting up gstreamer1.0-plugins-good:amd64 (1.24.2-1ubuntu1.1) ...
Test Userspace Execution	Install QEMU and build dependencies	2025-07-24T12:58:10.9213429Z Processing triggers for libc-bin (2.39-0ubuntu8.5) ...
Test Userspace Execution	Install QEMU and build dependencies	2025-07-24T12:58:11.5121567Z 
Test Userspace Execution	Install QEMU and build dependencies	2025-07-24T12:58:11.5122029Z Running kernel seems to be up-to-date.
Test Userspace Execution	Install QEMU and build dependencies	2025-07-24T12:58:11.5122280Z 
Test Userspace Execution	Install QEMU and build dependencies	2025-07-24T12:58:11.5122364Z Restarting services...
Test Userspace Execution	Install QEMU and build dependencies	2025-07-24T12:58:11.5188408Z 
Test Userspace Execution	Install QEMU and build dependencies	2025-07-24T12:58:11.5188628Z Service restarts being deferred:
Test Userspace Execution	Install QEMU and build dependencies	2025-07-24T12:58:11.5190729Z  systemctl restart hosted-compute-agent.service
Test Userspace Execution	Install QEMU and build dependencies	2025-07-24T12:58:11.5191047Z 
Test Userspace Execution	Install QEMU and build dependencies	2025-07-24T12:58:11.5191217Z No containers need to be restarted.
Test Userspace Execution	Install QEMU and build dependencies	2025-07-24T12:58:11.5191467Z 
Test Userspace Execution	Install QEMU and build dependencies	2025-07-24T12:58:11.5191578Z No user sessions are running outdated binaries.
Test Userspace Execution	Install QEMU and build dependencies	2025-07-24T12:58:11.5191784Z 
Test Userspace Execution	Install QEMU and build dependencies	2025-07-24T12:58:11.5191958Z No VM guests are running outdated hypervisor (qemu) binaries on this host.
Test Userspace Execution	Setup Rust	﻿2025-07-24T12:58:12.2961642Z ##[group]Run dtolnay/rust-toolchain@master
Test Userspace Execution	Setup Rust	2025-07-24T12:58:12.2961941Z with:
Test Userspace Execution	Setup Rust	2025-07-24T12:58:12.2962127Z   toolchain: nightly-2025-06-23
Test Userspace Execution	Setup Rust	2025-07-24T12:58:12.2962399Z   components: rust-src, llvm-tools-preview
Test Userspace Execution	Setup Rust	2025-07-24T12:58:12.2962641Z env:
Test Userspace Execution	Setup Rust	2025-07-24T12:58:12.2962792Z   RUST_BACKTRACE: 1
Test Userspace Execution	Setup Rust	2025-07-24T12:58:12.2962969Z ##[endgroup]
Test Userspace Execution	Setup Rust	2025-07-24T12:58:12.3062097Z ##[group]Run : parse toolchain version
Test Userspace Execution	Setup Rust	2025-07-24T12:58:12.3062397Z [36;1m: parse toolchain version[0m
Test Userspace Execution	Setup Rust	2025-07-24T12:58:12.3062742Z [36;1mif [[ $toolchain =~ ^stable' '[0-9]+' '(year|month|week|day)s?' 'ago$ ]]; then[0m
Test Userspace Execution	Setup Rust	2025-07-24T12:58:12.3063095Z [36;1m  if [[ Linux == macOS ]]; then[0m
Test Userspace Execution	Setup Rust	2025-07-24T12:58:12.3063531Z [36;1m    echo "toolchain=1.$((($(date -v-$(sed 's/stable \([0-9]*\) \(.\).*/\1\2/' <<< $toolchain) +%s)/60/60/24-16569)/7/6))" >> $GITHUB_OUTPUT[0m
Test Userspace Execution	Setup Rust	2025-07-24T12:58:12.3063942Z [36;1m  else[0m
Test Userspace Execution	Setup Rust	2025-07-24T12:58:12.3064280Z [36;1m    echo "toolchain=1.$((($(date --date "${toolchain#stable }" +%s)/60/60/24-16569)/7/6))" >> $GITHUB_OUTPUT[0m
Test Userspace Execution	Setup Rust	2025-07-24T12:58:12.3064881Z [36;1m  fi[0m
Test Userspace Execution	Setup Rust	2025-07-24T12:58:12.3065138Z [36;1melif [[ $toolchain =~ ^stable' 'minus' '[0-9]+' 'releases?$ ]]; then[0m
Test Userspace Execution	Setup Rust	2025-07-24T12:58:12.3065586Z [36;1m  echo "toolchain=1.$((($(date +%s)/60/60/24-16569)/7/6-${toolchain//[^0-9]/}))" >> $GITHUB_OUTPUT[0m
Test Userspace Execution	Setup Rust	2025-07-24T12:58:12.3065979Z [36;1melif [[ $toolchain =~ ^1\.[0-9]+$ ]]; then[0m
Test Userspace Execution	Setup Rust	2025-07-24T12:58:12.3066418Z [36;1m  echo "toolchain=1.$((i=${toolchain#1.}, c=($(date +%s)/60/60/24-16569)/7/6, i+9*i*(10*i<=c)+90*i*(100*i<=c)))" >> $GITHUB_OUTPUT[0m
Test Userspace Execution	Setup Rust	2025-07-24T12:58:12.3066819Z [36;1melse[0m
Test Userspace Execution	Setup Rust	2025-07-24T12:58:12.3067035Z [36;1m  echo "toolchain=$toolchain" >> $GITHUB_OUTPUT[0m
Test Userspace Execution	Setup Rust	2025-07-24T12:58:12.3086887Z [36;1mfi[0m
Test Userspace Execution	Setup Rust	2025-07-24T12:58:12.3121275Z shell: /usr/bin/bash --noprofile --norc -e -o pipefail {0}
Test Userspace Execution	Setup Rust	2025-07-24T12:58:12.3121595Z env:
Test Userspace Execution	Setup Rust	2025-07-24T12:58:12.3121760Z   RUST_BACKTRACE: 1
Test Userspace Execution	Setup Rust	2025-07-24T12:58:12.3121956Z   toolchain: nightly-2025-06-23
Test Userspace Execution	Setup Rust	2025-07-24T12:58:12.3122174Z ##[endgroup]
Test Userspace Execution	Setup Rust	2025-07-24T12:58:12.3227002Z ##[group]Run : construct rustup command line
Test Userspace Execution	Setup Rust	2025-07-24T12:58:12.3227297Z [36;1m: construct rustup command line[0m
Test Userspace Execution	Setup Rust	2025-07-24T12:58:12.3227682Z [36;1mecho "targets=$(for t in ${targets//,/ }; do echo -n ' --target' $t; done)" >> $GITHUB_OUTPUT[0m
Test Userspace Execution	Setup Rust	2025-07-24T12:58:12.3228223Z [36;1mecho "components=$(for c in ${components//,/ }; do echo -n ' --component' $c; done)" >> $GITHUB_OUTPUT[0m
Test Userspace Execution	Setup Rust	2025-07-24T12:58:12.3228636Z [36;1mecho "downgrade=" >> $GITHUB_OUTPUT[0m
Test Userspace Execution	Setup Rust	2025-07-24T12:58:12.3254650Z shell: /usr/bin/bash --noprofile --norc -e -o pipefail {0}
Test Userspace Execution	Setup Rust	2025-07-24T12:58:12.3254954Z env:
Test Userspace Execution	Setup Rust	2025-07-24T12:58:12.3255120Z   RUST_BACKTRACE: 1
Test Userspace Execution	Setup Rust	2025-07-24T12:58:12.3255296Z   targets: 
Test Userspace Execution	Setup Rust	2025-07-24T12:58:12.3255493Z   components: rust-src, llvm-tools-preview
Test Userspace Execution	Setup Rust	2025-07-24T12:58:12.3255735Z ##[endgroup]
Test Userspace Execution	Setup Rust	2025-07-24T12:58:12.3326781Z ##[group]Run : set $CARGO_HOME
Test Userspace Execution	Setup Rust	2025-07-24T12:58:12.3327016Z [36;1m: set $CARGO_HOME[0m
Test Userspace Execution	Setup Rust	2025-07-24T12:58:12.3327307Z [36;1mecho CARGO_HOME=${CARGO_HOME:-"$HOME/.cargo"} >> $GITHUB_ENV[0m
Test Userspace Execution	Setup Rust	2025-07-24T12:58:12.3353187Z shell: /usr/bin/bash --noprofile --norc -e -o pipefail {0}
Test Userspace Execution	Setup Rust	2025-07-24T12:58:12.3353475Z env:
Test Userspace Execution	Setup Rust	2025-07-24T12:58:12.3353639Z   RUST_BACKTRACE: 1
Test Userspace Execution	Setup Rust	2025-07-24T12:58:12.3353817Z ##[endgroup]
Test Userspace Execution	Setup Rust	2025-07-24T12:58:12.3423144Z ##[group]Run : install rustup if needed
Test Userspace Execution	Setup Rust	2025-07-24T12:58:12.3423424Z [36;1m: install rustup if needed[0m
Test Userspace Execution	Setup Rust	2025-07-24T12:58:12.3423681Z [36;1mif ! command -v rustup &>/dev/null; then[0m
Test Userspace Execution	Setup Rust	2025-07-24T12:58:12.3424338Z [36;1m  curl --proto '=https' --tlsv1.2 --retry 10 --retry-connrefused --location --silent --show-error --fail https://sh.rustup.rs | sh -s -- --default-toolchain none -y[0m
Test Userspace Execution	Setup Rust	2025-07-24T12:58:12.3424956Z [36;1m  echo "$CARGO_HOME/bin" >> $GITHUB_PATH[0m
Test Userspace Execution	Setup Rust	2025-07-24T12:58:12.3425198Z [36;1mfi[0m
Test Userspace Execution	Setup Rust	2025-07-24T12:58:12.3450936Z shell: /usr/bin/bash --noprofile --norc -e -o pipefail {0}
Test Userspace Execution	Setup Rust	2025-07-24T12:58:12.3451239Z env:
Test Userspace Execution	Setup Rust	2025-07-24T12:58:12.3451409Z   RUST_BACKTRACE: 1
Test Userspace Execution	Setup Rust	2025-07-24T12:58:12.3451601Z   CARGO_HOME: /home/runner/.cargo
Test Userspace Execution	Setup Rust	2025-07-24T12:58:12.3452023Z ##[endgroup]
Test Userspace Execution	Setup Rust	2025-07-24T12:58:12.3520978Z ##[group]Run rustup toolchain install nightly-2025-06-23 --component rust-src --component llvm-tools-preview --profile minimal --no-self-update
Test Userspace Execution	Setup Rust	2025-07-24T12:58:12.3521858Z [36;1mrustup toolchain install nightly-2025-06-23 --component rust-src --component llvm-tools-preview --profile minimal --no-self-update[0m
Test Userspace Execution	Setup Rust	2025-07-24T12:58:12.3548577Z shell: /usr/bin/bash --noprofile --norc -e -o pipefail {0}
Test Userspace Execution	Setup Rust	2025-07-24T12:58:12.3548877Z env:
Test Userspace Execution	Setup Rust	2025-07-24T12:58:12.3549044Z   RUST_BACKTRACE: 1
Test Userspace Execution	Setup Rust	2025-07-24T12:58:12.3549241Z   CARGO_HOME: /home/runner/.cargo
Test Userspace Execution	Setup Rust	2025-07-24T12:58:12.3549460Z ##[endgroup]
Test Userspace Execution	Setup Rust	2025-07-24T12:58:12.7926524Z info: syncing channel updates for 'nightly-2025-06-23-x86_64-unknown-linux-gnu'
Test Userspace Execution	Setup Rust	2025-07-24T12:58:12.9943204Z info: latest update on 2025-06-23, rust version 1.89.0-nightly (be19eda0d 2025-06-22)
Test Userspace Execution	Setup Rust	2025-07-24T12:58:12.9943874Z info: downloading component 'cargo'
Test Userspace Execution	Setup Rust	2025-07-24T12:58:13.0829589Z info: downloading component 'llvm-tools'
Test Userspace Execution	Setup Rust	2025-07-24T12:58:13.2953667Z info: downloading component 'rust-src'
Test Userspace Execution	Setup Rust	2025-07-24T12:58:13.3519735Z info: downloading component 'rust-std'
Test Userspace Execution	Setup Rust	2025-07-24T12:58:13.5282087Z info: downloading component 'rustc'
Test Userspace Execution	Setup Rust	2025-07-24T12:58:13.9362564Z info: installing component 'cargo'
Test Userspace Execution	Setup Rust	2025-07-24T12:58:14.5939285Z info: installing component 'llvm-tools'
Test Userspace Execution	Setup Rust	2025-07-24T12:58:16.9107165Z info: installing component 'rust-src'
Test Userspace Execution	Setup Rust	2025-07-24T12:58:17.3136929Z info: installing component 'rust-std'
Test Userspace Execution	Setup Rust	2025-07-24T12:58:19.3133289Z info: installing component 'rustc'
Test Userspace Execution	Setup Rust	2025-07-24T12:58:23.9998853Z 
Test Userspace Execution	Setup Rust	2025-07-24T12:58:24.0089825Z   nightly-2025-06-23-x86_64-unknown-linux-gnu installed - rustc 1.89.0-nightly (be19eda0d 2025-06-22)
Test Userspace Execution	Setup Rust	2025-07-24T12:58:24.0090504Z 
Test Userspace Execution	Setup Rust	2025-07-24T12:58:24.0142080Z ##[group]Run rustup default nightly-2025-06-23
Test Userspace Execution	Setup Rust	2025-07-24T12:58:24.0142399Z [36;1mrustup default nightly-2025-06-23[0m
Test Userspace Execution	Setup Rust	2025-07-24T12:58:24.0169766Z shell: /usr/bin/bash --noprofile --norc -e -o pipefail {0}
Test Userspace Execution	Setup Rust	2025-07-24T12:58:24.0170074Z env:
Test Userspace Execution	Setup Rust	2025-07-24T12:58:24.0170237Z   RUST_BACKTRACE: 1
Test Userspace Execution	Setup Rust	2025-07-24T12:58:24.0170444Z   CARGO_HOME: /home/runner/.cargo
Test Userspace Execution	Setup Rust	2025-07-24T12:58:24.0170838Z ##[endgroup]
Test Userspace Execution	Setup Rust	2025-07-24T12:58:24.0266276Z info: using existing install for 'nightly-2025-06-23-x86_64-unknown-linux-gnu'
Test Userspace Execution	Setup Rust	2025-07-24T12:58:24.0595824Z info: default toolchain set to 'nightly-2025-06-23-x86_64-unknown-linux-gnu'
Test Userspace Execution	Setup Rust	2025-07-24T12:58:24.0596490Z 
Test Userspace Execution	Setup Rust	2025-07-24T12:58:24.0682920Z   nightly-2025-06-23-x86_64-unknown-linux-gnu unchanged - rustc 1.89.0-nightly (be19eda0d 2025-06-22)
Test Userspace Execution	Setup Rust	2025-07-24T12:58:24.0683384Z 
Test Userspace Execution	Setup Rust	2025-07-24T12:58:24.0683904Z info: note that the toolchain 'nightly-x86_64-unknown-linux-gnu' is currently in use (overridden by '/home/runner/work/breenix/breenix/rust-toolchain.toml')
Test Userspace Execution	Setup Rust	2025-07-24T12:58:24.0725160Z ##[group]Run : create cachekey
Test Userspace Execution	Setup Rust	2025-07-24T12:58:24.0725430Z [36;1m: create cachekey[0m
Test Userspace Execution	Setup Rust	2025-07-24T12:58:24.0725900Z [36;1mDATE=$(rustc +nightly-2025-06-23 --version --verbose | sed -ne 's/^commit-date: \(20[0-9][0-9]\)-\([01][0-9]\)-\([0-3][0-9]\)$/\1\2\3/p')[0m
Test Userspace Execution	Setup Rust	2025-07-24T12:58:24.0726535Z [36;1mHASH=$(rustc +nightly-2025-06-23 --version --verbose | sed -ne 's/^commit-hash: //p')[0m
Test Userspace Execution	Setup Rust	2025-07-24T12:58:24.0727052Z [36;1mecho "cachekey=$(echo $DATE$HASH | head -c12)" >> $GITHUB_OUTPUT[0m
Test Userspace Execution	Setup Rust	2025-07-24T12:58:24.0755039Z shell: /usr/bin/bash --noprofile --norc -e -o pipefail {0}
Test Userspace Execution	Setup Rust	2025-07-24T12:58:24.0755343Z env:
Test Userspace Execution	Setup Rust	2025-07-24T12:58:24.0755510Z   RUST_BACKTRACE: 1
Test Userspace Execution	Setup Rust	2025-07-24T12:58:24.0755700Z   CARGO_HOME: /home/runner/.cargo
Test Userspace Execution	Setup Rust	2025-07-24T12:58:24.0755916Z ##[endgroup]
Test Userspace Execution	Setup Rust	2025-07-24T12:58:24.1135200Z ##[group]Run : disable incremental compilation
Test Userspace Execution	Setup Rust	2025-07-24T12:58:24.1135545Z [36;1m: disable incremental compilation[0m
Test Userspace Execution	Setup Rust	2025-07-24T12:58:24.1135825Z [36;1mif [ -z "${CARGO_INCREMENTAL+set}" ]; then[0m
Test Userspace Execution	Setup Rust	2025-07-24T12:58:24.1136116Z [36;1m  echo CARGO_INCREMENTAL=0 >> $GITHUB_ENV[0m
Test Userspace Execution	Setup Rust	2025-07-24T12:58:24.1136359Z [36;1mfi[0m
Test Userspace Execution	Setup Rust	2025-07-24T12:58:24.1163512Z shell: /usr/bin/bash --noprofile --norc -e -o pipefail {0}
Test Userspace Execution	Setup Rust	2025-07-24T12:58:24.1163816Z env:
Test Userspace Execution	Setup Rust	2025-07-24T12:58:24.1163976Z   RUST_BACKTRACE: 1
Test Userspace Execution	Setup Rust	2025-07-24T12:58:24.1164357Z   CARGO_HOME: /home/runner/.cargo
Test Userspace Execution	Setup Rust	2025-07-24T12:58:24.1164574Z ##[endgroup]
Test Userspace Execution	Setup Rust	2025-07-24T12:58:24.1223890Z ##[group]Run : enable colors in Cargo output
Test Userspace Execution	Setup Rust	2025-07-24T12:58:24.1224181Z [36;1m: enable colors in Cargo output[0m
Test Userspace Execution	Setup Rust	2025-07-24T12:58:24.1224453Z [36;1mif [ -z "${CARGO_TERM_COLOR+set}" ]; then[0m
Test Userspace Execution	Setup Rust	2025-07-24T12:58:24.1224749Z [36;1m  echo CARGO_TERM_COLOR=always >> $GITHUB_ENV[0m
Test Userspace Execution	Setup Rust	2025-07-24T12:58:24.1224997Z [36;1mfi[0m
Test Userspace Execution	Setup Rust	2025-07-24T12:58:24.1249334Z shell: /usr/bin/bash --noprofile --norc -e -o pipefail {0}
Test Userspace Execution	Setup Rust	2025-07-24T12:58:24.1249637Z env:
Test Userspace Execution	Setup Rust	2025-07-24T12:58:24.1249792Z   RUST_BACKTRACE: 1
Test Userspace Execution	Setup Rust	2025-07-24T12:58:24.1249988Z   CARGO_HOME: /home/runner/.cargo
Test Userspace Execution	Setup Rust	2025-07-24T12:58:24.1250205Z   CARGO_INCREMENTAL: 0
Test Userspace Execution	Setup Rust	2025-07-24T12:58:24.1250393Z ##[endgroup]
Test Userspace Execution	Setup Rust	2025-07-24T12:58:24.1310423Z ##[group]Run : enable Cargo sparse registry
Test Userspace Execution	Setup Rust	2025-07-24T12:58:24.1310916Z [36;1m: enable Cargo sparse registry[0m
Test Userspace Execution	Setup Rust	2025-07-24T12:58:24.1311233Z [36;1m# implemented in 1.66, stabilized in 1.68, made default in 1.70[0m
Test Userspace Execution	Setup Rust	2025-07-24T12:58:24.1312015Z [36;1mif [ -z "${CARGO_REGISTRIES_CRATES_IO_PROTOCOL+set}" -o -f "/home/runner/work/_temp"/.implicit_cargo_registries_crates_io_protocol ]; then[0m
Test Userspace Execution	Setup Rust	2025-07-24T12:58:24.1312686Z [36;1m  if rustc +nightly-2025-06-23 --version --verbose | grep -q '^release: 1\.6[89]\.'; then[0m
Test Userspace Execution	Setup Rust	2025-07-24T12:58:24.1313217Z [36;1m    touch "/home/runner/work/_temp"/.implicit_cargo_registries_crates_io_protocol || true[0m
Test Userspace Execution	Setup Rust	2025-07-24T12:58:24.1313684Z [36;1m    echo CARGO_REGISTRIES_CRATES_IO_PROTOCOL=sparse >> $GITHUB_ENV[0m
Test Userspace Execution	Setup Rust	2025-07-24T12:58:24.1314141Z [36;1m  elif rustc +nightly-2025-06-23 --version --verbose | grep -q '^release: 1\.6[67]\.'; then[0m
Test Userspace Execution	Setup Rust	2025-07-24T12:58:24.1314658Z [36;1m    touch "/home/runner/work/_temp"/.implicit_cargo_registries_crates_io_protocol || true[0m
Test Userspace Execution	Setup Rust	2025-07-24T12:58:24.1315102Z [36;1m    echo CARGO_REGISTRIES_CRATES_IO_PROTOCOL=git >> $GITHUB_ENV[0m
Test Userspace Execution	Setup Rust	2025-07-24T12:58:24.1315404Z [36;1m  fi[0m
Test Userspace Execution	Setup Rust	2025-07-24T12:58:24.1315568Z [36;1mfi[0m
Test Userspace Execution	Setup Rust	2025-07-24T12:58:24.1340363Z shell: /usr/bin/bash --noprofile --norc -e -o pipefail {0}
Test Userspace Execution	Setup Rust	2025-07-24T12:58:24.1340859Z env:
Test Userspace Execution	Setup Rust	2025-07-24T12:58:24.1341021Z   RUST_BACKTRACE: 1
Test Userspace Execution	Setup Rust	2025-07-24T12:58:24.1341214Z   CARGO_HOME: /home/runner/.cargo
Test Userspace Execution	Setup Rust	2025-07-24T12:58:24.1341441Z   CARGO_INCREMENTAL: 0
Test Userspace Execution	Setup Rust	2025-07-24T12:58:24.1341627Z   CARGO_TERM_COLOR: always
Test Userspace Execution	Setup Rust	2025-07-24T12:58:24.1341837Z ##[endgroup]
Test Userspace Execution	Setup Rust	2025-07-24T12:58:24.1693006Z ##[group]Run : work around spurious network errors in curl 8.0
Test Userspace Execution	Setup Rust	2025-07-24T12:58:24.1693416Z [36;1m: work around spurious network errors in curl 8.0[0m
Test Userspace Execution	Setup Rust	2025-07-24T12:58:24.1693894Z [36;1m# https://rust-lang.zulipchat.com/#narrow/stream/246057-t-cargo/topic/timeout.20investigation[0m
Test Userspace Execution	Setup Rust	2025-07-24T12:58:24.1694494Z [36;1mif rustc +nightly-2025-06-23 --version --verbose | grep -q '^release: 1\.7[01]\.'; then[0m
Test Userspace Execution	Setup Rust	2025-07-24T12:58:24.1694941Z [36;1m  echo CARGO_HTTP_MULTIPLEXING=false >> $GITHUB_ENV[0m
Test Userspace Execution	Setup Rust	2025-07-24T12:58:24.1695210Z [36;1mfi[0m
Test Userspace Execution	Setup Rust	2025-07-24T12:58:24.1722782Z shell: /usr/bin/bash --noprofile --norc -e -o pipefail {0}
Test Userspace Execution	Setup Rust	2025-07-24T12:58:24.1723105Z env:
Test Userspace Execution	Setup Rust	2025-07-24T12:58:24.1723281Z   RUST_BACKTRACE: 1
Test Userspace Execution	Setup Rust	2025-07-24T12:58:24.1723478Z   CARGO_HOME: /home/runner/.cargo
Test Userspace Execution	Setup Rust	2025-07-24T12:58:24.1723703Z   CARGO_INCREMENTAL: 0
Test Userspace Execution	Setup Rust	2025-07-24T12:58:24.1723907Z   CARGO_TERM_COLOR: always
Test Userspace Execution	Setup Rust	2025-07-24T12:58:24.1724132Z ##[endgroup]
Test Userspace Execution	Setup Rust	2025-07-24T12:58:24.1930459Z ##[group]Run rustc +nightly-2025-06-23 --version --verbose
Test Userspace Execution	Setup Rust	2025-07-24T12:58:24.1931058Z [36;1mrustc +nightly-2025-06-23 --version --verbose[0m
Test Userspace Execution	Setup Rust	2025-07-24T12:58:24.1957998Z shell: /usr/bin/bash --noprofile --norc -e -o pipefail {0}
Test Userspace Execution	Setup Rust	2025-07-24T12:58:24.1958300Z env:
Test Userspace Execution	Setup Rust	2025-07-24T12:58:24.1958476Z   RUST_BACKTRACE: 1
Test Userspace Execution	Setup Rust	2025-07-24T12:58:24.1958663Z   CARGO_HOME: /home/runner/.cargo
Test Userspace Execution	Setup Rust	2025-07-24T12:58:24.1958887Z   CARGO_INCREMENTAL: 0
Test Userspace Execution	Setup Rust	2025-07-24T12:58:24.1959078Z   CARGO_TERM_COLOR: always
Test Userspace Execution	Setup Rust	2025-07-24T12:58:24.1959276Z ##[endgroup]
Test Userspace Execution	Setup Rust	2025-07-24T12:58:24.2126013Z rustc 1.89.0-nightly (be19eda0d 2025-06-22)
Test Userspace Execution	Setup Rust	2025-07-24T12:58:24.2127930Z binary: rustc
Test Userspace Execution	Setup Rust	2025-07-24T12:58:24.2128358Z commit-hash: be19eda0dc4c22c5cf5f1b48fd163acf9bd4b0a6
Test Userspace Execution	Setup Rust	2025-07-24T12:58:24.2129238Z commit-date: 2025-06-22
Test Userspace Execution	Setup Rust	2025-07-24T12:58:24.2129558Z host: x86_64-unknown-linux-gnu
Test Userspace Execution	Setup Rust	2025-07-24T12:58:24.2137138Z release: 1.89.0-nightly
Test Userspace Execution	Setup Rust	2025-07-24T12:58:24.2137447Z LLVM version: 20.1.7
Test Userspace Execution	Cache cargo registry	﻿2025-07-24T12:58:24.2931609Z ##[group]Run actions/cache@v4
Test Userspace Execution	Cache cargo registry	2025-07-24T12:58:24.2931878Z with:
Test Userspace Execution	Cache cargo registry	2025-07-24T12:58:24.2932045Z   path: ~/.cargo/registry
Test Userspace Execution	Cache cargo registry	2025-07-24T12:58:24.2932413Z   key: Linux-cargo-registry-
Test Userspace Execution	Cache cargo registry	2025-07-24T12:58:24.2932753Z   enableCrossOsArchive: false
Test Userspace Execution	Cache cargo registry	2025-07-24T12:58:24.2933123Z   fail-on-cache-miss: false
Test Userspace Execution	Cache cargo registry	2025-07-24T12:58:24.2933437Z   lookup-only: false
Test Userspace Execution	Cache cargo registry	2025-07-24T12:58:24.2933714Z   save-always: false
Test Userspace Execution	Cache cargo registry	2025-07-24T12:58:24.2933964Z env:
Test Userspace Execution	Cache cargo registry	2025-07-24T12:58:24.2934202Z   RUST_BACKTRACE: 1
Test Userspace Execution	Cache cargo registry	2025-07-24T12:58:24.2934529Z   CARGO_HOME: /home/runner/.cargo
Test Userspace Execution	Cache cargo registry	2025-07-24T12:58:24.2934942Z   CARGO_INCREMENTAL: 0
Test Userspace Execution	Cache cargo registry	2025-07-24T12:58:24.2935282Z   CARGO_TERM_COLOR: always
Test Userspace Execution	Cache cargo registry	2025-07-24T12:58:24.2935642Z ##[endgroup]
Test Userspace Execution	Cache cargo registry	2025-07-24T12:58:24.5973198Z Cache not found for input keys: Linux-cargo-registry-
Test Userspace Execution	Cache cargo index	﻿2025-07-24T12:58:24.6761623Z ##[group]Run actions/cache@v4
Test Userspace Execution	Cache cargo index	2025-07-24T12:58:24.6761878Z with:
Test Userspace Execution	Cache cargo index	2025-07-24T12:58:24.6762050Z   path: ~/.cargo/git
Test Userspace Execution	Cache cargo index	2025-07-24T12:58:24.6762239Z   key: Linux-cargo-index-
Test Userspace Execution	Cache cargo index	2025-07-24T12:58:24.6762455Z   enableCrossOsArchive: false
Test Userspace Execution	Cache cargo index	2025-07-24T12:58:24.6762676Z   fail-on-cache-miss: false
Test Userspace Execution	Cache cargo index	2025-07-24T12:58:24.6762878Z   lookup-only: false
Test Userspace Execution	Cache cargo index	2025-07-24T12:58:24.6763057Z   save-always: false
Test Userspace Execution	Cache cargo index	2025-07-24T12:58:24.6763219Z env:
Test Userspace Execution	Cache cargo index	2025-07-24T12:58:24.6763375Z   RUST_BACKTRACE: 1
Test Userspace Execution	Cache cargo index	2025-07-24T12:58:24.6763552Z   CARGO_HOME: /home/runner/.cargo
Test Userspace Execution	Cache cargo index	2025-07-24T12:58:24.6763793Z   CARGO_INCREMENTAL: 0
Test Userspace Execution	Cache cargo index	2025-07-24T12:58:24.6763973Z   CARGO_TERM_COLOR: always
Test Userspace Execution	Cache cargo index	2025-07-24T12:58:24.6764162Z ##[endgroup]
Test Userspace Execution	Cache cargo index	2025-07-24T12:58:24.8732504Z Cache not found for input keys: Linux-cargo-index-
Test Userspace Execution	Cache cargo build	﻿2025-07-24T12:58:24.9540434Z ##[group]Run actions/cache@v4
Test Userspace Execution	Cache cargo build	2025-07-24T12:58:24.9540928Z with:
Test Userspace Execution	Cache cargo build	2025-07-24T12:58:24.9541098Z   path: target
Test Userspace Execution	Cache cargo build	2025-07-24T12:58:24.9541287Z   key: Linux-cargo-build-target-
Test Userspace Execution	Cache cargo build	2025-07-24T12:58:24.9541532Z   enableCrossOsArchive: false
Test Userspace Execution	Cache cargo build	2025-07-24T12:58:24.9541749Z   fail-on-cache-miss: false
Test Userspace Execution	Cache cargo build	2025-07-24T12:58:24.9541949Z   lookup-only: false
Test Userspace Execution	Cache cargo build	2025-07-24T12:58:24.9542128Z   save-always: false
Test Userspace Execution	Cache cargo build	2025-07-24T12:58:24.9542288Z env:
Test Userspace Execution	Cache cargo build	2025-07-24T12:58:24.9542441Z   RUST_BACKTRACE: 1
Test Userspace Execution	Cache cargo build	2025-07-24T12:58:24.9542622Z   CARGO_HOME: /home/runner/.cargo
Test Userspace Execution	Cache cargo build	2025-07-24T12:58:24.9542838Z   CARGO_INCREMENTAL: 0
Test Userspace Execution	Cache cargo build	2025-07-24T12:58:24.9543022Z   CARGO_TERM_COLOR: always
Test Userspace Execution	Cache cargo build	2025-07-24T12:58:24.9543217Z ##[endgroup]
Test Userspace Execution	Cache cargo build	2025-07-24T12:58:25.1540690Z Cache not found for input keys: Linux-cargo-build-target-
Test Userspace Execution	Build Breenix	﻿2025-07-24T12:58:25.1604437Z ##[group]Run cargo build --release
Test Userspace Execution	Build Breenix	2025-07-24T12:58:25.1604741Z [36;1mcargo build --release[0m
Test Userspace Execution	Build Breenix	2025-07-24T12:58:25.1631520Z shell: /usr/bin/bash -e {0}
Test Userspace Execution	Build Breenix	2025-07-24T12:58:25.1631743Z env:
Test Userspace Execution	Build Breenix	2025-07-24T12:58:25.1631900Z   RUST_BACKTRACE: 1
Test Userspace Execution	Build Breenix	2025-07-24T12:58:25.1632094Z   CARGO_HOME: /home/runner/.cargo
Test Userspace Execution	Build Breenix	2025-07-24T12:58:25.1632316Z   CARGO_INCREMENTAL: 0
Test Userspace Execution	Build Breenix	2025-07-24T12:58:25.1632501Z   CARGO_TERM_COLOR: always
Test Userspace Execution	Build Breenix	2025-07-24T12:58:25.1632708Z ##[endgroup]
Test Userspace Execution	Build Breenix	2025-07-24T12:58:25.1731665Z info: syncing channel updates for 'nightly-x86_64-unknown-linux-gnu'
Test Userspace Execution	Build Breenix	2025-07-24T12:58:25.2713379Z info: latest update on 2025-07-24, rust version 1.90.0-nightly (ace633090 2025-07-23)
Test Userspace Execution	Build Breenix	2025-07-24T12:58:25.2714057Z info: downloading component 'cargo'
Test Userspace Execution	Build Breenix	2025-07-24T12:58:25.3591268Z info: downloading component 'clippy'
Test Userspace Execution	Build Breenix	2025-07-24T12:58:25.4188050Z info: downloading component 'llvm-tools'
Test Userspace Execution	Build Breenix	2025-07-24T12:58:25.6282654Z info: downloading component 'rust-docs'
Test Userspace Execution	Build Breenix	2025-07-24T12:58:25.7593568Z info: downloading component 'rust-src'
Test Userspace Execution	Build Breenix	2025-07-24T12:58:25.8193868Z info: downloading component 'rust-std'
Test Userspace Execution	Build Breenix	2025-07-24T12:58:25.9950362Z info: downloading component 'rust-std' for 'x86_64-unknown-none'
Test Userspace Execution	Build Breenix	2025-07-24T12:58:26.0988212Z info: downloading component 'rustc'
Test Userspace Execution	Build Breenix	2025-07-24T12:58:26.5683613Z info: downloading component 'rustfmt'
Test Userspace Execution	Build Breenix	2025-07-24T12:58:26.6209797Z info: installing component 'cargo'
Test Userspace Execution	Build Breenix	2025-07-24T12:58:27.2799971Z info: installing component 'clippy'
Test Userspace Execution	Build Breenix	2025-07-24T12:58:27.6468288Z info: installing component 'llvm-tools'
Test Userspace Execution	Build Breenix	2025-07-24T12:58:29.9769861Z info: installing component 'rust-docs'
Test Userspace Execution	Build Breenix	2025-07-24T12:58:32.5005151Z info: installing component 'rust-src'
Test Userspace Execution	Build Breenix	2025-07-24T12:58:32.9298002Z info: installing component 'rust-std'
Test Userspace Execution	Build Breenix	2025-07-24T12:58:35.0373303Z info: installing component 'rust-std' for 'x86_64-unknown-none'
Test Userspace Execution	Build Breenix	2025-07-24T12:58:36.0295041Z info: installing component 'rustc'
Test Userspace Execution	Build Breenix	2025-07-24T12:58:40.6924515Z info: installing component 'rustfmt'
Test Userspace Execution	Build Breenix	2025-07-24T12:58:41.0480740Z [1m[32m    Updating[0m git repository `https://github.com/rust-osdev/bootloader.git`
Test Userspace Execution	Build Breenix	2025-07-24T12:58:41.4116042Z [1m[32m    Updating[0m crates.io index
Test Userspace Execution	Build Breenix	2025-07-24T12:58:42.5019664Z [1m[32m     Locking[0m 269 packages to latest compatible versions
Test Userspace Execution	Build Breenix	2025-07-24T12:58:42.5140782Z [1m[36m      Adding[0m pic8259 v0.10.4 [1m[33m(available: v0.11.0)[0m
Test Userspace Execution	Build Breenix	2025-07-24T12:58:42.5229386Z [1m[36m      Adding[0m spin v0.9.8 [1m[33m(available: v0.10.0)[0m
Test Userspace Execution	Build Breenix	2025-07-24T12:58:42.5250047Z [1m[36m      Adding[0m sysinfo v0.30.13 [1m[33m(available: v0.36.1)[0m
Test Userspace Execution	Build Breenix	2025-07-24T12:58:42.5380976Z [1m[32m Downloading[0m crates ...
Test Userspace Execution	Build Breenix	2025-07-24T12:58:42.6506700Z [1m[32m  Downloaded[0m adler2 v2.0.1
Test Userspace Execution	Build Breenix	2025-07-24T12:58:42.6632702Z [1m[32m  Downloaded[0m fatfs v0.3.6
Test Userspace Execution	Build Breenix	2025-07-24T12:58:42.6749388Z [1m[32m  Downloaded[0m conquer-util v0.3.0
Test Userspace Execution	Build Breenix	2025-07-24T12:58:42.6765534Z [1m[32m  Downloaded[0m conquer-once v0.3.2
Test Userspace Execution	Build Breenix	2025-07-24T12:58:42.6784747Z [1m[32m  Downloaded[0m zeroize v1.8.1
Test Userspace Execution	Build Breenix	2025-07-24T12:58:42.6799830Z [1m[32m  Downloaded[0m conquer-once v0.4.0
Test Userspace Execution	Build Breenix	2025-07-24T12:58:42.6819098Z [1m[32m  Downloaded[0m volatile v0.4.6
Test Userspace Execution	Build Breenix	2025-07-24T12:58:42.6836226Z [1m[32m  Downloaded[0m bitflags v2.9.1
Test Userspace Execution	Build Breenix	2025-07-24T12:58:42.6887575Z [1m[32m  Downloaded[0m wyz v0.5.1
Test Userspace Execution	Build Breenix	2025-07-24T12:58:42.6901720Z [1m[32m  Downloaded[0m cfg-if v1.0.1
Test Userspace Execution	Build Breenix	2025-07-24T12:58:42.6920501Z [1m[32m  Downloaded[0m futures-core v0.3.31
Test Userspace Execution	Build Breenix	2025-07-24T12:58:42.6938809Z [1m[32m  Downloaded[0m byteorder v1.5.0
Test Userspace Execution	Build Breenix	2025-07-24T12:58:42.6959873Z [1m[32m  Downloaded[0m funty v2.0.0
Test Userspace Execution	Build Breenix	2025-07-24T12:58:42.6969544Z [1m[32m  Downloaded[0m fnv v1.0.7
Test Userspace Execution	Build Breenix	2025-07-24T12:58:42.6980169Z [1m[32m  Downloaded[0m float-cmp v0.9.0
Test Userspace Execution	Build Breenix	2025-07-24T12:58:42.7004452Z [1m[32m  Downloaded[0m zero v0.1.3
Test Userspace Execution	Build Breenix	2025-07-24T12:58:42.7018204Z [1m[32m  Downloaded[0m llvm-tools v0.1.1
Test Userspace Execution	Build Breenix	2025-07-24T12:58:42.7033093Z [1m[32m  Downloaded[0m pic8259 v0.10.4
Test Userspace Execution	Build Breenix	2025-07-24T12:58:42.7055379Z [1m[32m  Downloaded[0m xmas-elf v0.8.0
Test Userspace Execution	Build Breenix	2025-07-24T12:58:42.7073586Z [1m[32m  Downloaded[0m percent-encoding v2.3.1
Test Userspace Execution	Build Breenix	2025-07-24T12:58:42.7083311Z [1m[32m  Downloaded[0m num-traits v0.2.19
Test Userspace Execution	Build Breenix	2025-07-24T12:58:42.7126041Z [1m[32m  Downloaded[0m xattr v1.5.1
Test Userspace Execution	Build Breenix	2025-07-24T12:58:42.7164840Z [1m[32m  Downloaded[0m utf-8 v0.7.6
Test Userspace Execution	Build Breenix	2025-07-24T12:58:42.7183838Z [1m[32m  Downloaded[0m uuid v1.17.0
Test Userspace Execution	Build Breenix	2025-07-24T12:58:42.7224655Z [1m[32m  Downloaded[0m unicode-ident v1.0.18
Test Userspace Execution	Build Breenix	2025-07-24T12:58:42.7263301Z [1m[32m  Downloaded[0m x86_64 v0.15.2
Test Userspace Execution	Build Breenix	2025-07-24T12:58:42.7322347Z [1m[32m  Downloaded[0m raw-cpuid v10.7.0
Test Userspace Execution	Build Breenix	2025-07-24T12:58:42.7363580Z [1m[32m  Downloaded[0m x86_64 v0.14.13
Test Userspace Execution	Build Breenix	2025-07-24T12:58:42.7417608Z [1m[32m  Downloaded[0m typenum v1.18.0
Test Userspace Execution	Build Breenix	2025-07-24T12:58:42.7454771Z [1m[32m  Downloaded[0m rand v0.8.5
Test Userspace Execution	Build Breenix	2025-07-24T12:58:42.7494033Z [1m[32m  Downloaded[0m micromath v2.1.0
Test Userspace Execution	Build Breenix	2025-07-24T12:58:42.7547434Z [1m[32m  Downloaded[0m ureq v3.0.12
Test Userspace Execution	Build Breenix	2025-07-24T12:58:42.7603945Z [1m[32m  Downloaded[0m serde_json v1.0.141
Test Userspace Execution	Build Breenix	2025-07-24T12:58:42.7679934Z [1m[32m  Downloaded[0m serde v1.0.219
Test Userspace Execution	Build Breenix	2025-07-24T12:58:42.7712752Z [1m[32m  Downloaded[0m rustls-webpki v0.103.4
Test Userspace Execution	Build Breenix	2025-07-24T12:58:42.7745370Z [1m[32m  Downloaded[0m futures-util v0.3.31
Test Userspace Execution	Build Breenix	2025-07-24T12:58:42.7877981Z [1m[32m  Downloaded[0m bitvec v1.0.1
Test Userspace Execution	Build Breenix	2025-07-24T12:58:42.8045486Z [1m[32m  Downloaded[0m webpki-roots v1.0.2
Test Userspace Execution	Build Breenix	2025-07-24T12:58:42.8082308Z [1m[32m  Downloaded[0m memchr v2.7.5
Test Userspace Execution	Build Breenix	2025-07-24T12:58:42.8138073Z [1m[32m  Downloaded[0m ureq-proto v0.4.2
Test Userspace Execution	Build Breenix	2025-07-24T12:58:42.8184482Z [1m[32m  Downloaded[0m syn v2.0.104
Test Userspace Execution	Build Breenix	2025-07-24T12:58:42.8293744Z [1m[32m  Downloaded[0m tar v0.4.44
Test Userspace Execution	Build Breenix	2025-07-24T12:58:42.8321427Z [1m[32m  Downloaded[0m spinning_top v0.2.5
Test Userspace Execution	Build Breenix	2025-07-24T12:58:42.8338179Z [1m[32m  Downloaded[0m rustls v0.23.29
Test Userspace Execution	Build Breenix	2025-07-24T12:58:42.8458325Z [1m[32m  Downloaded[0m serde_derive v1.0.219
Test Userspace Execution	Build Breenix	2025-07-24T12:58:42.8487896Z [1m[32m  Downloaded[0m rustls-pki-types v1.12.0
Test Userspace Execution	Build Breenix	2025-07-24T12:58:42.8535614Z [1m[32m  Downloaded[0m rustix v1.0.8
Test Userspace Execution	Build Breenix	2025-07-24T12:58:42.8804938Z [1m[32m  Downloaded[0m http v1.3.1
Test Userspace Execution	Build Breenix	2025-07-24T12:58:42.8841097Z [1m[32m  Downloaded[0m tempfile v3.20.0
Test Userspace Execution	Build Breenix	2025-07-24T12:58:42.8869090Z [1m[32m  Downloaded[0m ryu v1.0.20
Test Userspace Execution	Build Breenix	2025-07-24T12:58:42.8904359Z [1m[32m  Downloaded[0m quote v1.0.40
Test Userspace Execution	Build Breenix	2025-07-24T12:58:42.8932417Z [1m[32m  Downloaded[0m noto-sans-mono-bitmap v0.2.0
Test Userspace Execution	Build Breenix	2025-07-24T12:58:43.1260231Z [1m[32m  Downloaded[0m proc-macro2 v1.0.95
Test Userspace Execution	Build Breenix	2025-07-24T12:58:43.1286744Z [1m[32m  Downloaded[0m getrandom v0.3.3
Test Userspace Execution	Build Breenix	2025-07-24T12:58:43.1319972Z [1m[32m  Downloaded[0m crc32fast v1.5.0
Test Userspace Execution	Build Breenix	2025-07-24T12:58:43.1341973Z [1m[32m  Downloaded[0m thiserror-impl v1.0.69
Test Userspace Execution	Build Breenix	2025-07-24T12:58:43.1355385Z [1m[32m  Downloaded[0m spin v0.9.8
Test Userspace Execution	Build Breenix	2025-07-24T12:58:43.1379231Z [1m[32m  Downloaded[0m sha2 v0.10.9
Test Userspace Execution	Build Breenix	2025-07-24T12:58:43.1404708Z [1m[32m  Downloaded[0m libc v0.2.174
Test Userspace Execution	Build Breenix	2025-07-24T12:58:43.1660489Z [1m[32m  Downloaded[0m rustls-pemfile v2.2.0
Test Userspace Execution	Build Breenix	2025-07-24T12:58:43.1684791Z [1m[32m  Downloaded[0m rand_hc v0.3.2
Test Userspace Execution	Build Breenix	2025-07-24T12:58:43.1695251Z [1m[32m  Downloaded[0m pin-project-lite v0.2.16
Test Userspace Execution	Build Breenix	2025-07-24T12:58:43.1752173Z [1m[32m  Downloaded[0m log v0.4.27
Test Userspace Execution	Build Breenix	2025-07-24T12:58:43.1774944Z [1m[32m  Downloaded[0m getrandom v0.2.16
Test Userspace Execution	Build Breenix	2025-07-24T12:58:43.1803223Z [1m[32m  Downloaded[0m flate2 v1.1.2
Test Userspace Execution	Build Breenix	2025-07-24T12:58:43.1849697Z [1m[32m  Downloaded[0m fastrand v2.3.0
Test Userspace Execution	Build Breenix	2025-07-24T12:58:43.1862488Z [1m[32m  Downloaded[0m embedded-graphics-core v0.4.0
Test Userspace Execution	Build Breenix	2025-07-24T12:58:43.1887126Z [1m[32m  Downloaded[0m crossbeam-utils v0.8.21
Test Userspace Execution	Build Breenix	2025-07-24T12:58:43.1913486Z [1m[32m  Downloaded[0m crc-catalog v2.4.0
Test Userspace Execution	Build Breenix	2025-07-24T12:58:43.1925192Z [1m[32m  Downloaded[0m crc v3.3.0
Test Userspace Execution	Build Breenix	2025-07-24T12:58:43.1941904Z [1m[32m  Downloaded[0m bincode v1.3.3
Test Userspace Execution	Build Breenix	2025-07-24T12:58:43.1963790Z [1m[32m  Downloaded[0m az v1.2.1
Test Userspace Execution	Build Breenix	2025-07-24T12:58:43.1982056Z [1m[32m  Downloaded[0m anyhow v1.0.98
Test Userspace Execution	Build Breenix	2025-07-24T12:58:43.2026409Z [1m[32m  Downloaded[0m untrusted v0.9.0
Test Userspace Execution	Build Breenix	2025-07-24T12:58:43.2047469Z [1m[32m  Downloaded[0m thiserror v1.0.69
Test Userspace Execution	Build Breenix	2025-07-24T12:58:43.2104259Z [1m[32m  Downloaded[0m tap v1.0.1
Test Userspace Execution	Build Breenix	2025-07-24T12:58:43.2113669Z [1m[32m  Downloaded[0m subtle v2.6.1
Test Userspace Execution	Build Breenix	2025-07-24T12:58:43.2125759Z [1m[32m  Downloaded[0m shlex v1.3.0
Test Userspace Execution	Build Breenix	2025-07-24T12:58:43.2138408Z [1m[32m  Downloaded[0m scopeguard v1.2.0
Test Userspace Execution	Build Breenix	2025-07-24T12:58:43.2151220Z [1m[32m  Downloaded[0m rustversion v1.0.21
Test Userspace Execution	Build Breenix	2025-07-24T12:58:43.2178554Z [1m[32m  Downloaded[0m rand_core v0.6.4
Test Userspace Execution	Build Breenix	2025-07-24T12:58:43.2192337Z [1m[32m  Downloaded[0m radium v0.7.0
Test Userspace Execution	Build Breenix	2025-07-24T12:58:43.2202703Z [1m[32m  Downloaded[0m ovmf-prebuilt v0.2.3
Test Userspace Execution	Build Breenix	2025-07-24T12:58:43.2212855Z [1m[32m  Downloaded[0m mbrman v0.5.4
Test Userspace Execution	Build Breenix	2025-07-24T12:58:43.2225323Z [1m[32m  Downloaded[0m lzma-rs v0.3.0
Test Userspace Execution	Build Breenix	2025-07-24T12:58:43.2251271Z [1m[32m  Downloaded[0m lock_api v0.4.13
Test Userspace Execution	Build Breenix	2025-07-24T12:58:43.2264665Z [1m[32m  Downloaded[0m gpt v3.1.0
Test Userspace Execution	Build Breenix	2025-07-24T12:58:43.2384293Z [1m[32m  Downloaded[0m errno v0.3.13
Test Userspace Execution	Build Breenix	2025-07-24T12:58:43.2402602Z [1m[32m  Downloaded[0m digest v0.10.7
Test Userspace Execution	Build Breenix	2025-07-24T12:58:43.2420905Z [1m[32m  Downloaded[0m crypto-common v0.1.6
Test Userspace Execution	Build Breenix	2025-07-24T12:58:43.2429754Z [1m[32m  Downloaded[0m crossbeam-queue v0.3.12
Test Userspace Execution	Build Breenix	2025-07-24T12:58:43.2442264Z [1m[32m  Downloaded[0m bit_field v0.10.2
Test Userspace Execution	Build Breenix	2025-07-24T12:58:43.2453803Z [1m[32m  Downloaded[0m autocfg v1.5.0
Test Userspace Execution	Build Breenix	2025-07-24T12:58:43.2472821Z [1m[32m  Downloaded[0m webpki-roots v0.26.11
Test Userspace Execution	Build Breenix	2025-07-24T12:58:43.2485569Z [1m[32m  Downloaded[0m usize_conversions v0.2.0
Test Userspace Execution	Build Breenix	2025-07-24T12:58:43.2491799Z [1m[32m  Downloaded[0m uart_16550 v0.3.2
Test Userspace Execution	Build Breenix	2025-07-24T12:58:43.2504443Z [1m[32m  Downloaded[0m serde-big-array v0.5.1
Test Userspace Execution	Build Breenix	2025-07-24T12:58:43.2519931Z [1m[32m  Downloaded[0m itoa v1.0.15
Test Userspace Execution	Build Breenix	2025-07-24T12:58:43.2533975Z [1m[32m  Downloaded[0m base64 v0.22.1
Test Userspace Execution	Build Breenix	2025-07-24T12:58:43.2571706Z [1m[32m  Downloaded[0m httparse v1.10.1
Test Userspace Execution	Build Breenix	2025-07-24T12:58:43.2596408Z [1m[32m  Downloaded[0m version_check v0.9.5
Test Userspace Execution	Build Breenix	2025-07-24T12:58:43.2609072Z [1m[32m  Downloaded[0m once_cell v1.21.3
Test Userspace Execution	Build Breenix	2025-07-24T12:58:43.2634237Z [1m[32m  Downloaded[0m ring v0.17.14
Test Userspace Execution	Build Breenix	2025-07-24T12:58:43.3051543Z [1m[32m  Downloaded[0m futures-task v0.3.31
Test Userspace Execution	Build Breenix	2025-07-24T12:58:43.3062620Z [1m[32m  Downloaded[0m generic-array v0.14.7
Test Userspace Execution	Build Breenix	2025-07-24T12:58:43.3076862Z [1m[32m  Downloaded[0m pin-utils v0.1.0
Test Userspace Execution	Build Breenix	2025-07-24T12:58:43.3088796Z [1m[32m  Downloaded[0m miniz_oxide v0.8.9
Test Userspace Execution	Build Breenix	2025-07-24T12:58:43.3114714Z [1m[32m  Downloaded[0m cpufeatures v0.2.17
Test Userspace Execution	Build Breenix	2025-07-24T12:58:43.3128405Z [1m[32m  Downloaded[0m bytes v1.10.1
Test Userspace Execution	Build Breenix	2025-07-24T12:58:43.3170305Z [1m[32m  Downloaded[0m filetime v0.2.25
Test Userspace Execution	Build Breenix	2025-07-24T12:58:43.3186543Z [1m[32m  Downloaded[0m cc v1.2.30
Test Userspace Execution	Build Breenix	2025-07-24T12:58:43.3221497Z [1m[32m  Downloaded[0m block-buffer v0.10.4
Test Userspace Execution	Build Breenix	2025-07-24T12:58:43.3232017Z [1m[32m  Downloaded[0m bitflags v1.3.2
Test Userspace Execution	Build Breenix	2025-07-24T12:58:43.3279417Z [1m[32m  Downloaded[0m x86 v0.52.0
Test Userspace Execution	Build Breenix	2025-07-24T12:58:43.3736074Z [1m[32m  Downloaded[0m linux-raw-sys v0.9.4
Test Userspace Execution	Build Breenix	2025-07-24T12:58:43.4230401Z [1m[32m  Downloaded[0m embedded-graphics v0.8.1
Test Userspace Execution	Build Breenix	2025-07-24T12:58:43.5494518Z [1m[32m   Compiling[0m unicode-ident v1.0.18
Test Userspace Execution	Build Breenix	2025-07-24T12:58:43.5495387Z [1m[32m   Compiling[0m proc-macro2 v1.0.95
Test Userspace Execution	Build Breenix	2025-07-24T12:58:43.5496084Z [1m[32m   Compiling[0m autocfg v1.5.0
Test Userspace Execution	Build Breenix	2025-07-24T12:58:43.5496653Z [1m[32m   Compiling[0m rustversion v1.0.21
Test Userspace Execution	Build Breenix	2025-07-24T12:58:43.7778689Z [1m[32m   Compiling[0m serde v1.0.219
Test Userspace Execution	Build Breenix	2025-07-24T12:58:43.8309545Z [1m[32m   Compiling[0m lock_api v0.4.13
Test Userspace Execution	Build Breenix	2025-07-24T12:58:43.9099917Z [1m[32m   Compiling[0m cfg-if v1.0.1
Test Userspace Execution	Build Breenix	2025-07-24T12:58:43.9137605Z [1m[32m   Compiling[0m x86 v0.52.0
Test Userspace Execution	Build Breenix	2025-07-24T12:58:43.9927808Z [1m[32m   Compiling[0m libc v0.2.174
Test Userspace Execution	Build Breenix	2025-07-24T12:58:44.1851888Z [1m[32m   Compiling[0m quote v1.0.40
Test Userspace Execution	Build Breenix	2025-07-24T12:58:44.2179600Z [1m[32m   Compiling[0m bit_field v0.10.2
Test Userspace Execution	Build Breenix	2025-07-24T12:58:44.3116479Z [1m[32m   Compiling[0m shlex v1.3.0
Test Userspace Execution	Build Breenix	2025-07-24T12:58:44.3608259Z [1m[32m   Compiling[0m syn v2.0.104
Test Userspace Execution	Build Breenix	2025-07-24T12:58:44.4054654Z [1m[32m   Compiling[0m bootloader_api v0.11.10 (https://github.com/rust-osdev/bootloader.git?branch=main#0d4e5025)
Test Userspace Execution	Build Breenix	2025-07-24T12:58:44.7088066Z [1m[32m   Compiling[0m cc v1.2.30
Test Userspace Execution	Build Breenix	2025-07-24T12:58:44.7968863Z [1m[32m   Compiling[0m bitflags v2.9.1
Test Userspace Execution	Build Breenix	2025-07-24T12:58:44.9272134Z [1m[32m   Compiling[0m typenum v1.18.0
Test Userspace Execution	Build Breenix	2025-07-24T12:58:45.1137083Z [1m[32m   Compiling[0m zeroize v1.8.1
Test Userspace Execution	Build Breenix	2025-07-24T12:58:45.2371918Z [1m[32m   Compiling[0m version_check v0.9.5
Test Userspace Execution	Build Breenix	2025-07-24T12:58:45.4513429Z [1m[32m   Compiling[0m getrandom v0.3.3
Test Userspace Execution	Build Breenix	2025-07-24T12:58:45.4805120Z [1m[32m   Compiling[0m generic-array v0.14.7
Test Userspace Execution	Build Breenix	2025-07-24T12:58:45.5576682Z [1m[32m   Compiling[0m rustls-pki-types v1.12.0
Test Userspace Execution	Build Breenix	2025-07-24T12:58:46.0474667Z [1m[32m   Compiling[0m ring v0.17.14
Test Userspace Execution	Build Breenix	2025-07-24T12:58:46.4713363Z [1m[32m   Compiling[0m num-traits v0.2.19
Test Userspace Execution	Build Breenix	2025-07-24T12:58:46.5506501Z [1m[32m   Compiling[0m bitflags v1.3.2
Test Userspace Execution	Build Breenix	2025-07-24T12:58:46.5871595Z [1m[32m   Compiling[0m az v1.2.1
Test Userspace Execution	Build Breenix	2025-07-24T12:58:46.7418300Z [1m[32m   Compiling[0m serde_derive v1.0.219
Test Userspace Execution	Build Breenix	2025-07-24T12:58:47.0677662Z [1m[32m   Compiling[0m radium v0.7.0
Test Userspace Execution	Build Breenix	2025-07-24T12:58:47.1173618Z [1m[32m   Compiling[0m volatile v0.4.6
Test Userspace Execution	Build Breenix	2025-07-24T12:58:47.1690064Z [1m[32m   Compiling[0m scopeguard v1.2.0
Test Userspace Execution	Build Breenix	2025-07-24T12:58:47.3559562Z [1m[32m   Compiling[0m raw-cpuid v10.7.0
Test Userspace Execution	Build Breenix	2025-07-24T12:58:49.0247186Z [1m[32m   Compiling[0m crossbeam-utils v0.8.21
Test Userspace Execution	Build Breenix	2025-07-24T12:58:49.1643255Z [1m[32m   Compiling[0m tap v1.0.1
Test Userspace Execution	Build Breenix	2025-07-24T12:58:49.2224348Z [1m[32m   Compiling[0m rand_core v0.6.4
Test Userspace Execution	Build Breenix	2025-07-24T12:58:49.4637882Z [1m[32m   Compiling[0m rustix v1.0.8
Test Userspace Execution	Build Breenix	2025-07-24T12:58:49.6543951Z [1m[32m   Compiling[0m thiserror v1.0.69
Test Userspace Execution	Build Breenix	2025-07-24T12:58:49.8264409Z [1m[32m   Compiling[0m conquer-util v0.3.0
Test Userspace Execution	Build Breenix	2025-07-24T12:58:49.9982395Z [1m[32m   Compiling[0m wyz v0.5.1
Test Userspace Execution	Build Breenix	2025-07-24T12:58:52.7197669Z [1m[32m   Compiling[0m thiserror-impl v1.0.69
Test Userspace Execution	Build Breenix	2025-07-24T12:58:52.9566797Z [1m[32m   Compiling[0m getrandom v0.2.16
Test Userspace Execution	Build Breenix	2025-07-24T12:58:53.1086137Z [1m[32m   Compiling[0m funty v2.0.0
Test Userspace Execution	Build Breenix	2025-07-24T12:58:53.1989832Z [1m[32m   Compiling[0m crc32fast v1.5.0
Test Userspace Execution	Build Breenix	2025-07-24T12:58:53.3206234Z [1m[32m   Compiling[0m untrusted v0.9.0
Test Userspace Execution	Build Breenix	2025-07-24T12:58:53.3809602Z [1m[32m   Compiling[0m linux-raw-sys v0.9.4
Test Userspace Execution	Build Breenix	2025-07-24T12:58:53.6988811Z [1m[32m   Compiling[0m httparse v1.10.1
Test Userspace Execution	Build Breenix	2025-07-24T12:58:53.7044810Z [1m[32m   Compiling[0m zero v0.1.3
Test Userspace Execution	Build Breenix	2025-07-24T12:58:53.7620083Z [1m[32m   Compiling[0m serde_json v1.0.141
Test Userspace Execution	Build Breenix	2025-07-24T12:58:53.8436341Z [1m[32m   Compiling[0m anyhow v1.0.98
Test Userspace Execution	Build Breenix	2025-07-24T12:58:53.8734982Z [1m[32m   Compiling[0m byteorder v1.5.0
Test Userspace Execution	Build Breenix	2025-07-24T12:58:53.9917106Z [1m[32m   Compiling[0m crc-catalog v2.4.0
Test Userspace Execution	Build Breenix	2025-07-24T12:58:53.9990450Z [1m[32m   Compiling[0m llvm-tools v0.1.1
Test Userspace Execution	Build Breenix	2025-07-24T12:58:54.0019584Z [1m[32m   Compiling[0m log v0.4.27
Test Userspace Execution	Build Breenix	2025-07-24T12:58:54.1037819Z [1m[32m   Compiling[0m bootloader v0.11.10 (https://github.com/rust-osdev/bootloader.git?branch=main#0d4e5025)
Test Userspace Execution	Build Breenix	2025-07-24T12:58:54.1207427Z [1m[32m   Compiling[0m crc v3.3.0
Test Userspace Execution	Build Breenix	2025-07-24T12:58:54.2664891Z [1m[32m   Compiling[0m embedded-graphics-core v0.4.0
Test Userspace Execution	Build Breenix	2025-07-24T12:58:54.3209862Z [1m[32m   Compiling[0m xmas-elf v0.8.0
Test Userspace Execution	Build Breenix	2025-07-24T12:58:54.7700379Z [1m[32m   Compiling[0m bitvec v1.0.1
Test Userspace Execution	Build Breenix	2025-07-24T12:58:55.1399579Z [1m[32m   Compiling[0m bootloader-boot-config v0.11.10 (https://github.com/rust-osdev/bootloader.git?branch=main#0d4e5025)
Test Userspace Execution	Build Breenix	2025-07-24T12:58:55.2564558Z [1m[32m   Compiling[0m float-cmp v0.9.0
Test Userspace Execution	Build Breenix	2025-07-24T12:58:55.3275014Z [1m[32m   Compiling[0m bincode v1.3.3
Test Userspace Execution	Build Breenix	2025-07-24T12:58:55.6862719Z [1m[32m   Compiling[0m serde-big-array v0.5.1
Test Userspace Execution	Build Breenix	2025-07-24T12:58:55.7605391Z [1m[32m   Compiling[0m uart_16550 v0.3.2
Test Userspace Execution	Build Breenix	2025-07-24T12:58:56.0137144Z [1m[32m   Compiling[0m conquer-once v0.3.2
Test Userspace Execution	Build Breenix	2025-07-24T12:58:56.1065233Z [1m[32m   Compiling[0m rand v0.8.5
Test Userspace Execution	Build Breenix	2025-07-24T12:58:56.1754853Z [1m[32m   Compiling[0m rand_hc v0.3.2
Test Userspace Execution	Build Breenix	2025-07-24T12:58:56.3114593Z [1m[32m   Compiling[0m spinning_top v0.2.5
Test Userspace Execution	Build Breenix	2025-07-24T12:58:56.3617281Z [1m[32m   Compiling[0m uuid v1.17.0
Test Userspace Execution	Build Breenix	2025-07-24T12:58:56.4912764Z [1m[32m   Compiling[0m x86_64 v0.14.13
Test Userspace Execution	Build Breenix	2025-07-24T12:58:56.6277563Z [1m[32m   Compiling[0m x86_64 v0.15.2
Test Userspace Execution	Build Breenix	2025-07-24T12:58:56.6865220Z [1m[32m   Compiling[0m rustls v0.23.29
Test Userspace Execution	Build Breenix	2025-07-24T12:58:56.7395373Z [1m[32m   Compiling[0m micromath v2.1.0
Test Userspace Execution	Build Breenix	2025-07-24T12:58:57.0750030Z [1m[32m   Compiling[0m itoa v1.0.15
Test Userspace Execution	Build Breenix	2025-07-24T12:58:57.1307761Z [1m[32m   Compiling[0m fastrand v2.3.0
Test Userspace Execution	Build Breenix	2025-07-24T12:58:57.2369758Z [1m[32m   Compiling[0m usize_conversions v0.2.0
Test Userspace Execution	Build Breenix	2025-07-24T12:58:57.2753531Z [1m[32m   Compiling[0m futures-core v0.3.31
Test Userspace Execution	Build Breenix	2025-07-24T12:58:57.4374976Z [1m[32m   Compiling[0m once_cell v1.21.3
Test Userspace Execution	Build Breenix	2025-07-24T12:58:57.5769287Z [1m[32m   Compiling[0m futures-task v0.3.31
Test Userspace Execution	Build Breenix	2025-07-24T12:58:57.6529607Z [1m[32m   Compiling[0m fnv v1.0.7
Test Userspace Execution	Build Breenix	2025-07-24T12:58:57.6584696Z [1m[32m   Compiling[0m noto-sans-mono-bitmap v0.2.0
Test Userspace Execution	Build Breenix	2025-07-24T12:58:57.9200844Z [1m[32m   Compiling[0m ryu v1.0.20
Test Userspace Execution	Build Breenix	2025-07-24T12:58:57.9398672Z [1m[32m   Compiling[0m kernel v0.1.0 (/home/runner/work/breenix/breenix/kernel)
Test Userspace Execution	Build Breenix	2025-07-24T12:58:57.9437127Z [1m[32m   Compiling[0m bytes v1.10.1
Test Userspace Execution	Build Breenix	2025-07-24T12:58:58.0195634Z [1m[32m   Compiling[0m pin-utils v0.1.0
Test Userspace Execution	Build Breenix	2025-07-24T12:58:58.0482343Z [1m[32m   Compiling[0m adler2 v2.0.1
Test Userspace Execution	Build Breenix	2025-07-24T12:58:58.0510055Z [1m[32m   Compiling[0m memchr v2.7.5
Test Userspace Execution	Build Breenix	2025-07-24T12:58:58.2618132Z [1m[32m   Compiling[0m pin-project-lite v0.2.16
Test Userspace Execution	Build Breenix	2025-07-24T12:58:58.3032727Z [1m[32m   Compiling[0m futures-util v0.3.31
Test Userspace Execution	Build Breenix	2025-07-24T12:58:58.6813867Z [1m[32m   Compiling[0m http v1.3.1
Test Userspace Execution	Build Breenix	2025-07-24T12:58:59.4783152Z [1m[32m   Compiling[0m bootloader-x86_64-common v0.11.10 (https://github.com/rust-osdev/bootloader.git?branch=main#0d4e5025)
Test Userspace Execution	Build Breenix	2025-07-24T12:58:59.7979487Z [1m[32m   Compiling[0m miniz_oxide v0.8.9
Test Userspace Execution	Build Breenix	2025-07-24T12:58:59.8323726Z [1m[32m   Compiling[0m fatfs v0.3.6
Test Userspace Execution	Build Breenix	2025-07-24T12:59:00.3739942Z [1m[32m   Compiling[0m tempfile v3.20.0
Test Userspace Execution	Build Breenix	2025-07-24T12:59:00.6818829Z [1m[32m   Compiling[0m pic8259 v0.10.4
Test Userspace Execution	Build Breenix	2025-07-24T12:59:01.2715185Z [1m[32m   Compiling[0m embedded-graphics v0.8.1
Test Userspace Execution	Build Breenix	2025-07-24T12:59:01.7286137Z [1m[32m   Compiling[0m mbrman v0.5.4
Test Userspace Execution	Build Breenix	2025-07-24T12:59:02.1935773Z [1m[32m   Compiling[0m gpt v3.1.0
Test Userspace Execution	Build Breenix	2025-07-24T12:59:02.2931665Z [1m[32m   Compiling[0m crossbeam-queue v0.3.12
Test Userspace Execution	Build Breenix	2025-07-24T12:59:03.3562283Z [1m[32m   Compiling[0m block-buffer v0.10.4
Test Userspace Execution	Build Breenix	2025-07-24T12:59:03.4293085Z [1m[32m   Compiling[0m crypto-common v0.1.6
Test Userspace Execution	Build Breenix	2025-07-24T12:59:03.4925690Z [1m[32m   Compiling[0m conquer-once v0.4.0
Test Userspace Execution	Build Breenix	2025-07-24T12:59:03.4971793Z [1m[32m   Compiling[0m spin v0.9.8
Test Userspace Execution	Build Breenix	2025-07-24T12:59:03.5758121Z [1m[32m   Compiling[0m webpki-roots v1.0.2
Test Userspace Execution	Build Breenix	2025-07-24T12:59:03.7541593Z [1m[32m   Compiling[0m subtle v2.6.1
Test Userspace Execution	Build Breenix	2025-07-24T12:59:03.8805189Z [1m[32m   Compiling[0m base64 v0.22.1
Test Userspace Execution	Build Breenix	2025-07-24T12:59:04.1098656Z [1m[32m   Compiling[0m rustls-webpki v0.103.4
Test Userspace Execution	Build Breenix	2025-07-24T12:59:04.3397315Z [1m[32m   Compiling[0m ureq-proto v0.4.2
Test Userspace Execution	Build Breenix	2025-07-24T12:59:12.8057669Z [1m[32m   Compiling[0m webpki-roots v0.26.11
Test Userspace Execution	Build Breenix	2025-07-24T12:59:13.0572705Z [0m[1m[33mwarning[0m[0m[1m: associated function `new` is never used[0m
Test Userspace Execution	Build Breenix	2025-07-24T12:59:13.0573543Z [0m  [0m[0m[1m[38;5;12m--> [0m[0mkernel/src/serial/command.rs:25:14[0m
Test Userspace Execution	Build Breenix	2025-07-24T12:59:13.0574084Z [0m   [0m[0m[1m[38;5;12m|[0m
Test Userspace Execution	Build Breenix	2025-07-24T12:59:13.0574690Z [0m[1m[38;5;12m24[0m[0m [0m[0m[1m[38;5;12m|[0m[0m [0m[0mimpl CommandRegistry {[0m
Test Userspace Execution	Build Breenix	2025-07-24T12:59:13.0575686Z [0m   [0m[0m[1m[38;5;12m|[0m[0m [0m[0m[1m[38;5;12m--------------------[0m[0m [0m[0m[1m[38;5;12massociated function in this implementation[0m
Test Userspace Execution	Build Breenix	2025-07-24T12:59:13.0576607Z [0m[1m[38;5;12m25[0m[0m [0m[0m[1m[38;5;12m|[0m[0m [0m[0m    const fn new() -> Self {[0m
Test Userspace Execution	Build Breenix	2025-07-24T12:59:13.0577303Z [0m   [0m[0m[1m[38;5;12m|[0m[0m              [0m[0m[1m[33m^^^[0m
Test Userspace Execution	Build Breenix	2025-07-24T12:59:13.0577796Z [0m   [0m[0m[1m[38;5;12m|[0m
Test Userspace Execution	Build Breenix	2025-07-24T12:59:13.0578388Z [0m   [0m[0m[1m[38;5;12m= [0m[0m[1mnote[0m[0m: `#[warn(dead_code)]` on by default[0m
Test Userspace Execution	Build Breenix	2025-07-24T12:59:13.0578785Z 
Test Userspace Execution	Build Breenix	2025-07-24T12:59:13.3601891Z [1m[33mwarning[0m[1m:[0m `kernel` (lib) generated 1 warning
Test Userspace Execution	Build Breenix	2025-07-24T12:59:13.3624219Z [1m[32m   Compiling[0m digest v0.10.7
Test Userspace Execution	Build Breenix	2025-07-24T12:59:13.7342526Z [1m[32m   Compiling[0m flate2 v1.1.2
Test Userspace Execution	Build Breenix	2025-07-24T12:59:13.8556451Z [1m[32m   Compiling[0m xattr v1.5.1
Test Userspace Execution	Build Breenix	2025-07-24T12:59:14.9013644Z [1m[32m   Compiling[0m rustls-pemfile v2.2.0
Test Userspace Execution	Build Breenix	2025-07-24T12:59:15.0162189Z [1m[32m   Compiling[0m filetime v0.2.25
Test Userspace Execution	Build Breenix	2025-07-24T12:59:15.3687828Z [1m[32m   Compiling[0m utf-8 v0.7.6
Test Userspace Execution	Build Breenix	2025-07-24T12:59:15.6518630Z [1m[32m   Compiling[0m cpufeatures v0.2.17
Test Userspace Execution	Build Breenix	2025-07-24T12:59:15.7224927Z [1m[32m   Compiling[0m percent-encoding v2.3.1
Test Userspace Execution	Build Breenix	2025-07-24T12:59:17.7452854Z [1m[32m   Compiling[0m ureq v3.0.12
Test Userspace Execution	Build Breenix	2025-07-24T12:59:21.2235984Z [1m[32m   Compiling[0m lzma-rs v0.3.0
Test Userspace Execution	Build Breenix	2025-07-24T12:59:23.0260175Z [1m[32m   Compiling[0m sha2 v0.10.9
Test Userspace Execution	Build Breenix	2025-07-24T12:59:27.7067679Z [1m[32m   Compiling[0m tar v0.4.44
Test Userspace Execution	Build Breenix	2025-07-24T12:59:34.9532121Z [0m[1m[38;5;9merror[0m[0m[1m: invalid signature for `extern "x86-interrupt"` function[0m
Test Userspace Execution	Build Breenix	2025-07-24T12:59:34.9533525Z [0m   [0m[0m[1m[38;5;12m--> [0m[0mkernel/src/interrupts.rs:151:6[0m
Test Userspace Execution	Build Breenix	2025-07-24T12:59:34.9534701Z [0m    [0m[0m[1m[38;5;12m|[0m
Test Userspace Execution	Build Breenix	2025-07-24T12:59:34.9535684Z [0m[1m[38;5;12m151[0m[0m [0m[0m[1m[38;5;12m|[0m[0m [0m[0m) -> ! {[0m
Test Userspace Execution	Build Breenix	2025-07-24T12:59:34.9536739Z [0m    [0m[0m[1m[38;5;12m|[0m[0m      [0m[0m[1m[38;5;9m^[0m
Test Userspace Execution	Build Breenix	2025-07-24T12:59:34.9537756Z [0m    [0m[0m[1m[38;5;12m|[0m
Test Userspace Execution	Build Breenix	2025-07-24T12:59:34.9553071Z [0m    [0m[0m[1m[38;5;12m= [0m[0m[1mnote[0m[0m: functions with the "custom" ABI cannot have a return type[0m
Test Userspace Execution	Build Breenix	2025-07-24T12:59:34.9554066Z [0m[1m[38;5;14mhelp[0m[0m: remove the return type[0m
Test Userspace Execution	Build Breenix	2025-07-24T12:59:34.9554895Z [0m   [0m[0m[1m[38;5;12m--> [0m[0mkernel/src/interrupts.rs:151:6[0m
Test Userspace Execution	Build Breenix	2025-07-24T12:59:34.9555662Z [0m    [0m[0m[1m[38;5;12m|[0m
Test Userspace Execution	Build Breenix	2025-07-24T12:59:34.9556407Z [0m[1m[38;5;12m151[0m[0m [0m[0m[1m[38;5;12m|[0m[0m [0m[0m) -> ! {[0m
Test Userspace Execution	Build Breenix	2025-07-24T12:59:34.9557250Z [0m    [0m[0m[1m[38;5;12m|[0m[0m      [0m[0m[1m[38;5;14m^[0m
Test Userspace Execution	Build Breenix	2025-07-24T12:59:34.9557742Z 
Test Userspace Execution	Build Breenix	2025-07-24T12:59:35.7472315Z [0m[1m[33mwarning[0m[0m[1m: unreachable statement[0m
Test Userspace Execution	Build Breenix	2025-07-24T12:59:35.7473073Z [0m   [0m[0m[1m[38;5;12m--> [0m[0mkernel/src/syscall/handlers.rs:429:9[0m
Test Userspace Execution	Build Breenix	2025-07-24T12:59:35.7473616Z [0m    [0m[0m[1m[38;5;12m|[0m
Test Userspace Execution	Build Breenix	2025-07-24T12:59:35.7480223Z [0m[1m[38;5;12m406[0m[0m [0m[0m[1m[38;5;12m|[0m[0m   [0m[0m                return SyscallResult::Err(22); // EINVAL[0m
Test Userspace Execution	Build Breenix	2025-07-24T12:59:35.7481612Z [0m    [0m[0m[1m[38;5;12m|[0m[0m                   [0m[0m[1m[38;5;12m-----------------------------[0m[0m [0m[0m[1m[38;5;12many code following this expression is unreachable[0m
Test Userspace Execution	Build Breenix	2025-07-24T12:59:35.7482347Z [0m[1m[38;5;12m...[0m
Test Userspace Execution	Build Breenix	2025-07-24T12:59:35.7483262Z [0m[1m[38;5;12m429[0m[0m [0m[0m[1m[38;5;12m|[0m[0m [0m[0m[1m[33m/[0m[0m [0m[0m        let current_pid = {[0m
Test Userspace Execution	Build Breenix	2025-07-24T12:59:35.7484393Z [0m[1m[38;5;12m430[0m[0m [0m[0m[1m[38;5;12m|[0m[0m [0m[0m[1m[33m|[0m[0m [0m[0m            let manager_guard = crate::process::manager();[0m
Test Userspace Execution	Build Breenix	2025-07-24T12:59:35.7485407Z [0m[1m[38;5;12m431[0m[0m [0m[0m[1m[38;5;12m|[0m[0m [0m[0m[1m[33m|[0m[0m [0m[0m            if let Some(ref manager) = *manager_guard {[0m
Test Userspace Execution	Build Breenix	2025-07-24T12:59:35.7486529Z [0m[1m[38;5;12m432[0m[0m [0m[0m[1m[38;5;12m|[0m[0m [0m[0m[1m[33m|[0m[0m [0m[0m                if let Some((pid, _)) = manager.find_process_by_thread(current_thread_id) {[0m
Test Userspace Execution	Build Breenix	2025-07-24T12:59:35.7487333Z [0m[1m[38;5;12m...[0m[0m   [0m[0m[1m[33m|[0m
Test Userspace Execution	Build Breenix	2025-07-24T12:59:35.7487987Z [0m[1m[38;5;12m442[0m[0m [0m[0m[1m[38;5;12m|[0m[0m [0m[0m[1m[33m|[0m[0m [0m[0m        };[0m
Test Userspace Execution	Build Breenix	2025-07-24T12:59:35.7488866Z [0m    [0m[0m[1m[38;5;12m|[0m[0m [0m[0m[1m[33m|__________^[0m[0m [0m[0m[1m[33munreachable statement[0m
Test Userspace Execution	Build Breenix	2025-07-24T12:59:35.7489473Z [0m    [0m[0m[1m[38;5;12m|[0m
Test Userspace Execution	Build Breenix	2025-07-24T12:59:35.7490076Z [0m    [0m[0m[1m[38;5;12m= [0m[0m[1mnote[0m[0m: `#[warn(unreachable_code)]` on by default[0m
Test Userspace Execution	Build Breenix	2025-07-24T12:59:35.7490474Z 
Test Userspace Execution	Build Breenix	2025-07-24T12:59:35.8783543Z [0m[1m[33mwarning[0m[0m[1m: unreachable statement[0m
Test Userspace Execution	Build Breenix	2025-07-24T12:59:35.8784293Z [0m   [0m[0m[1m[38;5;12m--> [0m[0mkernel/src/process/manager.rs:377:9[0m
Test Userspace Execution	Build Breenix	2025-07-24T12:59:35.8784813Z [0m    [0m[0m[1m[38;5;12m|[0m
Test Userspace Execution	Build Breenix	2025-07-24T12:59:35.8785925Z [0m[1m[38;5;12m374[0m[0m [0m[0m[1m[38;5;12m|[0m[0m [0m[0m            return Err("Cannot implement fork without testing feature");[0m
Test Userspace Execution	Build Breenix	2025-07-24T12:59:35.8787140Z [0m    [0m[0m[1m[38;5;12m|[0m[0m             [0m[0m[1m[38;5;12m-----------------------------------------------------------[0m[0m [0m[0m[1m[38;5;12many code following this expression is unreachable[0m
Test Userspace Execution	Build Breenix	2025-07-24T12:59:35.8787938Z [0m[1m[38;5;12m...[0m
Test Userspace Execution	Build Breenix	2025-07-24T12:59:35.8788589Z [0m[1m[38;5;12m377[0m[0m [0m[0m[1m[38;5;12m|[0m[0m [0m[0m        child_process.page_table = Some(child_page_table);[0m
Test Userspace Execution	Build Breenix	2025-07-24T12:59:35.8789542Z [0m    [0m[0m[1m[38;5;12m|[0m[0m         [0m[0m[1m[33m^^^^^^^^^^^^^^^^^^^^^^^^^^^^^^^^^^^^^^^^^^^^^^^^^^[0m[0m [0m[0m[1m[33munreachable statement[0m
Test Userspace Execution	Build Breenix	2025-07-24T12:59:35.8789947Z 
Test Userspace Execution	Build Breenix	2025-07-24T12:59:35.9127438Z [0m[1m[33mwarning[0m[0m[1m: unreachable statement[0m
Test Userspace Execution	Build Breenix	2025-07-24T12:59:35.9128253Z [0m   [0m[0m[1m[38;5;12m--> [0m[0mkernel/src/process/manager.rs:612:9[0m
Test Userspace Execution	Build Breenix	2025-07-24T12:59:35.9128844Z [0m    [0m[0m[1m[38;5;12m|[0m
Test Userspace Execution	Build Breenix	2025-07-24T12:59:35.9129670Z [0m[1m[38;5;12m609[0m[0m [0m[0m[1m[38;5;12m|[0m[0m [0m[0m            return Err("Cannot implement fork without testing feature");[0m
Test Userspace Execution	Build Breenix	2025-07-24T12:59:35.9131149Z [0m    [0m[0m[1m[38;5;12m|[0m[0m             [0m[0m[1m[38;5;12m-----------------------------------------------------------[0m[0m [0m[0m[1m[38;5;12many code following this expression is unreachable[0m
Test Userspace Execution	Build Breenix	2025-07-24T12:59:35.9132014Z [0m[1m[38;5;12m...[0m
Test Userspace Execution	Build Breenix	2025-07-24T12:59:35.9132752Z [0m[1m[38;5;12m612[0m[0m [0m[0m[1m[38;5;12m|[0m[0m [0m[0m        child_process.page_table = Some(child_page_table);[0m
Test Userspace Execution	Build Breenix	2025-07-24T12:59:35.9133755Z [0m    [0m[0m[1m[38;5;12m|[0m[0m         [0m[0m[1m[33m^^^^^^^^^^^^^^^^^^^^^^^^^^^^^^^^^^^^^^^^^^^^^^^^^^[0m[0m [0m[0m[1m[33munreachable statement[0m
Test Userspace Execution	Build Breenix	2025-07-24T12:59:35.9134196Z 
Test Userspace Execution	Build Breenix	2025-07-24T12:59:36.8063805Z [0m[1m[33mwarning[0m[0m[1m: unused variable: `current_thread_id`[0m
Test Userspace Execution	Build Breenix	2025-07-24T12:59:36.8065083Z [0m   [0m[0m[1m[38;5;12m--> [0m[0mkernel/src/syscall/handlers.rs:374:13[0m
Test Userspace Execution	Build Breenix	2025-07-24T12:59:36.8065878Z [0m    [0m[0m[1m[38;5;12m|[0m
Test Userspace Execution	Build Breenix	2025-07-24T12:59:36.8067235Z [0m[1m[38;5;12m374[0m[0m [0m[0m[1m[38;5;12m|[0m[0m [0m[0m        let current_thread_id = match crate::task::scheduler::current_thread_id() {[0m
Test Userspace Execution	Build Breenix	2025-07-24T12:59:36.8069249Z [0m    [0m[0m[1m[38;5;12m|[0m[0m             [0m[0m[1m[33m^^^^^^^^^^^^^^^^^[0m[0m [0m[0m[1m[33mhelp: if this is intentional, prefix it with an underscore: `_current_thread_id`[0m
Test Userspace Execution	Build Breenix	2025-07-24T12:59:36.8070324Z [0m    [0m[0m[1m[38;5;12m|[0m
Test Userspace Execution	Build Breenix	2025-07-24T12:59:36.8071431Z [0m    [0m[0m[1m[38;5;12m= [0m[0m[1mnote[0m[0m: `#[warn(unused_variables)]` on by default[0m
Test Userspace Execution	Build Breenix	2025-07-24T12:59:36.8072029Z 
Test Userspace Execution	Build Breenix	2025-07-24T12:59:36.8072546Z [0m[1m[33mwarning[0m[0m[1m: unused variable: `elf_data`[0m
Test Userspace Execution	Build Breenix	2025-07-24T12:59:36.8073428Z [0m   [0m[0m[1m[38;5;12m--> [0m[0mkernel/src/syscall/handlers.rs:390:13[0m
Test Userspace Execution	Build Breenix	2025-07-24T12:59:36.8074186Z [0m    [0m[0m[1m[38;5;12m|[0m
Test Userspace Execution	Build Breenix	2025-07-24T12:59:36.8075103Z [0m[1m[38;5;12m390[0m[0m [0m[0m[1m[38;5;12m|[0m[0m [0m[0m        let elf_data = if program_name_ptr != 0 {[0m
Test Userspace Execution	Build Breenix	2025-07-24T12:59:36.8076509Z [0m    [0m[0m[1m[38;5;12m|[0m[0m             [0m[0m[1m[33m^^^^^^^^[0m[0m [0m[0m[1m[33mhelp: if this is intentional, prefix it with an underscore: `_elf_data`[0m
Test Userspace Execution	Build Breenix	2025-07-24T12:59:36.8077313Z 
Test Userspace Execution	Build Breenix	2025-07-24T12:59:37.0204290Z [0m[1m[33mwarning[0m[0m[1m: unused variable: `parent_thread_info`[0m
Test Userspace Execution	Build Breenix	2025-07-24T12:59:37.0205626Z [0m   [0m[0m[1m[38;5;12m--> [0m[0mkernel/src/process/manager.rs:335:47[0m
Test Userspace Execution	Build Breenix	2025-07-24T12:59:37.0206473Z [0m    [0m[0m[1m[38;5;12m|[0m
Test Userspace Execution	Build Breenix	2025-07-24T12:59:37.0207508Z [0m[1m[38;5;12m335[0m[0m [0m[0m[1m[38;5;12m|[0m[0m [0m[0m        let (parent_name, parent_entry_point, parent_thread_info) = {[0m
Test Userspace Execution	Build Breenix	2025-07-24T12:59:37.0209068Z [0m    [0m[0m[1m[38;5;12m|[0m[0m                                               [0m[0m[1m[33m^^^^^^^^^^^^^^^^^^[0m[0m [0m[0m[1m[33mhelp: if this is intentional, prefix it with an underscore: `_parent_thread_info`[0m
Test Userspace Execution	Build Breenix	2025-07-24T12:59:37.0210281Z 
Test Userspace Execution	Build Breenix	2025-07-24T12:59:37.0211035Z [0m[1m[33mwarning[0m[0m[1m: unused variable: `userspace_rsp`[0m
Test Userspace Execution	Build Breenix	2025-07-24T12:59:37.0211956Z [0m   [0m[0m[1m[38;5;12m--> [0m[0mkernel/src/process/manager.rs:332:75[0m
Test Userspace Execution	Build Breenix	2025-07-24T12:59:37.0212705Z [0m    [0m[0m[1m[38;5;12m|[0m
Test Userspace Execution	Build Breenix	2025-07-24T12:59:37.0213902Z [0m[1m[38;5;12m332[0m[0m [0m[0m[1m[38;5;12m|[0m[0m [0m[0m    pub fn fork_process_with_page_table(&mut self, parent_pid: ProcessId, userspace_rsp: Option<u64>, [0m
Test Userspace Execution	Build Breenix	2025-07-24T12:59:37.0215632Z [0m    [0m[0m[1m[38;5;12m|[0m[0m                                                                           [0m[0m[1m[33m^^^^^^^^^^^^^[0m[0m [0m[0m[1m[33mhelp: if this is intentional, prefix it with an underscore: `_userspace_rsp`[0m
Test Userspace Execution	Build Breenix	2025-07-24T12:59:37.0216491Z 
Test Userspace Execution	Build Breenix	2025-07-24T12:59:37.0217111Z [0m[1m[33mwarning[0m[0m[1m: unused variable: `child_page_table`[0m
Test Userspace Execution	Build Breenix	2025-07-24T12:59:37.0218118Z [0m   [0m[0m[1m[38;5;12m--> [0m[0mkernel/src/process/manager.rs:333:44[0m
Test Userspace Execution	Build Breenix	2025-07-24T12:59:37.0218898Z [0m    [0m[0m[1m[38;5;12m|[0m
Test Userspace Execution	Build Breenix	2025-07-24T12:59:37.0220404Z [0m[1m[38;5;12m333[0m[0m [0m[0m[1m[38;5;12m|[0m[0m [0m[0m[1m[38;5;12m...[0m[0m                   mut child_page_table: Box<ProcessPageTable>) -> Result<ProcessId, &'static str> {[0m
Test Userspace Execution	Build Breenix	2025-07-24T12:59:37.0235380Z [0m    [0m[0m[1m[38;5;12m|[0m[0m                           [0m[0m[1m[33m^^^^^^^^^^^^^^^^[0m[0m [0m[0m[1m[33mhelp: if this is intentional, prefix it with an underscore: `_child_page_table`[0m
Test Userspace Execution	Build Breenix	2025-07-24T12:59:37.0236277Z 
Test Userspace Execution	Build Breenix	2025-07-24T12:59:37.0236794Z [0m[1m[33mwarning[0m[0m[1m: variable does not need to be mutable[0m
Test Userspace Execution	Build Breenix	2025-07-24T12:59:37.0237715Z [0m   [0m[0m[1m[38;5;12m--> [0m[0mkernel/src/process/manager.rs:333:40[0m
Test Userspace Execution	Build Breenix	2025-07-24T12:59:37.0238494Z [0m    [0m[0m[1m[38;5;12m|[0m
Test Userspace Execution	Build Breenix	2025-07-24T12:59:37.0239770Z [0m[1m[38;5;12m333[0m[0m [0m[0m[1m[38;5;12m|[0m[0m [0m[0m[1m[38;5;12m...[0m[0m                   mut child_page_table: Box<ProcessPageTable>) -> Result<ProcessId, &'static str> {[0m
Test Userspace Execution	Build Breenix	2025-07-24T12:59:37.0241387Z [0m    [0m[0m[1m[38;5;12m|[0m[0m                       [0m[0m[1m[38;5;12m----[0m[0m[1m[33m^^^^^^^^^^^^^^^^[0m
Test Userspace Execution	Build Breenix	2025-07-24T12:59:37.0242659Z [0m    [0m[0m[1m[38;5;12m|[0m[0m                       [0m[0m[1m[38;5;12m|[0m
Test Userspace Execution	Build Breenix	2025-07-24T12:59:37.0243591Z [0m    [0m[0m[1m[38;5;12m|[0m[0m                       [0m[0m[1m[38;5;12mhelp: remove this `mut`[0m
Test Userspace Execution	Build Breenix	2025-07-24T12:59:37.0244356Z [0m    [0m[0m[1m[38;5;12m|[0m
Test Userspace Execution	Build Breenix	2025-07-24T12:59:37.0245180Z [0m    [0m[0m[1m[38;5;12m= [0m[0m[1mnote[0m[0m: `#[warn(unused_mut)]` on by default[0m
Test Userspace Execution	Build Breenix	2025-07-24T12:59:37.0245761Z 
Test Userspace Execution	Build Breenix	2025-07-24T12:59:37.0452537Z [0m[1m[33mwarning[0m[0m[1m: unused variable: `parent_thread`[0m
Test Userspace Execution	Build Breenix	2025-07-24T12:59:37.0455713Z [0m   [0m[0m[1m[38;5;12m--> [0m[0mkernel/src/process/manager.rs:531:13[0m
Test Userspace Execution	Build Breenix	2025-07-24T12:59:37.0456613Z [0m    [0m[0m[1m[38;5;12m|[0m
Test Userspace Execution	Build Breenix	2025-07-24T12:59:37.0457608Z [0m[1m[38;5;12m531[0m[0m [0m[0m[1m[38;5;12m|[0m[0m [0m[0m        let parent_thread = parent.main_thread.as_ref()[0m
Test Userspace Execution	Build Breenix	2025-07-24T12:59:37.0459342Z [0m    [0m[0m[1m[38;5;12m|[0m[0m             [0m[0m[1m[33m^^^^^^^^^^^^^[0m[0m [0m[0m[1m[33mhelp: if this is intentional, prefix it with an underscore: `_parent_thread`[0m
Test Userspace Execution	Build Breenix	2025-07-24T12:59:37.0460868Z 
Test Userspace Execution	Build Breenix	2025-07-24T12:59:37.0461544Z [0m[1m[33mwarning[0m[0m[1m: unused variable: `userspace_rsp`[0m
Test Userspace Execution	Build Breenix	2025-07-24T12:59:37.0462374Z [0m   [0m[0m[1m[38;5;12m--> [0m[0mkernel/src/process/manager.rs:525:72[0m
Test Userspace Execution	Build Breenix	2025-07-24T12:59:37.0462998Z [0m    [0m[0m[1m[38;5;12m|[0m
Test Userspace Execution	Build Breenix	2025-07-24T12:59:37.0464265Z [0m[1m[38;5;12m525[0m[0m [0m[0m[1m[38;5;12m|[0m[0m [0m[0m    pub fn fork_process_with_context(&mut self, parent_pid: ProcessId, userspace_rsp: Option<u64>) -> Result<ProcessId, &'static str> {[0m
Test Userspace Execution	Build Breenix	2025-07-24T12:59:37.0466360Z [0m    [0m[0m[1m[38;5;12m|[0m[0m                                                                        [0m[0m[1m[33m^^^^^^^^^^^^^[0m[0m [0m[0m[1m[33mhelp: if this is intentional, prefix it with an underscore: `_userspace_rsp`[0m
Test Userspace Execution	Build Breenix	2025-07-24T12:59:37.0467107Z 
Test Userspace Execution	Build Breenix	2025-07-24T12:59:37.0550052Z [0m[1m[33mwarning[0m[0m[1m: variable does not need to be mutable[0m
Test Userspace Execution	Build Breenix	2025-07-24T12:59:37.0601778Z [0m   [0m[0m[1m[38;5;12m--> [0m[0mkernel/src/process/manager.rs:563:13[0m
Test Userspace Execution	Build Breenix	2025-07-24T12:59:37.0621533Z [0m    [0m[0m[1m[38;5;12m|[0m
Test Userspace Execution	Build Breenix	2025-07-24T12:59:37.0622635Z [0m[1m[38;5;12m563[0m[0m [0m[0m[1m[38;5;12m|[0m[0m [0m[0m        let mut child_page_table = Box::new([0m
Test Userspace Execution	Build Breenix	2025-07-24T12:59:37.0623530Z [0m    [0m[0m[1m[38;5;12m|[0m[0m             [0m[0m[1m[38;5;12m----[0m[0m[1m[33m^^^^^^^^^^^^^^^^[0m
Test Userspace Execution	Build Breenix	2025-07-24T12:59:37.0624271Z [0m    [0m[0m[1m[38;5;12m|[0m[0m             [0m[0m[1m[38;5;12m|[0m
Test Userspace Execution	Build Breenix	2025-07-24T12:59:37.0625046Z [0m    [0m[0m[1m[38;5;12m|[0m[0m             [0m[0m[1m[38;5;12mhelp: remove this `mut`[0m
Test Userspace Execution	Build Breenix	2025-07-24T12:59:37.0625446Z 
Test Userspace Execution	Build Breenix	2025-07-24T12:59:37.2919287Z [1m[33mwarning[0m[1m:[0m `kernel` (bin "kernel") generated 12 warnings
Test Userspace Execution	Build Breenix	2025-07-24T12:59:37.2921819Z [1m[31merror[0m[1m:[0m could not compile `kernel` (bin "kernel") due to 1 previous error; 12 warnings emitted
Test Userspace Execution	Build Breenix	2025-07-24T12:59:37.2923105Z [1m[33mwarning[0m[1m:[0m build failed, waiting for other jobs to finish...
Test Userspace Execution	Build Breenix	2025-07-24T13:00:16.5166146Z ##[error]Process completed with exit code 101.
Test Userspace Execution	Upload logs on failure	﻿2025-07-24T13:00:16.5225397Z ##[group]Run actions/upload-artifact@v4
Test Userspace Execution	Upload logs on failure	2025-07-24T13:00:16.5225658Z with:
Test Userspace Execution	Upload logs on failure	2025-07-24T13:00:16.5225825Z   name: test-logs
Test Userspace Execution	Upload logs on failure	2025-07-24T13:00:16.5226015Z   path: test_output.log
Test Userspace Execution	Upload logs on failure	logs/*.log
Test Userspace Execution	Upload logs on failure	2025-07-24T13:00:16.5226249Z   if-no-files-found: warn
Test Userspace Execution	Upload logs on failure	2025-07-24T13:00:16.5226448Z   compression-level: 6
Test Userspace Execution	Upload logs on failure	2025-07-24T13:00:16.5226626Z   overwrite: false
Test Userspace Execution	Upload logs on failure	2025-07-24T13:00:16.5226810Z   include-hidden-files: false
Test Userspace Execution	Upload logs on failure	2025-07-24T13:00:16.5227003Z env:
Test Userspace Execution	Upload logs on failure	2025-07-24T13:00:16.5227154Z   RUST_BACKTRACE: 1
Test Userspace Execution	Upload logs on failure	2025-07-24T13:00:16.5227333Z   CARGO_HOME: /home/runner/.cargo
Test Userspace Execution	Upload logs on failure	2025-07-24T13:00:16.5227549Z   CARGO_INCREMENTAL: 0
Test Userspace Execution	Upload logs on failure	2025-07-24T13:00:16.5227727Z   CARGO_TERM_COLOR: always
Test Userspace Execution	Upload logs on failure	2025-07-24T13:00:16.5227916Z ##[endgroup]
Test Userspace Execution	Upload logs on failure	2025-07-24T13:00:16.7327402Z Multiple search paths detected. Calculating the least common ancestor of all paths
Test Userspace Execution	Upload logs on failure	2025-07-24T13:00:16.7331994Z The least common ancestor is /home/runner/work/breenix/breenix. This will be the root directory of the artifact
Test Userspace Execution	Upload logs on failure	2025-07-24T13:00:16.7347290Z ##[warning]No files were found with the provided path: test_output.log
Test Userspace Execution	Upload logs on failure	logs/*.log. No artifacts will be uploaded.
Test Userspace Execution	Post Checkout code	﻿2025-07-24T13:00:16.7462018Z Post job cleanup.
Test Userspace Execution	Post Checkout code	2025-07-24T13:00:16.8382969Z [command]/usr/bin/git version
Test Userspace Execution	Post Checkout code	2025-07-24T13:00:16.8417883Z git version 2.50.1
Test Userspace Execution	Post Checkout code	2025-07-24T13:00:16.8460914Z Temporarily overriding HOME='/home/runner/work/_temp/f88592b8-c824-4b9c-ad13-15d257318b53' before making global git config changes
Test Userspace Execution	Post Checkout code	2025-07-24T13:00:16.8462163Z Adding repository directory to the temporary git global config as a safe directory
Test Userspace Execution	Post Checkout code	2025-07-24T13:00:16.8467305Z [command]/usr/bin/git config --global --add safe.directory /home/runner/work/breenix/breenix
Test Userspace Execution	Post Checkout code	2025-07-24T13:00:16.8501515Z [command]/usr/bin/git config --local --name-only --get-regexp core\.sshCommand
Test Userspace Execution	Post Checkout code	2025-07-24T13:00:16.8533375Z [command]/usr/bin/git submodule foreach --recursive sh -c "git config --local --name-only --get-regexp 'core\.sshCommand' && git config --local --unset-all 'core.sshCommand' || :"
Test Userspace Execution	Post Checkout code	2025-07-24T13:00:16.8752411Z [command]/usr/bin/git config --local --name-only --get-regexp http\.https\:\/\/github\.com\/\.extraheader
Test Userspace Execution	Post Checkout code	2025-07-24T13:00:16.8772264Z http.https://github.com/.extraheader
Test Userspace Execution	Post Checkout code	2025-07-24T13:00:16.8784459Z [command]/usr/bin/git config --local --unset-all http.https://github.com/.extraheader
Test Userspace Execution	Post Checkout code	2025-07-24T13:00:16.8813708Z [command]/usr/bin/git submodule foreach --recursive sh -c "git config --local --name-only --get-regexp 'http\.https\:\/\/github\.com\/\.extraheader' && git config --local --unset-all 'http.https://github.com/.extraheader' || :"
Test Userspace Execution	Complete job	﻿2025-07-24T13:00:16.9138727Z Cleaning up orphan processes
